
 Start         Length     Name                   Class
 0001:00000000 000F93ECH .text                   CODE
 0002:00000000 00009844H .data                   DATA
 0002:00009844 00001099H .bss                    BSS


Detailed map of segments

 0001:00000000 00006377 C=CODE     S=.text    G=(none)   M=System   ACBP=A9
 0001:00006378 00000140 C=CODE     S=.text    G=(none)   M=SysInit  ACBP=A9
 0001:000064B8 000000BC C=CODE     S=.text    G=(none)   M=Types    ACBP=A9
 0001:00006574 00000E70 C=CODE     S=.text    G=(none)   M=Windows  ACBP=A9
 0001:000073E4 00000038 C=CODE     S=.text    G=(none)   M=Messages ACBP=A9
 0001:0000741C 00000388 C=CODE     S=.text    G=(none)   M=SysConst ACBP=A9
 0001:000077A4 00007574 C=CODE     S=.text    G=(none)   M=SysUtils ACBP=A9
 0001:0000ED18 00000823 C=CODE     S=.text    G=(none)   M=VarUtils ACBP=A9
 0001:0000F53C 00009D92 C=CODE     S=.text    G=(none)   M=Variants ACBP=A9
 0001:000192D0 00000178 C=CODE     S=.text    G=(none)   M=RTLConsts ACBP=A9
 0001:00019448 0000192C C=CODE     S=.text    G=(none)   M=TypInfo  ACBP=A9
 0001:0001AD74 000000F4 C=CODE     S=.text    G=(none)   M=ActiveX  ACBP=A9
 0001:0001AE68 0000D87E C=CODE     S=.text    G=(none)   M=Classes  ACBP=A9
 0001:000286E8 00000310 C=CODE     S=.text    G=(none)   M=Consts   ACBP=A9
 0001:000289F8 0000917F C=CODE     S=.text    G=(none)   M=Graphics ACBP=A9
 0001:00031B78 000000C8 C=CODE     S=.text    G=(none)   M=Math     ACBP=A9
 0001:00031C40 00000564 C=CODE     S=.text    G=(none)   M=Contnrs  ACBP=A9
 0001:000321A4 000005C8 C=CODE     S=.text    G=(none)   M=CommCtrl ACBP=A9
 0001:0003276C 00000787 C=CODE     S=.text    G=(none)   M=MultiMon ACBP=A9
 0001:00032EF4 00000038 C=CODE     S=.text    G=(none)   M=Imm      ACBP=A9
 0001:00032F2C 00000FF8 C=CODE     S=.text    G=(none)   M=HelpIntfs ACBP=A9
 0001:00033F24 00000038 C=CODE     S=.text    G=(none)   M=WinSpool ACBP=A9
 0001:00033F5C 00000044 C=CODE     S=.text    G=(none)   M=Printers ACBP=A9
 0001:00033FA0 0000031F C=CODE     S=.text    G=(none)   M=FlatSB   ACBP=A9
 0001:000342C0 000001A4 C=CODE     S=.text    G=(none)   M=SyncObjs ACBP=A9
 0001:00034464 000009BB C=CODE     S=.text    G=(none)   M=UxTheme  ACBP=A9
 0001:00034E20 00000038 C=CODE     S=.text    G=(none)   M=RichEdit ACBP=A9
 0001:00034E58 00000038 C=CODE     S=.text    G=(none)   M=ToolWin  ACBP=A9
 0001:00034E90 00000038 C=CODE     S=.text    G=(none)   M=ShellAPI ACBP=A9
 0001:00034EC8 00000038 C=CODE     S=.text    G=(none)   M=RegStr   ACBP=A9
 0001:00034F00 00000038 C=CODE     S=.text    G=(none)   M=WinInet  ACBP=A9
 0001:00034F38 00000038 C=CODE     S=.text    G=(none)   M=UrlMon   ACBP=A9
 0001:00034F70 0000006C C=CODE     S=.text    G=(none)   M=ShlObj   ACBP=A9
 0001:00034FDC 00000038 C=CODE     S=.text    G=(none)   M=CommDlg  ACBP=A9
 0001:00035014 00000038 C=CODE     S=.text    G=(none)   M=Dlgs     ACBP=A9
 0001:0003504C 000012E5 C=CODE     S=.text    G=(none)   M=Dialogs  ACBP=A9
 0001:00036334 00002B3E C=CODE     S=.text    G=(none)   M=ExtCtrls ACBP=A9
 0001:00038E74 00000048 C=CODE     S=.text    G=(none)   M=ComStrs  ACBP=A9
 0001:00038EBC 0000069C C=CODE     S=.text    G=(none)   M=Clipbrd  ACBP=A9
 0001:00039558 00000038 C=CODE     S=.text    G=(none)   M=StrUtils ACBP=A9
 0001:00039590 00002731 C=CODE     S=.text    G=(none)   M=Buttons  ACBP=A9
 0001:0003BCC4 00000038 C=CODE     S=.text    G=(none)   M=ExtDlgs  ACBP=A9
 0001:0003BCFC 00001028 C=CODE     S=.text    G=(none)   M=IniFiles ACBP=A9
 0001:0003CD24 00000068 C=CODE     S=.text    G=(none)   M=Registry ACBP=A9
 0001:0003CD8C 0000006C C=CODE     S=.text    G=(none)   M=Mapi     ACBP=A9
 0001:0003CDF8 00000058 C=CODE     S=.text    G=(none)   M=ExtActns ACBP=A9
 0001:0003CE50 00001C44 C=CODE     S=.text    G=(none)   M=ListActns ACBP=A9
 0001:0003EA94 0000ABF8 C=CODE     S=.text    G=(none)   M=ComCtrls ACBP=A9
 0001:0004968C 00000C54 C=CODE     S=.text    G=(none)   M=Themes   ACBP=A9
 0001:0004A2E0 00008F48 C=CODE     S=.text    G=(none)   M=StdCtrls ACBP=A9
 0001:00053228 00000168 C=CODE     S=.text    G=(none)   M=StdActns ACBP=A9
 0001:00053390 00000D1F C=CODE     S=.text    G=(none)   M=WinHelpViewer ACBP=A9
 0001:000540B0 0001144F C=CODE     S=.text    G=(none)   M=Controls ACBP=A9
 0001:00065500 0000136A C=CODE     S=.text    G=(none)   M=ActnList ACBP=A9
 0001:0006686C 00001B9C C=CODE     S=.text    G=(none)   M=ImgList  ACBP=A9
 0001:00068408 000066AD C=CODE     S=.text    G=(none)   M=Menus    ACBP=A9
 0001:0006EAB8 0000C7C0 C=CODE     S=.text    G=(none)   M=Forms    ACBP=A9
 0001:0007B278 00000A4C C=CODE     S=.text    G=(none)   M=MaskUtils ACBP=A9
 0001:0007BCC4 00000070 C=CODE     S=.text    G=(none)   M=DateUtils ACBP=A9
 0001:0007BD34 00000278 C=CODE     S=.text    G=(none)   M=DBConsts ACBP=A9
 0001:0007BFAC 00000F73 C=CODE     S=.text    G=(none)   M=SqlTimSt ACBP=A9
 0001:0007CF20 00004AFB C=CODE     S=.text    G=(none)   M=FMTBcd   ACBP=A9
 0001:00081A1C 00000060 C=CODE     S=.text    G=(none)   M=ComConst ACBP=A9
 0001:00081A7C 000011B5 C=CODE     S=.text    G=(none)   M=ComObj   ACBP=A9
 0001:00082C34 000152A8 C=CODE     S=.text    G=(none)   M=DB       ACBP=A9
 0001:00097EDC 000045D8 C=CODE     S=.text    G=(none)   M=DBCommon ACBP=A9
 0001:0009C4B4 00000038 C=CODE     S=.text    G=(none)   M=WinSock  ACBP=A9
 0001:0009C4EC 000006E8 C=CODE     S=.text    G=(none)   M=mySQLCP  ACBP=A9
 0001:0009CBD4 00000038 C=CODE     S=.text    G=(none)   M=uMyDMCT  ACBP=A9
 0001:0009CC0C 00000460 C=CODE     S=.text    G=(none)   M=uMyDMErrors ACBP=A9
 0001:0009D06C 000009B0 C=CODE     S=.text    G=(none)   M=uMyDMSSL ACBP=A9
 0001:0009DA1C 00001437 C=CODE     S=.text    G=(none)   M=uMyDMVio ACBP=A9
 0001:0009EE54 00009954 C=CODE     S=.text    G=(none)   M=uMyDMNet ACBP=A9
 0001:000A87A8 0000055C C=CODE     S=.text    G=(none)   M=umyDMsha1 ACBP=A9
 0001:000A8D04 00000968 C=CODE     S=.text    G=(none)   M=uMyDMNewPassword ACBP=A9
 0001:000A966C 000002D4 C=CODE     S=.text    G=(none)   M=uMyDMHelpers ACBP=A9
 0001:000A9940 00003CBC C=CODE     S=.text    G=(none)   M=uMyDMClient ACBP=A9
 0001:000AD5FC 00002D64 C=CODE     S=.text    G=(none)   M=mySQLTypes ACBP=A9
 0001:000B0360 00000038 C=CODE     S=.text    G=(none)   M=SMINTF   ACBP=A9
 0001:000B0398 000000B8 C=CODE     S=.text    G=(none)   M=VDBConsts ACBP=A9
 0001:000B0450 00000728 C=CODE     S=.text    G=(none)   M=DBLogDlg ACBP=A9
 0001:000B0B78 00000078 C=CODE     S=.text    G=(none)   M=bdeconst ACBP=A9
 0001:000B0BF0 00000038 C=CODE     S=.text    G=(none)   M=mysqlAboutFrm ACBP=A9
 0001:000B0C28 00001B73 C=CODE     S=.text    G=(none)   M=MySQLMonitor ACBP=A9
 0001:000B279C 0000CDCC C=CODE     S=.text    G=(none)   M=mySQLAccess ACBP=A9
 0001:000BF568 0000A968 C=CODE     S=.text    G=(none)   M=mySQLDbTables ACBP=A9
 0001:000C9ED0 00002108 C=CODE     S=.text    G=(none)   M=Mask     ACBP=A9
 0001:000CBFD8 00008120 C=CODE     S=.text    G=(none)   M=Grids    ACBP=A9
 0001:000D40F8 00000531 C=CODE     S=.text    G=(none)   M=DBPWDlg  ACBP=A9
 0001:000D462C 00004A08 C=CODE     S=.text    G=(none)   M=DBCtrls  ACBP=A9
 0001:000D9034 00008D28 C=CODE     S=.text    G=(none)   M=DBGrids  ACBP=A9
 0001:000E1D5C 00001247 C=CODE     S=.text    G=(none)   M=AppEvnts ACBP=A9
 0001:000E2FA4 000003CC C=CODE     S=.text    G=(none)   M=uHelper  ACBP=A9
 0001:000E3370 00000DA8 C=CODE     S=.text    G=(none)   M=uDM      ACBP=A9
 0001:000E4118 000010DC C=CODE     S=.text    G=(none)   M=uFrmDosen ACBP=A9
 0001:000E51F4 000011A4 C=CODE     S=.text    G=(none)   M=uFrmMataKuliah ACBP=A9
 0001:000E6398 00000DD0 C=CODE     S=.text    G=(none)   M=uFrmRuang ACBP=A9
 0001:000E7168 000019F4 C=CODE     S=.text    G=(none)   M=uFrmDateTime ACBP=A9
 0001:000E8B5C 00000218 C=CODE     S=.text    G=(none)   M=MyDBLookupComboBox ACBP=A9
 0001:000E8D74 00000AB8 C=CODE     S=.text    G=(none)   M=uFrmWaktuTidakBersedia ACBP=A9
 0001:000E982C 000014D4 C=CODE     S=.text    G=(none)   M=uFrmPengampu ACBP=A9
 0001:000EAD00 00001BFC C=CODE     S=.text    G=(none)   M=Spin     ACBP=A9
 0001:000EC8FC 000001C8 C=CODE     S=.text    G=(none)   M=uType    ACBP=A9
 0001:000ECAC4 00000BBC C=CODE     S=.text    G=(none)   M=BackgroundWorker ACBP=A9
 0001:000ED680 00000038 C=CODE     S=.text    G=(none)   M=uRandom  ACBP=A9
 0001:000ED6B8 000044E8 C=CODE     S=.text    G=(none)   M=uGenetik ACBP=A9
 0001:000F1BA0 00000040 C=CODE     S=.text    G=(none)   M=OleConst ACBP=A9
 0001:000F1BE0 00000916 C=CODE     S=.text    G=(none)   M=OleServer ACBP=A9
 0001:000F24F8 00000038 C=CODE     S=.text    G=(none)   M=StdVCL   ACBP=A9
 0001:000F2530 00000038 C=CODE     S=.text    G=(none)   M=OfficeXP ACBP=A9
 0001:000F2568 00000038 C=CODE     S=.text    G=(none)   M=VBIDEXP  ACBP=A9
 0001:000F25A0 00003A80 C=CODE     S=.text    G=(none)   M=ExcelXP  ACBP=A9
 0001:000F6020 00001208 C=CODE     S=.text    G=(none)   M=uSaveToXL ACBP=A9
 0001:000F7228 000000CC C=CODE     S=.text    G=(none)   M=uEnc     ACBP=A9
 0001:000F72F4 0000160C C=CODE     S=.text    G=(none)   M=uFrmProcess ACBP=A9
 0001:000F8900 0000061C C=CODE     S=.text    G=(none)   M=uFrmMain ACBP=A9
 0001:000F8F1C 000004CF C=CODE     S=.text    G=(none)   M=penjadwalan ACBP=A9
 0002:00000000 000000CC C=DATA     S=.data    G=DGROUP   M=System   ACBP=A9
 0002:000000CC 00000020 C=DATA     S=.data    G=DGROUP   M=SysInit  ACBP=A9
 0002:000000EC 00000274 C=DATA     S=.data    G=DGROUP   M=SysUtils ACBP=A9
 0002:00000360 00000110 C=DATA     S=.data    G=DGROUP   M=VarUtils ACBP=A9
 0002:00000470 000001BA C=DATA     S=.data    G=DGROUP   M=Variants ACBP=A9
 0002:0000062C 0000000C C=DATA     S=.data    G=DGROUP   M=TypInfo  ACBP=A9
 0002:00000638 00000010 C=DATA     S=.data    G=DGROUP   M=ActiveX  ACBP=A9
 0002:00000648 00000100 C=DATA     S=.data    G=DGROUP   M=Classes  ACBP=A9
 0002:00000748 00000304 C=DATA     S=.data    G=DGROUP   M=Graphics ACBP=A9
 0002:00000A4C 00000004 C=DATA     S=.data    G=DGROUP   M=Printers ACBP=A9
 0002:00000A50 00000010 C=DATA     S=.data    G=DGROUP   M=ShlObj   ACBP=A9
 0002:00000A60 000000B4 C=DATA     S=.data    G=DGROUP   M=Dialogs  ACBP=A9
 0002:00000B14 0000018C C=DATA     S=.data    G=DGROUP   M=ExtCtrls ACBP=A9
 0002:00000CA0 00000046 C=DATA     S=.data    G=DGROUP   M=Buttons  ACBP=A9
 0002:00000CE8 00000008 C=DATA     S=.data    G=DGROUP   M=IniFiles ACBP=A9
 0002:00000CF0 00000008 C=DATA     S=.data    G=DGROUP   M=Registry ACBP=A9
 0002:00000CF8 00000008 C=DATA     S=.data    G=DGROUP   M=Mapi     ACBP=A9
 0002:00000D00 000000F4 C=DATA     S=.data    G=DGROUP   M=ComCtrls ACBP=A9
 0002:00000DF4 00000068 C=DATA     S=.data    G=DGROUP   M=Themes   ACBP=A9
 0002:00000E5C 00000100 C=DATA     S=.data    G=DGROUP   M=StdCtrls ACBP=A9
 0002:00000F5C 0000013C C=DATA     S=.data    G=DGROUP   M=Controls ACBP=A9
 0002:00001098 00000020 C=DATA     S=.data    G=DGROUP   M=ImgList  ACBP=A9
 0002:000010B8 000000EC C=DATA     S=.data    G=DGROUP   M=Menus    ACBP=A9
 0002:000011A4 0000011C C=DATA     S=.data    G=DGROUP   M=Forms    ACBP=A9
 0002:000012C0 00000009 C=DATA     S=.data    G=DGROUP   M=MaskUtils ACBP=A9
 0002:000012CC 0000003C C=DATA     S=.data    G=DGROUP   M=SqlTimSt ACBP=A9
 0002:00001308 00000065 C=DATA     S=.data    G=DGROUP   M=FMTBcd   ACBP=A9
 0002:00001370 00000030 C=DATA     S=.data    G=DGROUP   M=ComObj   ACBP=A9
 0002:000013A0 0000021E C=DATA     S=.data    G=DGROUP   M=DB       ACBP=A9
 0002:000015C0 0000001C C=DATA     S=.data    G=DGROUP   M=DBCommon ACBP=A9
 0002:000015DC 00005600 C=DATA     S=.data    G=DGROUP   M=mySQLCP  ACBP=A9
 0002:00006BDC 00000054 C=DATA     S=.data    G=DGROUP   M=uMyDMErrors ACBP=A9
 0002:00006C30 00000054 C=DATA     S=.data    G=DGROUP   M=uMyDMSSL ACBP=A9
 0002:00006C84 00002140 C=DATA     S=.data    G=DGROUP   M=uMyDMNet ACBP=A9
 0002:00008DC4 00000024 C=DATA     S=.data    G=DGROUP   M=umyDMsha1 ACBP=A9
 0002:00008DE8 00000100 C=DATA     S=.data    G=DGROUP   M=mySQLTypes ACBP=A9
 0002:00008EE8 00000018 C=DATA     S=.data    G=DGROUP   M=MySQLMonitor ACBP=A9
 0002:00008F00 0000000C C=DATA     S=.data    G=DGROUP   M=mySQLAccess ACBP=A9
 0002:00008F0C 00000090 C=DATA     S=.data    G=DGROUP   M=mySQLDbTables ACBP=A9
 0002:00008F9C 00000004 C=DATA     S=.data    G=DGROUP   M=Mask     ACBP=A9
 0002:00008FA0 0000002C C=DATA     S=.data    G=DGROUP   M=DBCtrls  ACBP=A9
 0002:00008FCC 00000028 C=DATA     S=.data    G=DGROUP   M=DBGrids  ACBP=A9
 0002:00008FF4 00000004 C=DATA     S=.data    G=DGROUP   M=AppEvnts ACBP=A9
 0002:00008FF8 000000B4 C=DATA     S=.data    G=DGROUP   M=ExcelXP  ACBP=A9
 0002:0000A000 00000664 C=BSS      S=.bss     G=DGROUP   M=System   ACBP=A9
 0002:0000A664 00000010 C=BSS      S=.bss     G=DGROUP   M=SysInit  ACBP=A9
 0002:0000A674 00000004 C=BSS      S=.bss     G=DGROUP   M=Types    ACBP=A9
 0002:0000A678 00000004 C=BSS      S=.bss     G=DGROUP   M=Windows  ACBP=A9
 0002:0000A67C 00000004 C=BSS      S=.bss     G=DGROUP   M=Messages ACBP=A9
 0002:0000A680 00000004 C=BSS      S=.bss     G=DGROUP   M=SysConst ACBP=A9
 0002:0000A684 00000120 C=BSS      S=.bss     G=DGROUP   M=SysUtils ACBP=A9
 0002:0000A7A4 0000005C C=BSS      S=.bss     G=DGROUP   M=VarUtils ACBP=A9
 0002:0000A800 00000040 C=BSS      S=.bss     G=DGROUP   M=Variants ACBP=A9
 0002:0000A840 00000004 C=BSS      S=.bss     G=DGROUP   M=RTLConsts ACBP=A9
 0002:0000A844 00000004 C=BSS      S=.bss     G=DGROUP   M=TypInfo  ACBP=A9
 0002:0000A848 00000004 C=BSS      S=.bss     G=DGROUP   M=ActiveX  ACBP=A9
 0002:0000A84C 00000044 C=BSS      S=.bss     G=DGROUP   M=Classes  ACBP=A9
 0002:0000A890 00000004 C=BSS      S=.bss     G=DGROUP   M=Consts   ACBP=A9
 0002:0000A894 00000060 C=BSS      S=.bss     G=DGROUP   M=Graphics ACBP=A9
 0002:0000A8F4 00000004 C=BSS      S=.bss     G=DGROUP   M=Math     ACBP=A9
 0002:0000A8F8 00000004 C=BSS      S=.bss     G=DGROUP   M=Contnrs  ACBP=A9
 0002:0000A8FC 0000000C C=BSS      S=.bss     G=DGROUP   M=CommCtrl ACBP=A9
 0002:0000A908 00000031 C=BSS      S=.bss     G=DGROUP   M=MultiMon ACBP=A9
 0002:0000A93C 00000004 C=BSS      S=.bss     G=DGROUP   M=Imm      ACBP=A9
 0002:0000A940 00000008 C=BSS      S=.bss     G=DGROUP   M=HelpIntfs ACBP=A9
 0002:0000A948 00000004 C=BSS      S=.bss     G=DGROUP   M=WinSpool ACBP=A9
 0002:0000A94C 00000004 C=BSS      S=.bss     G=DGROUP   M=Printers ACBP=A9
 0002:0000A950 00000034 C=BSS      S=.bss     G=DGROUP   M=FlatSB   ACBP=A9
 0002:0000A984 00000004 C=BSS      S=.bss     G=DGROUP   M=SyncObjs ACBP=A9
 0002:0000A988 000000CC C=BSS      S=.bss     G=DGROUP   M=UxTheme  ACBP=A9
 0002:0000AA54 00000004 C=BSS      S=.bss     G=DGROUP   M=RichEdit ACBP=A9
 0002:0000AA58 00000004 C=BSS      S=.bss     G=DGROUP   M=ToolWin  ACBP=A9
 0002:0000AA5C 00000004 C=BSS      S=.bss     G=DGROUP   M=ShellAPI ACBP=A9
 0002:0000AA60 00000004 C=BSS      S=.bss     G=DGROUP   M=RegStr   ACBP=A9
 0002:0000AA64 00000004 C=BSS      S=.bss     G=DGROUP   M=WinInet  ACBP=A9
 0002:0000AA68 00000004 C=BSS      S=.bss     G=DGROUP   M=UrlMon   ACBP=A9
 0002:0000AA6C 00000004 C=BSS      S=.bss     G=DGROUP   M=ShlObj   ACBP=A9
 0002:0000AA70 00000004 C=BSS      S=.bss     G=DGROUP   M=CommDlg  ACBP=A9
 0002:0000AA74 00000004 C=BSS      S=.bss     G=DGROUP   M=Dlgs     ACBP=A9
 0002:0000AA78 00000038 C=BSS      S=.bss     G=DGROUP   M=Dialogs  ACBP=A9
 0002:0000AAB0 00000004 C=BSS      S=.bss     G=DGROUP   M=ExtCtrls ACBP=A9
 0002:0000AAB4 00000004 C=BSS      S=.bss     G=DGROUP   M=ComStrs  ACBP=A9
 0002:0000AAB8 0000000C C=BSS      S=.bss     G=DGROUP   M=Clipbrd  ACBP=A9
 0002:0000AAC4 00000004 C=BSS      S=.bss     G=DGROUP   M=StrUtils ACBP=A9
 0002:0000AAC8 00000030 C=BSS      S=.bss     G=DGROUP   M=Buttons  ACBP=A9
 0002:0000AAF8 00000004 C=BSS      S=.bss     G=DGROUP   M=ExtDlgs  ACBP=A9
 0002:0000AAFC 00000004 C=BSS      S=.bss     G=DGROUP   M=IniFiles ACBP=A9
 0002:0000AB00 00000004 C=BSS      S=.bss     G=DGROUP   M=Registry ACBP=A9
 0002:0000AB04 00000004 C=BSS      S=.bss     G=DGROUP   M=Mapi     ACBP=A9
 0002:0000AB08 00000009 C=BSS      S=.bss     G=DGROUP   M=ExtActns ACBP=A9
 0002:0000AB14 00000004 C=BSS      S=.bss     G=DGROUP   M=ListActns ACBP=A9
 0002:0000AB18 00000015 C=BSS      S=.bss     G=DGROUP   M=ComCtrls ACBP=A9
 0002:0000AB30 00000008 C=BSS      S=.bss     G=DGROUP   M=Themes   ACBP=A9
 0002:0000AB38 00000004 C=BSS      S=.bss     G=DGROUP   M=StdCtrls ACBP=A9
 0002:0000AB3C 00000004 C=BSS      S=.bss     G=DGROUP   M=StdActns ACBP=A9
 0002:0000AB40 00000014 C=BSS      S=.bss     G=DGROUP   M=WinHelpViewer ACBP=A9
 0002:0000AB54 00000080 C=BSS      S=.bss     G=DGROUP   M=Controls ACBP=A9
 0002:0000ABD4 00000004 C=BSS      S=.bss     G=DGROUP   M=ActnList ACBP=A9
 0002:0000ABD8 0000000C C=BSS      S=.bss     G=DGROUP   M=ImgList  ACBP=A9
 0002:0000ABE4 00000010 C=BSS      S=.bss     G=DGROUP   M=Menus    ACBP=A9
 0002:0000ABF4 00000020 C=BSS      S=.bss     G=DGROUP   M=Forms    ACBP=A9
 0002:0000AC14 00000004 C=BSS      S=.bss     G=DGROUP   M=MaskUtils ACBP=A9
 0002:0000AC18 00000004 C=BSS      S=.bss     G=DGROUP   M=DateUtils ACBP=A9
 0002:0000AC1C 00000004 C=BSS      S=.bss     G=DGROUP   M=DBConsts ACBP=A9
 0002:0000AC20 00000004 C=BSS      S=.bss     G=DGROUP   M=SqlTimSt ACBP=A9
 0002:0000AC24 00000004 C=BSS      S=.bss     G=DGROUP   M=FMTBcd   ACBP=A9
 0002:0000AC28 00000004 C=BSS      S=.bss     G=DGROUP   M=ComConst ACBP=A9
 0002:0000AC2C 00000011 C=BSS      S=.bss     G=DGROUP   M=ComObj   ACBP=A9
 0002:0000AC40 00000020 C=BSS      S=.bss     G=DGROUP   M=DB       ACBP=A9
 0002:0000AC60 00000004 C=BSS      S=.bss     G=DGROUP   M=DBCommon ACBP=A9
 0002:0000AC64 00000004 C=BSS      S=.bss     G=DGROUP   M=WinSock  ACBP=A9
 0002:0000AC68 00000004 C=BSS      S=.bss     G=DGROUP   M=mySQLCP  ACBP=A9
 0002:0000AC6C 00000004 C=BSS      S=.bss     G=DGROUP   M=uMyDMCT  ACBP=A9
 0002:0000AC70 00000004 C=BSS      S=.bss     G=DGROUP   M=uMyDMErrors ACBP=A9
 0002:0000AC74 000000B0 C=BSS      S=.bss     G=DGROUP   M=uMyDMSSL ACBP=A9
 0002:0000AD24 00000194 C=BSS      S=.bss     G=DGROUP   M=uMyDMVio ACBP=A9
 0002:0000AEB8 00000004 C=BSS      S=.bss     G=DGROUP   M=uMyDMNet ACBP=A9
 0002:0000AEBC 00000004 C=BSS      S=.bss     G=DGROUP   M=umyDMsha1 ACBP=A9
 0002:0000AEC0 00000004 C=BSS      S=.bss     G=DGROUP   M=uMyDMNewPassword ACBP=A9
 0002:0000AEC4 00000004 C=BSS      S=.bss     G=DGROUP   M=uMyDMHelpers ACBP=A9
 0002:0000AEC8 00000004 C=BSS      S=.bss     G=DGROUP   M=uMyDMClient ACBP=A9
 0002:0000AECC 0000000C C=BSS      S=.bss     G=DGROUP   M=mySQLTypes ACBP=A9
 0002:0000AED8 00000004 C=BSS      S=.bss     G=DGROUP   M=SMINTF   ACBP=A9
 0002:0000AEDC 00000004 C=BSS      S=.bss     G=DGROUP   M=VDBConsts ACBP=A9
 0002:0000AEE0 00000004 C=BSS      S=.bss     G=DGROUP   M=DBLogDlg ACBP=A9
 0002:0000AEE4 00000004 C=BSS      S=.bss     G=DGROUP   M=bdeconst ACBP=A9
 0002:0000AEE8 00000004 C=BSS      S=.bss     G=DGROUP   M=mysqlAboutFrm ACBP=A9
 0002:0000AEEC 000000AD C=BSS      S=.bss     G=DGROUP   M=MySQLMonitor ACBP=A9
 0002:0000AF9C 00000004 C=BSS      S=.bss     G=DGROUP   M=mySQLAccess ACBP=A9
 0002:0000AFA0 0000003D C=BSS      S=.bss     G=DGROUP   M=mySQLDbTables ACBP=A9
 0002:0000AFE0 00000004 C=BSS      S=.bss     G=DGROUP   M=Mask     ACBP=A9
 0002:0000AFE4 00000004 C=BSS      S=.bss     G=DGROUP   M=Grids    ACBP=A9
 0002:0000AFE8 00000004 C=BSS      S=.bss     G=DGROUP   M=DBPWDlg  ACBP=A9
 0002:0000AFEC 00000004 C=BSS      S=.bss     G=DGROUP   M=DBCtrls  ACBP=A9
 0002:0000AFF0 0000000C C=BSS      S=.bss     G=DGROUP   M=DBGrids  ACBP=A9
 0002:0000AFFC 00000004 C=BSS      S=.bss     G=DGROUP   M=AppEvnts ACBP=A9
 0002:0000B000 00000004 C=BSS      S=.bss     G=DGROUP   M=uHelper  ACBP=A9
 0002:0000B004 00000008 C=BSS      S=.bss     G=DGROUP   M=uDM      ACBP=A9
 0002:0000B00C 00000008 C=BSS      S=.bss     G=DGROUP   M=uFrmDosen ACBP=A9
 0002:0000B014 0000000C C=BSS      S=.bss     G=DGROUP   M=uFrmMataKuliah ACBP=A9
 0002:0000B020 0000000C C=BSS      S=.bss     G=DGROUP   M=uFrmRuang ACBP=A9
 0002:0000B02C 00000010 C=BSS      S=.bss     G=DGROUP   M=uFrmDateTime ACBP=A9
 0002:0000B03C 00000004 C=BSS      S=.bss     G=DGROUP   M=MyDBLookupComboBox ACBP=A9
 0002:0000B040 00000008 C=BSS      S=.bss     G=DGROUP   M=uFrmWaktuTidakBersedia ACBP=A9
 0002:0000B048 0000000C C=BSS      S=.bss     G=DGROUP   M=uFrmPengampu ACBP=A9
 0002:0000B054 00000004 C=BSS      S=.bss     G=DGROUP   M=Spin     ACBP=A9
 0002:0000B058 00000004 C=BSS      S=.bss     G=DGROUP   M=uType    ACBP=A9
 0002:0000B05C 00000004 C=BSS      S=.bss     G=DGROUP   M=BackgroundWorker ACBP=A9
 0002:0000B060 00000004 C=BSS      S=.bss     G=DGROUP   M=uRandom  ACBP=A9
 0002:0000B064 00000004 C=BSS      S=.bss     G=DGROUP   M=uGenetik ACBP=A9
 0002:0000B068 00000004 C=BSS      S=.bss     G=DGROUP   M=OleConst ACBP=A9
 0002:0000B06C 00000004 C=BSS      S=.bss     G=DGROUP   M=OleServer ACBP=A9
 0002:0000B070 00000004 C=BSS      S=.bss     G=DGROUP   M=StdVCL   ACBP=A9
 0002:0000B074 00000004 C=BSS      S=.bss     G=DGROUP   M=OfficeXP ACBP=A9
 0002:0000B078 00000004 C=BSS      S=.bss     G=DGROUP   M=VBIDEXP  ACBP=A9
 0002:0000B07C 00000004 C=BSS      S=.bss     G=DGROUP   M=ExcelXP  ACBP=A9
 0002:0000B080 00000004 C=BSS      S=.bss     G=DGROUP   M=uSaveToXL ACBP=A9
 0002:0000B084 00000004 C=BSS      S=.bss     G=DGROUP   M=uEnc     ACBP=A9
 0002:0000B088 00000008 C=BSS      S=.bss     G=DGROUP   M=uFrmProcess ACBP=A9
 0002:0000B090 00000008 C=BSS      S=.bss     G=DGROUP   M=uFrmMain ACBP=A9


  Address         Publics by Name

 0002:00007948       ..
 0001:000A7DA0       ..
 0002:00007858       ..
 0002:000077E0       ..
 0001:000A4C40       ..
 0001:000A209C       ..
 0002:00007914       ..
 0002:00006D74       ..
 0002:0000797C       ..
 0001:0009FBA4       ..
 0002:00006CBC       ..
 0002:00006CB4       ..
 0002:00006CAC       ..
 0002:0000AC64       .1
 0002:0000AEE4       .1
 0002:0000AD20       .1
 0002:0000AEDC       .1
 0002:0000AED8       .1
 0002:0000A66C       .1
 0002:0000AC28       .1
 0002:0000A928       .1
 0002:0000A93C       .1
 0002:0000AB04       .1
 0002:0000B070       .1
 0002:0000A970       .1
 0002:0000AAC4       .1
 0002:0000AEC4       .1
 0002:0000AEC0       .1
 0002:0000AEBC       .1
 0002:0000AAB4       .1
 0002:0000AA44       .1
 0002:0000AA54       .1
 0002:0000AA74       .1
 0002:0000AA70       .1
 0002:0000AA6C       .1
 0002:0000AA5C       .1
 0002:0000AA68       .1
 0002:0000A890       .1
 0002:0000B084       .1
 0002:0000AA64       .1
 0002:0000B080       .1
 0002:0000AA60       .1
 0002:0000AC6C       .1
 0002:0000B068       .1
 0002:0000AC68       .1
 0002:0000AB48       .1
 0002:0000B000       .1
 0002:0000A674       .1
 0002:0000A8FC       .1
 0002:0000A840       .1
 0002:0000AC18       .1
 0002:0000AC20       .1
 0002:0000A680       .1
 0002:0000A67C       .1
 0002:0000AC1C       .1
 0002:0000AA78       .11
 0002:0000AFE4       .11
 0002:0000AFA4       .11
 0002:0000A898       .12
 0002:0000AAB0       .12
 0002:0000B01C       .2
 0002:0000B064       .2
 0002:0000B044       .2
 0002:0000B038       .2
 0002:0000AB30       .2
 0002:0000AC70       .2
 0002:0000AEE8       .2
 0002:0000AEE0       .2
 0002:0000B050       .2
 0002:0000AD24       .2
 0002:0000B03C       .2
 0002:0000AFE8       .2
 0002:0000AEB8       .2
 0002:0000B028       .2
 0002:0000B094       .2
 0002:0000A940       .2
 0002:0000B08C       .2
 0002:0000AABC       .2
 0002:0000B060       .2
 0002:0000AC14       .2
 0002:0000B008       .2
 0002:0000A8F4       .2
 0002:0000B010       .2
 0002:0000A8F8       .21
 0002:0000AF9C       .21
 0002:0000AFEC       .22
 0002:0000AFFC       .3
 0002:0000AED4       .3
 0002:0000ABD8       .3
 0002:0000AEC8       .3
 0002:0000B06C       .3
 0002:0000A848       .3
 0002:0000AAF8       .3
 0002:0000AC24       .3
 0002:0000A94C       .3
 0002:0000A948       .3
 0002:0000AC60       .3
 0002:0000B05C       .3
 0002:0000A678       .3
 0002:0000A794       .35
 0002:0000AC5C       .36
 0002:0000AB18       .36
 0002:0000AAC8       .4
 0002:0000AA58       .4
 0002:0000AC2C       .41
 0002:0000ABFC       .41
 0002:0000AB38       .42
 0002:0000A858       .45
 0002:0000A5BC       .5
 0002:0000B058       .5
 0002:0000B074       .5
 0002:0000A7FC       .5
 0002:0000AB00       .5
 0002:0000AEEC       .5
 0002:0000B054       .5
 0002:0000AFE0       .5
 0002:0000B07C       .51
 0002:0000A844       .6
 0002:0000A984       .6
 0002:0000AB08       .72
 0002:0000AB5C       .72
 0002:0000AB3C       .73
 0002:0000AB14       .8
 0002:0000AAFC       .8
 0002:0000ABD4       .8
 0002:0000A820       .81
 0002:0000B078       .81
 0002:0000ABEC       .9
 0002:0000AFF0       .9
 0001:00002084       @AbstractError
 0001:000A1E64       @adler32
 0001:000033E8       @AfterConstruction
 0001:00002104       @Append
 0001:000031D4       @AsClass
 0001:00003DE4       @Assert
 0001:00002368       @Assign
 0001:00002618       @AStrCmp
 0001:000033F8       @BeforeDestruction
 0001:000024C4       @BlockRead
 0001:00002F4C       @BoundErr
 0001:00003220       @CallDynaInst
 0001:00005DB4       @CheckAutoResult
 0001:00003390       @ClassCreate
 0001:000033E0       @ClassDestroy
 0001:000024E4       @Close
 0001:000026EC       @CloseFile
 0001:00001D74       @Copy
 0001:00004C08       @CopyArray
 0001:00004AEC       @CopyRecord
 0001:000A0500       @deflate
 0001:000A0888       @deflateEnd
 0001:0009FD4C       @deflateInit_
 0001:00004D7C       @DispCallByIDError
 0001:00010598       @DispInvoke
 0001:00010290       @DispInvokeError
 0001:00004D10       @Dispose
 0001:00003874       @DoneExcept
 0001:000055A8       @DynArrayAddRef
 0001:00005580       @DynArrayAsg
 0001:00005544       @DynArrayClear
 0001:00005424       @DynArrayCopy
 0001:00005444       @DynArrayCopyRange
 0001:00005244       @DynArrayHigh
 0001:0000523C       @DynArrayLength
 0001:00005418       @DynArraySetLength
 0001:0000395C       @ExceptionHandler
 0001:00002688       @FillChar
 0001:00004AC8       @Finalize
 0001:000049DC       @FinalizeArray
 0001:00004990       @FinalizeRecord
 0001:00003238       @FindDynaInst
 0001:00002424       @Flush
 0001:00002F40       @FpuInit
 0001:00002E7C       @FpuMaskInit
 0001:00002030       @FRAC
 0001:00001BDC       @FreeMem
 0001:00001BAC       @GetMem
 0001:000063F0       @GetTls
 0001:00003DCC       @Halt
 0001:00003CEC       @Halt0
 0001:0000350C       @HandleAnyException
 0001:000037C0       @HandleFinally
 0001:00003638       @HandleOnException
 0001:000A4E7C       @inflate
 0001:000A4CA4       @inflateEnd
 0001:000A4E50       @inflateInit_
 0001:000A57CC       @inflate_blocks
 0001:000A6A3C       @inflate_blocks_free
 0001:000A56DC       @inflate_blocks_new
 0001:000A562C       @inflate_blocks_reset
 0001:000A6AD8       @inflate_blocks_sync_point
 0001:000A6B50       @inflate_codes
 0001:000A7848       @inflate_codes_free
 0001:000A6AEC       @inflate_codes_new
 0001:000A7868       @inflate_fast
 0001:000A85A4       @inflate_flush
 0001:000A6A94       @inflate_set_dictionary
 0001:000A8340       @inflate_trees_bits
 0001:000A83F0       @inflate_trees_dynamic
 0001:000A8564       @inflate_trees_fixed
 0001:0000643C       @InitExe
 0001:00004984       @Initialize
 0001:000048F0       @InitializeArray
 0001:000048C0       @InitializeRecord
 0001:00003BB0       @InitImports
 0001:00003B88       @InitResStringImports
 0001:00003B64       @InitResStrings
 0001:00005D18       @IntfAddRef
 0001:00005CE8       @IntfCast
 0001:00005CA4       @IntfClear
 0001:00005CBC       @IntfCopy
 0001:00004D74       @IntfDispCall
 0001:00002F54       @IntOver
 0001:000031B0       @IsClass
 0001:00002E4C       @isNECWindows
 0001:00004338       @LStrAddRef
 0001:00003EAC       @LStrArrayClr
 0001:00003EDC       @LStrAsg
 0001:00004150       @LStrCat
 0001:00004194       @LStrCat3
 0001:00004208       @LStrCatN
 0001:00003E88       @LStrClr
 0001:00004294       @LStrCmp
 0001:000043A8       @LStrCopy
 0001:000043E8       @LStrDelete
 0001:000040F8       @LStrFromArray
 0001:00004070       @LStrFromChar
 0001:00004080       @LStrFromPChar
 0001:00003F78       @LStrFromPCharLen
 0001:000040B0       @LStrFromPWChar
 0001:00003FE4       @LStrFromPWCharLen
 0001:000040EC       @LStrFromString
 0001:00004110       @LStrFromWStr
 0001:00004430       @LStrInsert
 0001:00003F20       @LStrLAsg
 0001:00004148       @LStrLen
 0001:00004538       @LStrOfChar
 0001:0000448C       @LStrPos
 0001:000044D4       @LStrSetLength
 0001:00004348       @LStrToPChar
 0001:00004124       @LStrToString
 0001:00004CFC       @New
 0001:00003F4C       @NewAnsiString
 0001:000045A8       @NewWideString
 0001:00014AEC       @OleVarFromInt
 0001:00014DF0       @OleVarFromLStr
 0001:00014EAC       @OleVarFromVar
 0001:00002B60       @Pow10
 0001:00002594       @PStrCmp
 0001:0000256C       @PStrCpy
 0001:0000253C       @PStrNCat
 0001:00002578       @PStrNCpy
 0001:00003820       @RaiseAgain
 0001:000037F8       @RaiseExcept
 0001:000026C4       @RandExt
 0001:000026A8       @RandInt
 0001:00001BFC       @ReallocMem
 0001:000027F4       @ResetFile
 0001:000020F8       @RewritText
 0001:00002054       @ROUND
 0001:00003DD8       @RunError
 0001:00002B24       @SetEq
 0001:00002B38       @SetExpand
 0001:00001FE0       @SetLength
 0001:00003B24       @StartExe
 0001:00004FFC       @Str0Int64
 0001:00002870       @Str0Long
 0001:00004F3C       @StrInt64
 0001:00000410       @strlen
 0001:00002810       @StrLong
 0001:00002060       @TRUNC
 0001:000038A4       @TryFinallyExit
 0001:000043A0       @UniqueStringA
 0001:00005018       @ValInt64
 0001:0000287C       @ValLong
 0001:000190F8       @VarAdd
 0001:00016FD4       @VarAddRef
 0001:00019128       @VarAnd
 0001:0001779C       @VarArrayGet
 0001:0001788C       @VarArrayPut
 0001:00010F08       @VarCast
 0001:0001057C       @VarClear
 0001:00010590       @VarClr
 0001:000049C4       @VarClr
 0001:0001914C       @VarCmpEQ
 0001:0001919C       @VarCmpGE
 0001:0001918C       @VarCmpGT
 0001:0001917C       @VarCmpLE
 0001:0001916C       @VarCmpLT
 0001:0001915C       @VarCmpNE
 0001:000109BC       @VarCopy
 0001:00004AD4       @VarCopy
 0001:00010C3C       @VarCopyNoInd
 0001:00014C80       @VarFromBool
 0001:00014B0C       @VarFromByte
 0001:00014CD0       @VarFromCurr
 0001:00014C28       @VarFromCurrency
 0001:00014C54       @VarFromDate
 0001:00014DC4       @VarFromDisp
 0001:00014BFC       @VarFromDouble
 0001:00014A90       @VarFromInt
 0001:00014BAC       @VarFromInt64
 0001:00014ACC       @VarFromInteger
 0001:00014D98       @VarFromIntf
 0001:00014B4C       @VarFromLongWord
 0001:00014CE4       @VarFromLStr
 0001:00014D10       @VarFromPStr
 0001:00014CA8       @VarFromReal
 0001:00014B6C       @VarFromShortInt
 0001:00014BD8       @VarFromSingle
 0001:00014B8C       @VarFromSmallInt
 0001:00014CBC       @VarFromTDateTime
 0001:00014B2C       @VarFromWord
 0001:00014D60       @VarFromWStr
 0001:0001911C       @VarMod
 0001:00019110       @VarMul
 0001:000168A4       @VarNeg
 0001:00016D54       @VarNot
 0001:000102E4       @VarNull
 0001:00015E0C       @VarOp
 0001:00019134       @VarOr
 0001:00019140       @VarRDiv
 0001:00010C50       @VarStringToOleStr
 0001:00019104       @VarSub
 0001:000126D4       @VarToBool
 0001:0001238C       @VarToBoolean
 0001:000117CC       @VarToByte
 0001:00013578       @VarToCurrency
 0001:00013010       @VarToDate
 0001:000149E4       @VarToDisp
 0001:000128A0       @VarToDouble
 0001:00011D90       @VarToInt64
 0001:000112CC       @VarToInteger
 0001:00014918       @VarToIntf
 0001:00011A44       @VarToLongWord
 0001:00013C2C       @VarToLStr
 0001:00012C1C       @VarToReal
 0001:0001171C       @VarToShortInt
 0001:00012C38       @VarToSingle
 0001:00011874       @VarToSmallInt
 0001:0001196C       @VarToWord
 0001:0001434C       @VarToWStr
 0001:00002A64       @Write0Char
 0001:00004564       @Write0LString
 0001:00002994       @WriteBytes
 0001:00002AA0       @WriteLn
 0001:00004580       @WriteLString
 0001:000029E8       @WriteSpaces
 0001:000045E8       @WStrArrayClr
 0001:0000460C       @WStrAsg
 0001:00004748       @WStrCat
 0001:000045D0       @WStrClr
 0001:000047A8       @WStrCmp
 0001:0000482C       @WStrCopy
 0001:0000471C       @WStrFromLStr
 0001:00004630       @WStrFromPCharLen
 0001:000046E0       @WStrFromPWChar
 0001:000046BC       @WStrFromPWCharLen
 0001:0000473C       @WStrLen
 0001:00004878       @WStrSetLength
 0001:0000472C       @WStrToPWChar
 0001:00002B00       @_CLenToPasStr
 0001:00002AF4       @_CToPasStr
 0001:00001D38       @_IOTest
 0001:00004DCC       @_lldiv
 0001:00004E48       @_llmod
 0001:00004EC4       @_llmodo
 0001:00004D84       @_llmul
 0001:00004DA8       @_llmulo
 0001:00004EFC       @_llshl
 0001:00004F1C       @_llushr
 0001:000A3AC0       @_tr_align
 0001:000A3E98       @_tr_flush_block
 0001:000A20A0       @_tr_init
 0001:000A39C0       @_tr_stored_block
 0001:0000C97C       Abort
 0001:00057274       AbsMin
 0001:0000CD48       AbstractErrorHandler
 0002:0000A02C       AbstractErrorProc
 0002:00000170       AccessMode
 0001:00001C98       AcquireExceptionObject
 0001:0001D6AC       ActivateClassGroup
 0001:000F8BFC       ActivateForm
 0001:00006BB0       ActivateKeyboardLayout
 0002:0000AB90       ActiveDrag
 0001:0001AE60       ActiveX
 0001:00066840       ActnList
 0001:00000580       AddBlockAfter
 0001:0007E06C       AddChars
 0001:00081114       AddCurrency
 0001:000808E4       AddCurrencySymbol
 0002:00000648       AddDataModule
 0001:000801F0       AddDigit
 0001:0000847C       AddExitProc
 0001:00098A74       AddField
 0001:00089E5C       AddFieldDefs
 0001:0008A0B8       AddFields
 0001:000DC5F8       AddFields
 0001:000C78F8       AddFieldToList
 0001:00021598       AddFinished
 0001:0006A03C       AddIn
 0001:00081404       AddLiterals
 0001:00005B0C       AddModuleUnloadProc
 0001:00005AFC       AddModuleUnloadProc
 0001:000809C4       AddNegCurrencySymbol
 0001:0007F758       AddNormalizedFractions
 0001:000215D0       AddNotFinished
 0001:000801D4       AddOneChar
 0001:0007E128       AddStrings
 0001:00021FF4       AddSubComponentsToLoaded
 0001:00026628       AddThread
 0002:00001300       AdjustAmt
 0002:000012F0       AdjustAmt
 0002:000012E8       AdjustAmt
 0002:000012F8       AdjustAmt
 0001:0002C620       AdjustColor
 0001:000386C0       AdjustColors
 0001:0007EB84       AdjustDecimalPosition
 0001:000B3314       AdjustDelphiField
 0001:000960C8       AdjustFirstRecord
 0001:00071280       Adjustment
 0001:000B30A4       AdjustNativeField
 0001:0007FAB0       AdjustNibbles
 0001:00006BB8       AdjustWindowRectEx
 0001:0000E09C       AL1
 0002:00000340       AL1s
 0001:0000E0AC       AL2
 0002:00000350       AL2s
 0002:00008FD0       AlignFlags
 0002:0000118C       Alignments
 0002:0000117C       Alignments
 0002:00000E64       Alignments
 0002:00000B1C       Alignments
 0001:0005C928       AlignWork
 0001:000781C4       AlignWork
 0001:000284C8       AllocateHWnd
 0001:00008420       AllocMem
 0002:0000A5B4       AllocMemCount
 0002:0000A5B8       AllocMemSize
 0001:00031970       AllocPatternBitmap
 0001:00006398       AllocTlsBuffer
 0001:000E3320       AlmostEquals
 0001:0000E0DC       ALR
 0001:0000E0C4       ALV
 0001:00024D7C       AncestorIsValid
 0002:00000F68       AnchorAlign
 0002:00000F5C       AnimateWindowProc
 0002:00001064       AnimationStyle
 0001:00008684       AnsiCompareStr
 0001:000086BC       AnsiCompareText
 0001:0000883C       AnsiExtractQuotedStr
 0001:00008FA8       AnsiLastChar
 0001:00006BC0       AnsiLower
 0001:00008650       AnsiLowerCase
 0001:0000D6A4       AnsiLowerCaseFileName
 0001:0000D668       AnsiPos
 0001:0006E8C4       AnsiSameCaption
 0001:000086F4       AnsiSameText
 0001:0000870C       AnsiStrComp
 0001:0000872C       AnsiStrIComp
 0001:0000874C       AnsiStrLComp
 0001:0000876C       AnsiStrLIComp
 0001:0000D730       AnsiStrPos
 0001:0000D7F0       AnsiStrRScan
 0001:0000D838       AnsiStrScan
 0001:00006134       AnsiToUtf8
 0001:0000861C       AnsiUpperCase
 0001:00015420       AnyOp
 0001:000148A0       AnyToIntf
 0001:0000AB80       AppendChars
 0001:0000AF4C       AppendFormat
 0001:0000ABE4       AppendNumber
 0001:0000ABC4       AppendString
 0001:000E2F70       AppEvnts
 0002:0000ABF4       Application
 0002:00000658       ApplicationHandleException
 0002:00000660       ApplicationShowException
 0002:000012B8       AppVisible
 0002:00000D48       Arrangements
 0002:00008F9C       ArrowKey
 0001:0000CD2C       AssertErrorHandler
 0002:0000A024       AssertErrorProc
 0001:000C9358       AssignFields
 0001:0001A43C       AssignLongStr
 0001:0001AAB8       AssignVariant
 0001:0008A984       AttributeSetStored
 0002:00000D50       AutoArrange
 0002:0000A60C       avail
 0001:00009120       BackfillGetDiskFreeSpaceEx
 0001:00059E08       BackgroundClipped
 0001:000ED678       BackgroundWorker
 0001:0000EFB0       BackupVarBoolFromStr
 0001:0000F110       BackupVarBStrFromBool
 0001:0000F030       BackupVarBStrFromCy
 0001:0000F0A0       BackupVarBStrFromDate
 0001:0000EF44       BackupVarCyFromStr
 0001:0000EED8       BackupVarDateFromStr
 0001:0000ED94       BackupVarI4FromStr
 0001:0000ED40       BackupVariantChangeTypeEx
 0001:0000EE00       BackupVarR4FromStr
 0001:0000EE6C       BackupVarR8FromStr
 0002:00001598       BaseFieldTypes
 0002:00000488       BaseTypeMap
 0001:00080084       BcdAdd
 0001:0007FC60       BcdCompare
 0001:00080D54       BcdCurrencyFormat
 0001:0007FEC8       BcdDivide
 0001:00080018       BcdDivide
 0001:0007D240       BcdError
 0001:0007D1D0       BcdErrorFmt
 0001:00080704       BcdFixedOrNumberFormat
 0001:000806A0       BcdGeneralFormat
 0001:0007FE5C       BcdMultiply
 0001:0007FD64       BcdMultiply
 0001:000804F8       BcdScale
 0001:000806B8       BcdScientificFormat
 0001:0007FD28       BcdSubtract
 0001:000805F4       BCDToCurr
 0001:0007DC40       BcdToDouble
 0001:000803B4       BcdToStr
 0001:00080E40       BcdToStrF
 0001:000B0BE8       bdeconst
 0002:0000AF7C       bDone
 0001:0000D328       Beep
 0001:0001DA80       BeginGlobalLoading
 0001:00006BC8       BeginPaint
 0001:00003E3C       BeginThread
 0002:0000AF98       bEnabledMonitoring
 0001:0002C62C       BetterSize
 0001:00037FB0       BevelLine
 0001:00037EC0       BevelRect
 0001:0006AED0       BiDiDraw
 0001:00026514       BinToHex
 0001:00006960       BitBlt
 0002:00000CA0       BitBtnCaptions
 0002:0000AACC       BitBtnGlyphs
 0002:00000A00       BitmapCanvasList
 0002:0000A8B0       BitmapImageLock
 0001:0000ED7C       BiUnimplemented
 0001:0007EA20       BlankArgument
 0001:000BB5C0       BlobGet
 0001:000BB6CC       BlobPut
 0002:00008F50       BlobTypeMap
 0001:000B9ABC       BlobValue
 0001:000B9450       BlobValue
 0002:0000071C       BlockCode
 0002:0000A5E4       blockDescBlockList
 0002:0000A5E8       blockDescFreeList
 0001:00002438       BlockIO
 0002:0000ACF4       BN_bin2bn
 0002:0000062C       BooleanIdents
 0002:00000484       BooleanToStringRule
 0002:000015C8       BoolFalse
 0001:000AEF04       BoolToStr
 0001:00008DB0       BoolToStr
 0001:000139B4       BoolToWStrViaOS
 0002:00000E5C       BorderStyles
 0002:00000B14       BorderStyles
 0002:00000D28       BorderStyles
 0001:000064F4       Bounds
 0001:0001C9A8       Bounds
 0002:00001124       Breaks
 0002:0000A8E8       BrushManager
 0002:00008FA0       BtnHintId
 0001:00088B24       BuffersEqual
 0001:00095764       BufferToByteArray
 0001:000CC84C       Build
 0001:0006D6A4       BuildImage
 0002:00000ABC       ButtonCaptions
 0002:00000CD0       ButtonCount
 0002:00000A90       ButtonNames
 0001:0003BC9C       Buttons
 0002:000011A0       Buttons
 0002:00000F00       ButtonStyles
 0002:0000AA84       ButtonWidths
 0001:00095820       ByteArrayToBuffer
 0001:0002BDF8       BytesPerScanline
 0001:0002C15C       ByteSwapColors
 0001:0000D40C       ByteToCharIndex
 0001:0000D3E4       ByteToCharLen
 0001:0000D3A8       ByteType
 0001:0000D330       ByteTypeTest
 0002:0000ABDC       CachedComCtrlVer
 0001:000CECD8       CalcAxis
 0001:000CFA00       CalcAxis
 0001:000CEF1C       CalcAxisState
 0001:000CED64       CalcFixedAxis
 0001:00028404       CalcJmpOffset
 0001:000CEE78       CalcMaxCell
 0001:000D0EAC       CalcPageExtents
 0001:00081004       CalcPrecisionAndDigits
 0001:000D07A8       CalcScroll
 0001:000CFE10       CalcScrollBar
 0001:000D0B0C       CalcSizeInfo
 0001:000646D0       CalcSplitterPos
 0001:000907DC       CalcTotalSize
 0001:0008A9C4       CalculatedStored
 0001:00006BD0       CallNextHookEx
 0001:0000E044       CallTerminateProcs
 0001:00006BD8       CallWindowProc
 0001:000C45FC       CanBlockRead
 0001:000582AC       CancelDrag
 0001:00096EF8       CancelNestedDataSets
 0001:0007E9B0       CanUseShort
 0002:0000ABA4       CanvasList
 0002:0000A8EC       CanvasList
 0002:00000A68       Captions
 0002:00001020       CaptureControl
 0001:000CCE5C       CaretPos
 0002:000010C4       cBooleanToItemAutoFlag
 0002:00000534       CBooleanToRelationship
 0001:00006510       CenterPoint
 0002:0000AABA       CF_COMPONENT
 0002:0000AAB8       CF_PICTURE
 0002:0000A818       ChangeAnyProc
 0001:000567D8       ChangeBiDiModeAlignment
 0002:00000EB4       CharCases
 0002:00000E84       CharCases
 0001:00003FA8       CharFromWChar
 0001:0000D5F0       CharLength
 0001:00006BE0       CharLowerBuff
 0001:00000378       CharNext
 0001:00006BE8       CharNext
 0001:0002A4E4       CharsetToIdent
 0001:0000D4F8       CharToByteIndex
 0001:0000D55C       CharToByteLen
 0001:00006BF0       CharToOemA
 0001:00006BF8       CharUpperBuff
 0002:000015DC       Char_8859_1
 0002:000017DC       Char_8859_10
 0002:000019DC       Char_8859_13
 0002:00001BDC       Char_8859_14
 0002:00001DDC       Char_8859_15
 0002:00001FDC       Char_8859_2
 0002:000021DC       Char_8859_3
 0002:000023DC       Char_8859_4
 0002:000025DC       Char_8859_5
 0002:000027DC       Char_8859_6
 0002:000029DC       Char_8859_7
 0002:00002BDC       Char_8859_8
 0002:00002DDC       Char_8859_9
 0002:00002FDC       Char_Cp1250
 0002:000031DC       Char_Cp1251
 0002:000033DC       Char_Cp1252
 0002:000035DC       Char_Cp1253
 0002:000037DC       Char_Cp1254
 0002:000039DC       Char_Cp1255
 0002:00003BDC       Char_Cp1256
 0002:00003DDC       Char_Cp1257
 0002:00003FDC       Char_Cp1258
 0002:000041DC       Char_Cp424
 0002:000043DC       Char_Cp437
 0002:000045DC       Char_Cp500
 0002:000047DC       Char_Cp737
 0002:000049DC       Char_Cp775
 0002:00004BDC       Char_Cp850
 0002:00004DDC       Char_Cp852
 0002:00004FDC       Char_Cp855
 0002:000051DC       Char_Cp856
 0002:000053DC       Char_Cp857
 0002:000055DC       Char_Cp860
 0002:000057DC       Char_Cp861
 0002:000059DC       Char_Cp862
 0002:00005BDC       Char_Cp863
 0002:00005DDC       Char_Cp864
 0002:00005FDC       Char_Cp865
 0002:000061DC       Char_Cp866
 0002:000063DC       Char_Cp869
 0002:000065DC       Char_Cp874
 0002:000067DC       Char_Cp875
 0002:000069DC       Char_Koi8_r
 0001:000A8DAC       char_val
 0001:000C1330       Check
 0001:0002CC10       CheckBool
 0001:00041E60       CheckCommonControl
 0001:000C21BC       CheckDB
 0001:000DF378       CheckForPassthroughs
 0001:000C6218       CheckIfParentScrolled
 0001:00003488       CheckJmp
 0001:00006C00       CheckMenuItem
 0001:00095CA4       CheckNestedBrowseMode
 0002:00001114       Checks
 0001:0007CDBC       CheckSqlTimeStamp
 0001:00022030       CheckSubComponents
 0001:00026640       CheckSynchronize
 0001:00070C98       CheckTaskWindow
 0001:000153FC       CheckType
 0001:00057F60       CheckUndock
 0001:0000D21C       CheckWin32Version
 0001:00006C08       ChildWindowFromPoint
 0002:000004A0       CInvalidCustomVariantType
 0002:000010C8       cItemAutoFlagToBoolean
 0002:000010C0       cItemAutoFlagToMenu
 0001:00028654       Classes
 0001:00081E00       ClassIDToProgID
 0001:0001D470       ClassNotFound
 0002:0000A814       ClearAnyProc
 0001:00029D64       ClearColor
 0001:00082914       ClearExcepInfo
 0001:000DE9C4       ClearSelection
 0001:000E307C       ClearTextBox
 0001:00018378       ClearVariantTypeList
 0001:00006C10       ClientToScreen
 0001:00061C74       ClientToWindow
 0002:00006BDC       client_errors
 0001:00039414       Clipboard
 0002:000009F8       ClipboardFormats
 0001:00039500       Clipbrd
 0001:00006C18       CloseClipboard
 0001:00006668       CloseHandle
 0001:00000318       CloseHandle
 0001:0009DB04       CloseHandle
 0001:0009DAB4       closesocket
 0002:0000A98C       CloseThemeData
 0002:00000A50       CLSID_AutoComplete
 0002:0000A040       CmdLine
 0002:0000A03C       CmdShow
 0002:000010BC       cMenuAutoFlagToItem
 0001:000B8B80       cmp2Values
 0001:000AD020       CmpRecords
 0002:00000540       CmpTypeMap
 0001:0000ED88       CmpUnimplemented
 0002:00001378       CoAddRefServerProcess
 0001:0001ADE4       CoCreateInstance
 0002:00001370       CoCreateInstanceEx
 0002:00000D18       Codes
 0002:00000DA4       Codes
 0002:0000AB2C       CoInitExProcLoaded
 0002:00001388       CoInitFlags
 0001:0001ADD4       CoInitialize
 0002:00001374       CoInitializeEx
 0002:0000AB28       CoInitializeExProc
 0001:0001DD3C       CollectionsEqual
 0002:00000778       Colors
 0001:0002A2DC       ColorToIdent
 0002:00000B28       ColorToPretyName
 0001:0002A2CC       ColorToRGB
 0002:00000D78       ColumnClicks
 0002:00000DD4       ComboBoxExStyles
 0002:00000EA0       ComboBoxStyles
 0002:00000DE0       ComboExStyles
 0002:0000AC34       ComClassManagerVar
 0001:00081A74       ComConst
 0002:0000A900       ComCtl32DLL
 0002:0000AB24       ComCtlVersion
 0001:00049684       ComCtrls
 0002:0000ABF0       CommandPool
 0001:00032764       CommCtrl
 0001:0003500C       CommDlg
 0001:00000900       Commit
 0002:0000A628       committedRoot
 0001:00082BDC       ComObj
 0001:0007FA30       CompactBcd
 0001:000ACD70       Compare1
 0001:000AE6A4       CompareBegin
 0001:0007DE0C       CompareDigits
 0001:000CCBB8       CompareExtents
 0001:00069620       CompareFront
 0001:00008584       CompareMem
 0001:0007F810       CompareNormalizedFractions
 0001:00008554       CompareStr
 0001:00006670       CompareString
 0001:000085A4       CompareText
 0001:00008CD8       CompareWith
 0001:00022110       ComponentCreated
 0001:0009FC5C       compress
 0001:0002C9D0       ComputeAldusChecksum
 0001:000ACB84       CompWithLen
 0001:000ACC20       CompWithoutLen
 0001:00038EB4       ComStrs
 0001:000C80F4       ConcatField
 0001:0009DAEC       connect
 0001:000289F0       Consts
 0001:0003219C       Contnrs
 0002:0000AB62       ControlAtom
 0002:0000AB68       ControlAtomString
 0001:00075A68       ControlHasHelp
 0001:00065470       Controls
 0001:000AF404       ConvermySQLtoDelphiFieldInfo
 0002:0000067C       Convert
 0002:0000068C       Convert
 0001:0009C7E8       Convert
 0001:0000C70C       ConvertAddr
 0001:0000ACD8       ConvertEraString
 0001:000083E4       ConvertError
 0001:000083FC       ConvertErrorFmt
 0001:0004579C       ConvertFlags
 0001:00045608       ConvertMask
 0001:000457C0       ConvertStates
 0001:0000AE44       ConvertYearString
 0001:0000524C       CopyArray
 0001:0002EEF0       CopyBitmap
 0001:0002F5B8       CopyBitmapAsMask
 0001:0008068C       CopyByte
 0001:00006968       CopyEnhMetaFile
 0001:0003BA9C       CopyImage
 0001:00007160       CopyMemory
 0001:0002F554       CopyPalette
 0002:00000DF8       Copyright
 0001:0006C750       CopyToBest
 0001:000BAF98       CopyToBuffer
 0002:0000137C       CoReleaseServerProcess
 0002:00001380       CoResumeClassObjects
 0002:00001384       CoSuspendClassObjects
 0001:0001ADFC       CoTaskMemAlloc
 0001:0001AE04       CoTaskMemFree
 0001:0001ADDC       CoUninitialize
 0001:0000D468       CountChars
 0002:0000A8C8       CounterLock
 0002:000004A4       CRangeToType
 0001:0000CC70       CreateAssertException
 0001:0000CDF8       CreateAVObject
 0001:00006970       CreateBitmap
 0001:00006978       CreateBrushIndirect
 0001:00081E2C       CreateComObject
 0001:00006980       CreateCompatibleBitmap
 0001:00006988       CreateCompatibleDC
 0001:00022190       CreateComponent
 0001:00006998       CreateDIBitmap
 0001:00006990       CreateDIBSection
 0001:00006678       CreateEvent
 0001:0009DB0C       CreateFile
 0001:00006680       CreateFile
 0001:00000320       CreateFileA
 0001:00006688       CreateFileMapping
 0001:000069A0       CreateFontIndirect
 0001:000069A8       CreateHalftonePalette
 0001:00006C20       CreateIcon
 0001:0000CB9C       CreateInOutError
 0001:000B1088       CreateLocalEvent
 0001:00006C28       CreateMenu
 0001:00035ACC       CreateMessageDialog
 0001:00006698       CreateMutex
 0001:000069B0       CreatePalette
 0001:000069B8       CreatePenIndirect
 0001:00006C30       CreatePopupMenu
 0001:000BCD98       CreateRangeClause
 0001:00081E64       CreateRemoteComObject
 0001:000069C0       CreateSolidBrush
 0001:0002C1B4       CreateSystemPalette
 0001:00000380       CreateThread
 0001:000066B8       CreateThread
 0001:0000725C       CreateWindow
 0001:00007204       CreateWindowEx
 0001:000A8ECC       create_key_from_old_password
 0002:00000F60       CreationControl
 0002:00000A60       CreationControl
 0002:00000618       CRelationshipToBoolean
 0002:00000468       CResult
 0002:0000AF80       CS
 0002:0000AFC0       CSAnsiToNative
 0002:00009034       CServerData
 0002:00008FF8       CServerData
 0002:00009070       CServerData
 0002:00000F4C       CSHREDRAW
 0002:00000168       cSimpleBoolStrs
 0002:0000AFA8       CSNativeToAnsi
 0002:000005C0       CText
 0002:00008DD8       ctKeys
 0002:0000105C       Ctl3DStyles
 0002:00000EF8       Ctl3DStyles
 0001:000CCE28       Ctrl
 0002:000005BC       CTruth
 0002:00008DC4       ctSHAKeys
 0002:0000A620       curAlloc
 0001:0001610C       CurrCompare
 0002:0000A68C       CurrencyDecimals
 0002:0000A688       CurrencyFormat
 0002:0000A684       CurrencyString
 0001:0000AB6C       CurrentYear
 0001:00015A08       CurrOp
 0001:00080568       CurrToBCD
 0001:0000A38C       CurrToStr
 0001:0000A3F4       CurrToStrF
 0001:00013944       CurrToWStrViaOS
 0002:0000123C       CursorMap
 0002:00000F70       Cursors
 0001:00056AF8       CursorToIdent
 0002:0000122C       cUseAlpha
 0002:00001234       cUseColorKey
 0002:00000360       CVarTypeToElementInfo
 0001:000089B4       CvtInt
 0001:00008A20       CvtInt64
 0002:00001364       CWNear
 0002:000001A8       CWNear
 0002:00000F54       Data
 0001:00088990       DatabaseError
 0001:00088A3C       DatabaseErrorFmt
 0002:00008F84       DataType
 0002:00008F34       DataTypeMap
 0001:0000AABC       Date
 0001:000160E4       DateCompare
 0001:00015540       DateOp
 0002:0000A68D       DateSeparator
 0001:0009571C       DateTimeToNative
 0001:000AE914       DateTimeToSqlDate
 0001:0007CCEC       DateTimeToSQLTimeStamp
 0001:0000B7B0       DateTimeToStr
 0001:0000B724       DateTimeToString
 0001:0000A5E4       DateTimeToTimeStamp
 0001:0000B780       DateToStr
 0001:0001397C       DateToWStrViaOS
 0001:0007BD2C       DateUtils
 0001:0000AA94       DayOfWeek
 0001:0007BCC4       DaysInAMonth
 0001:00097E50       DB
 0002:0000AC58       DBApplication
 0002:0000AED0       DBCharSet
 0001:0009C4AC       DBCommon
 0001:0007BFA4       DBConsts
 0001:000D8FC4       DBCtrls
 0001:000E1D54       DBGrids
 0002:0000AFA0       DBList
 0001:000B0B24       DBLogDlg
 0001:000D4614       DBPWDlg
 0002:0000AC54       DBScreen
 0001:000D5F5C       DBUseRightToLeftAlignment
 0002:000001A4       DCon10
 0002:00000774       DDBsOnly
 0001:0002857C       DeallocateHWnd
 0002:0000002C       DebugHook
 0002:0000A68B       DecimalSeparator
 0001:00017B64       DecIndices
 0001:0000AA74       DecodeDate
 0001:0000A924       DecodeDateFully
 0001:0000A78C       DecodeTime
 0001:000009C0       Decommit
 0001:000010EC       DecommitFree
 0002:0000A5FC       decommittedRoot
 0001:000F7228       decrypt
 0001:00078E00       Default
 0001:000736E8       Default
 0002:00000024       Default8087CW
 0002:000012C0       DefaultBlank
 0002:00000F64       DefaultDockTreeClass
 0002:000013A0       DefaultFieldClasses
 0001:00044068       DefaultListViewSort
 0002:00000038       DefaultTextLineBreakStyle
 0002:0000A5C0       DefaultUserCodePage
 0002:000009C8       DefBrushData
 0002:00000748       DefFontData
 0001:00006C38       DefFrameProc
 0002:00000234       DefLongDayNames
 0002:000001E8       DefLongMonthNames
 0001:00006C40       DefMDIChildProc
 0002:000009A8       DefPenData
 0002:00000218       DefShortDayNames
 0002:000001B8       DefShortMonthNames
 0001:00006C48       DefWindowProc
 0001:000055E4       DelayLoadResourceModule
 0001:000005DC       DeleteBlock
 0001:000004EC       DeleteCriticalSection
 0001:000066C0       DeleteCriticalSection
 0001:000069C8       DeleteDC
 0001:000069D0       DeleteEnhMetaFile
 0001:00008F90       DeleteFile
 0001:000066C8       DeleteFile
 0001:00000ED4       DeleteFree
 0001:00006C50       DeleteMenu
 0001:000069D8       DeleteObject
 0001:000DEDB8       DeletePrompt
 0001:000505C4       DeleteSelectedText
 0001:0002EAAC       DeselectBitmap
 0001:00006C58       DestroyCursor
 0001:00006C60       DestroyIcon
 0001:0003BBCC       DestroyLocals
 0001:00006C68       DestroyMenu
 0001:00006C70       DestroyWindow
 0002:00006C40       dh512_g
 0002:00006C44       dh512_p
 0002:0000ACEC       DH_free
 0002:0000ACE8       DH_new
 0001:00053D64       DialogEnumerationTester
 0001:000362F4       Dialogs
 0002:00000A04       DIBPalSizes
 0002:000000BC       dig
 0002:00008FCC       Direction
 0002:00000D90       Directions
 0001:00070AD4       DisableTaskWindows
 0001:00082328       DispatchInvoke
 0001:00082908       DispatchInvokeError
 0001:00006C78       DispatchMessage
 0001:00076D48       DispatchShortCut
 0001:00082924       DispCall
 0001:00082A08       DispCallByID
 0002:0000A000       DispCallByIDProc
 0001:00082834       DispCallError
 0001:00088B10       DisposeMem
 0001:000083C8       DivMod
 0001:00035044       Dlgs
 0002:0000B004       DM
 0001:00078078       DoAlign
 0001:0005C7B8       DoAlign
 0001:00094DC8       DoBindFields
 0001:000CEB70       DoCalc
 0001:00060934       DoCalcConstraints
 0001:000CEBD8       DoCalcRightToLeft
 0001:000CF360       DoChange
 0002:0000AB98       DockSiteList
 0001:0006D370       DoClick
 0001:000CDCDC       DoColWidths
 0001:0005DEFC       DoControlMsg
 0001:00070A84       DoDisableWindow
 0001:0005788C       DoDragOver
 0001:00008440       DoExitProc
 0001:000629A4       DoFindControlZone
 0001:00070BD8       DoFindWindow
 0001:00062F30       DoFindZone
 0001:00062A28       DoForEach
 0001:00064334       DoGetNextLimit
 0001:00070A4C       DoneApplication
 0001:00065198       DoneControls
 0001:0000D12C       DoneExceptions
 0001:000750C4       DoNestedActivation
 0001:000265DC       DoneThreadSynchronization
 0001:0007A1C4       DoOnHelp
 0001:00077EC8       DoPosition
 0001:0005C378       DoPosition
 0001:0006395C       DoPrune
 0001:00037724       DoRect
 0001:000CDD20       DoRowHeights
 0001:00063E34       DoSaveZone
 0001:000DE9F8       DoSelection
 0001:00064038       DoSetNewBounds
 0001:000CD784       DoSizeAdjust
 0002:00001368       Dot
 0002:00000634       DotSep
 0001:000D0A78       DoUpdate
 0002:00000CD4       DownStyles
 0001:00067C80       DoWrite
 0001:0002CE68       DoWrite
 0001:0002DBC8       DoWrite
 0001:0001F2DC       DoWrite
 0001:0005D4E4       DoWriteDesignSize
 0001:00028188       DoWriteHeight
 0001:00028120       DoWriteHorizontalOffset
 0001:0005AF50       DoWriteIsControl
 0001:00028154       DoWriteVerticalOffset
 0001:000280F8       DoWriteWidth
 0002:0000AB7C       DragCapture
 0002:0000AB70       DragControl
 0001:00057FD4       DragDone
 0001:0005783C       DragFindTarget
 0001:00057810       DragFindWindow
 0002:0000AB94       DragImageList
 0001:00057C2C       DragInit
 0001:00057D9C       DragInitControl
 0002:0000AB78       DragInternalObject
 0001:00057758       DragMessage
 0002:0000AB74       DragObject
 0002:0000ABA0       DragSave
 0002:0000AB88       DragSaveCursor
 0002:0000AB80       DragStartPos
 0002:0000AB8C       DragThreshold
 0001:0005795C       DragTo
 0001:00078E3C       DrawAppIcon
 0001:000CE0C8       DrawAxisLines
 0002:0000AFF4       DrawBitmap
 0001:000CE340       DrawCells
 0001:000634C8       DrawCloseButton
 0001:00006C80       DrawEdge
 0001:00006C88       DrawFocusRect
 0001:00006C90       DrawFrameControl
 0001:00063520       DrawGrabberLine
 0001:00006C98       DrawIcon
 0001:00006CA0       DrawIconEx
 0002:00001098       DrawingStyles
 0001:000CE2B0       DrawLines
 0001:00006CA8       DrawMenuBar
 0001:0006E6E0       DrawMenuItem
 0001:00006CB0       DrawText
 0002:0000A990       DrawThemeBackground
 0002:0000A9B4       DrawThemeEdge
 0002:0000A9B8       DrawThemeIcon
 0002:0000AA3C       DrawThemeParentBackground
 0002:0000A994       DrawThemeText
 0001:000DDCAC       DrawTitleCell
 0001:0002BC78       DupBits
 0001:00017B0C       DynArrayBounds
 0001:00005264       DynArrayClear
 0001:00017A64       DynArrayDim
 0001:00017A40       DynArrayElTypeInfo
 0001:0001800C       DynArrayFromVariant
 0001:000179FC       DynArrayIndex
 0001:0000526C       DynArraySetLength
 0001:00017A8C       DynArraySize
 0001:00017C88       DynArrayToVariant
 0001:00017BD0       DynArrayVariantBounds
 0001:00017C40       DynArrayVarType
 0002:00001184       EdgeStyle
 0002:0000104C       EdgeStyles
 0002:00000EE8       EdgeStyles
 0002:00000D30       EditStyles
 0001:0000CB70       EHeapException.FreeInstance
 0001:00006CB8       EmptyClipboard
 0001:00015F70       EmptyCompare
 0001:00015970       EmptyOp
 0002:0000A800       EmptyParam
 0002:000000EC       EmptyStr
 0002:000000F0       EmptyWideStr
 0001:000C1588       EmySQLDatabaseError.Create
 0001:000C1694       EmySQLDatabaseError.Destroy
 0001:000B3638       EmySQLException.Create
 0001:000B35AC       EmySQLException.CreateBDE
 0001:000B35EC       EmySQLException.CreateBDEMsg
 0001:000B36D8       EmySQLException.CreateMsg
 0001:000B3724       EmySQLException.GetNativeErrorMsg
 0001:00006CC0       EnableMenuItem
 0002:0000111C       Enables
 0001:00006CC8       EnableScrollBar
 0001:00070B88       EnableTaskWindows
 0002:0000AA24       EnableThemeDialogTexture
 0002:0000AA40       EnableTheming
 0001:00006CD0       EnableWindow
 0001:0000A8F4       EncodeDate
 0001:0000A74C       EncodeTime
 0001:0001DB08       EndGlobalLoading
 0001:0009A78C       EndOfLiteral
 0001:00006CD8       EndPaint
 0001:00003E80       EndThread
 0002:00008F7C       EndType
 0001:000066D0       EnterCriticalSection
 0001:000004DC       EnterCriticalSection
 0001:000066D8       EnumCalendarInfoA
 0001:00006CE0       EnumClipboardFormats
 0002:0000A924       EnumDisplayMonitors
 0001:0000C380       EnumEraNames
 0001:0000C3BC       EnumEraYearOffsets
 0001:00073CAC       EnumMonitorsProc
 0001:00006CE8       EnumThreadWindows
 0001:00021940       EnumValue
 0001:00006CF0       EnumWindows
 0001:00081D08       EOleException.Create
 0001:00081C38       EOleSysError.Create
 0001:00006CF8       EqualRect
 0002:0000A754       EraNames
 0001:0000BA3C       EraToYear
 0002:0000A770       EraYearOffsets
 0002:00000094       errCaption
 0001:00001D2C       Error
 0001:00069370       Error
 0001:0001D014       Error
 0001:00021124       Error
 0002:00000004       ErrorAddr
 0001:00001CE0       ErrorAt
 0001:0000CC1C       ErrorHandler
 0002:00000250       ErrorMap
 0002:0000A008       ErrorProc
 0002:0000A3E8       ErrOutput
 0002:0000AD18       ERR_error_string
 0002:0000AD14       ERR_get_error_line_data
 0001:000A976C       EscapeStr
 0001:000888BC       EUpdateError.Create
 0001:00088960       EUpdateError.Destroy
 0002:000014F8       Events
 0001:000F6018       ExcelXP
 0001:00001C6C       ExceptAddr
 0002:0000A00C       ExceptClsProc
 0001:0000D098       ExceptHandler
 0001:0000C99C       Exception.Create
 0001:0000C9D8       Exception.CreateFmt
 0001:0000CB28       Exception.CreateHelp
 0001:0000CA58       Exception.CreateRes
 0001:0000CA94       Exception.CreateResFmt
 0002:0000A01C       ExceptionClass
 0001:0000C718       ExceptionErrorMessage
 0002:00000288       ExceptMap
 0001:00001C4C       ExceptObject
 0002:0000A010       ExceptObjProc
 0002:0000A004       ExceptProc
 0001:000069E0       ExcludeClipRect
 0002:00000000       ExitCode
 0001:00003C30       ExitDll
 0002:0000A048       ExitProc
 0001:00000390       ExitProcess
 0002:0000A028       ExitProcessProc
 0002:00000164       ExitProcList
 0001:00000388       ExitThread
 0001:000090E4       ExpandFileName
 0001:000E30D4       Explode
 0001:000F6020       ExportToExcel
 0001:0003CE48       ExtActns
 0001:000069E8       ExtCreatePen
 0001:00038E44       ExtCtrls
 0001:0003BCF4       ExtDlgs
 0002:00000F2C       ExtendSelects
 0001:00088B38       ExtractFieldName
 0001:0000909C       ExtractFileExt
 0001:00009064       ExtractFileName
 0001:00009030       ExtractFilePath
 0001:000812A8       ExtractLiterals
 0001:00080EFC       ExtractMoneySymbol
 0001:000069F0       ExtTextOut
 0002:0000A790       FalseBoolStrs
 0002:0000AF18       FAppBuffer
 0002:0000AF4C       FAppBufSize
 0002:0000AEF0       FAppSharedBuf
 0002:0000AAC0       FClipboard
 0002:00000198       FCon1E18
 0002:0000AF44       FConnectReaderCount
 0002:00001360       FConst10
 0002:0000AF1C       FDBBuffer
 0002:0000AF50       FDBBufSize
 0002:0000AEF4       FDBSharedBuf
 0001:0009DB2C       FD_SET
 0002:0000AF28       FErrBuffer
 0002:0000AF5C       FErrBufSize
 0002:0000AF00       FErrSharedBuf
 0002:0000AF60       FExecOK
 0001:000DF324       FieldIsMapped
 0001:000AF268       FieldMapping
 0002:00001438       FieldTypeNames
 0001:000BCA58       FieldVal
 0001:00008F18       FileAge
 0001:00008F10       FileClose
 0001:00008E78       FileCreate
 0001:00008E54       FileCreate
 0001:00008F80       FileExists
 0002:000009FC       FileFormats
 0002:0000000C       FileMode
 0001:0000214C       FileNOPProc
 0001:00008DFC       FileOpen
 0001:00008E80       FileRead
 0002:00000670       FilerSignature
 0001:00008ED8       FileSeek
 0001:000066E0       FileTimeToDosDateTime
 0001:000066E8       FileTimeToLocalFileTime
 0001:00008EAC       FileWrite
 0001:0000100C       FillAfterGap
 0001:00000FAC       FillBeforeGap
 0001:000CE074       FillDWord
 0001:000010AC       FillerSizeAfterGap
 0001:00001034       FillerSizeBeforeGap
 0001:00006D00       FillRect
 0002:00000CDC       FillStyles
 0001:0009CBD4       Finalization
 0001:000B0AF4       Finalization
 0001:000E7130       Finalization
 0001:000319A8       Finalization
 0001:0009CB9C       Finalization
 0001:0001AE30       Finalization
 0001:0003442C       Finalization
 0001:000531F0       Finalization
 0001:000F72BC       Finalization
 0001:00053358       Finalization
 0001:00006480       Finalization
 0001:00034280       Finalization
 0001:0009C47C       Finalization
 0001:000B0418       Finalization
 0001:000E8B24       Finalization
 0001:00053FDC       Finalization
 0001:000B0360       Finalization
 0001:000ED680       Finalization
 0001:000ED648       Finalization
 0001:0009C4B4       Finalization
 0001:000E8D3C       Finalization
 0001:000683D0       Finalization
 0001:0006E9C0       Finalization
 0001:000A9908       Finalization
 0001:00031C08       Finalization
 0001:000B0328       Finalization
 0001:0001AD1C       Finalization
 0001:0003216C       Finalization
 0001:00066810       Finalization
 0001:000E3338       Finalization
 0001:000F8F1C       Finalization
 0001:00065408       Finalization
 0001:0000653C       Finalization
 0001:000F8EE4       Finalization
 0001:000E97F4       Finalization
 0001:000E1D24       Finalization
 0001:0007CEC8       Finalization
 0001:000073E4       Finalization
 0001:0003CDA0       Finalization
 0001:0003CD3C       Finalization
 0001:0003CCD4       Finalization
 0001:0003BCC4       Finalization
 0001:0003BC64       Finalization
 0001:0007BF74       Finalization
 0001:0000EB18       Finalization
 0001:000ECA8C       Finalization
 0001:000F24F8       Finalization
 0001:0007BCFC       Finalization
 0001:00039558       Finalization
 0001:000073AC       Finalization
 0001:0007BC8C       Finalization
 0001:000394C4       Finalization
 0001:0007B1D8       Finalization
 0001:00082B5C       Finalization
 0001:000F2530       Finalization
 0001:000F2568       Finalization
 0001:00097DF4       Finalization
 0001:000A8770       Finalization
 0001:00019410       Finalization
 0001:00038E84       Finalization
 0001:000A8CCC       Finalization
 0001:00038DFC       Finalization
 0001:000191AC       Finalization
 0001:00036298       Finalization
 0001:000B2688       Finalization
 0001:000B0BF0       Finalization
 0001:00034DB0       Finalization
 0001:00033F5C       Finalization
 0001:00034E20       Finalization
 0001:00034E58       Finalization
 0001:000AD5C4       Finalization
 0001:00035014       Finalization
 0001:000EC8C4       Finalization
 0001:00034E90       Finalization
 0001:00033F24       Finalization
 0001:000289C0       Finalization
 0001:000EACC8       Finalization
 0001:000E2F40       Finalization
 0001:00032734       Finalization
 0001:000A9634       Finalization
 0001:00034FDC       Finalization
 0001:00032EB4       Finalization
 0001:00032EF4       Finalization
 0001:000F71F0       Finalization
 0001:00034FA4       Finalization
 0001:00034F38       Finalization
 0001:00034F00       Finalization
 0001:00034EC8       Finalization
 0001:000F5FE8       Finalization
 0001:000285A4       Finalization
 0001:00033EDC       Finalization
 0001:000CBFA0       Finalization
 0001:0009D01C       Finalization
 0001:000B0BB8       Finalization
 0001:00006250       Finalization
 0001:000C9E24       Finalization
 0001:0003CDF8       Finalization
 0001:0009EE00       Finalization
 0001:0000776C       Finalization
 0001:000E6360       Finalization
 0001:0003EA5C       Finalization
 0001:000F88C8       Finalization
 0001:0000F4FC       Finalization
 0001:000F1B68       Finalization
 0001:000E51BC       Finalization
 0001:000F1BA8       Finalization
 0001:0004A294       Finalization
 0001:000D40C0       Finalization
 0001:0004960C       Finalization
 0001:000D8F80       Finalization
 0001:00081A44       Finalization
 0001:000D45D8       Finalization
 0001:0009D9DC       Finalization
 0001:000819C4       Finalization
 0001:000BF51C       Finalization
 0001:000F24AC       Finalization
 0001:000E40E0       Finalization
 0001:0000525C       FinalizeArray
 0001:00003A44       FinalizeUnits
 0001:0006D130       Find
 0001:00024474       FindAncestor
 0001:00005674       FindBS
 0001:0001D530       FindClass
 0001:000055DC       FindClassHInstance
 0001:000003A0       FindClose
 0001:000066F0       FindClose
 0001:00000F68       FindCommitted
 0001:000568D8       FindControl
 0001:0006315C       FindControlAtPos
 0001:00019000       FindCustomVariantType
 0001:00018F48       FindCustomVariantType
 0001:000582F8       FindDragTarget
 0001:00022340       FindExistingComponent
 0001:000066F8       FindFirstFile
 0001:000003A8       FindFirstFile
 0001:00070CE4       FindGlobalComponent
 0001:0001D998       FindGlobalComponent
 0002:0000A864       FindGlobalComponentProcs
 0001:000055B4       FindHInstance
 0001:0001D840       FindIdentToInt
 0001:0001D7C4       FindIntToIdent
 0002:0000AA80       FindMsg
 0001:000214D0       FindNestedComponent
 0001:00069338       FindPopupControl
 0001:0000F1C4       FindProc
 0001:00006700       FindResource
 0001:0000562C       FindResourceHInstance
 0001:0007AA08       FindScanline
 0001:00052DEC       FindString
 0001:00070C3C       FindTopMostWindow
 0001:00023224       FindUniqueName
 0001:000172CC       FindVarData
 0001:000582C4       FindVCLWindow
 0001:00006D08       FindWindow
 0001:00053DBC       FindWinHelp
 0001:0002EEA4       FixupBitFields
 0002:00001194       Flags
 0002:0000A7A0       FLanguages
 0001:000342B0       FlatSB
 0002:0000A950       FlatSB_EnableScrollBar
 0002:0000A95C       FlatSB_GetScrollInfo
 0002:0000A960       FlatSB_GetScrollPos
 0002:0000A958       FlatSB_GetScrollRange
 0002:0000A968       FlatSB_SetScrollInfo
 0002:0000A964       FlatSB_SetScrollPos
 0001:00033FA0       FlatSB_SetScrollProp
 0002:0000A96C       FlatSB_SetScrollRange
 0002:0000A954       FlatSB_ShowScrollBar
 0002:00008F0C       FldTypeMap
 0001:000ACE24       FldVal
 0001:0000A01C       FloatToDecimal
 0001:0000A35C       FloatToStr
 0001:0000A3BC       FloatToStrF
 0001:00009A54       FloatToText
 0001:00009D28       FloatToTextFmt
 0001:000A9178       Floor
 0001:00002418       Flush
 0002:0000AF2C       FMonitorCount
 0002:000001AC       FMSecsPerDay
 0002:0000AF20       FMsgBuffer
 0002:0000AF54       FMsgBufSize
 0002:0000AEF8       FMsgSharedBuf
 0001:00081A00       FMTBcd
 0002:0000132C       FMTBcdVariantType
 0001:00009948       FmtStr
 0002:0000AF74       FMySQLReaderThread
 0002:0000AF70       FMySQLWriterThread
 0002:000011B0       FocusCount
 0002:000011AC       FocusMessages
 0002:00000918       FontCharsets
 0002:0000A8E0       FontManager
 0001:00070CB8       ForegroundTask
 0001:00009934       Format
 0002:000001B4       Format
 0001:000818FC       FormatBcd
 0001:00009524       FormatBuf
 0001:00009518       FormatClearStr
 0001:0000A484       FormatCurr
 0001:0000B7C4       FormatDateTime
 0001:0000949C       FormatError
 0002:00000190       FormatErrorStrs
 0001:0000A42C       FormatFloat
 0001:0007BC58       FormatMaskText
 0001:00006708       FormatMessage
 0001:00081544       FormatOneBcd
 0001:000094F4       FormatVarToStr
 0001:0007B234       Forms
 0001:000CCE0C       ForwardMovement
 0001:00002B58       FPower10
 0002:00000A4C       FPrinter
 0002:0000AF3C       FQExecuteReaderCount
 0002:0000AF40       FQFetchReaderCount
 0002:0000AF38       FQPrepareReaderCount
 0001:0008026C       FractionToStr
 0001:000377E8       Frame3D
 0001:00006D10       FrameRect
 0002:0000AF30       FReaderCount
 0002:0000AF10       FReadEvent
 0002:0000AF14       FReadFinishedEvent
 0001:0000E6F8       FreeAndNil
 0001:000C4664       FreeBuffer
 0001:00000C68       FreeCommitted
 0001:000012A0       FreeCurAlloc
 0001:000583B8       FreeDeviceContext
 0001:00058474       FreeDeviceContexts
 0001:00027D50       FreeIntConstList
 0001:000003B0       FreeLibrary
 0001:00006710       FreeLibrary
 0001:0002EA00       FreeMemoryContexts
 0001:00070D80       FreeObjectInstance
 0001:000284A4       FreeObjectInstance
 0001:00006730       FreeResource
 0001:00000838       FreeSpace
 0001:0000E070       FreeTerminateProcs
 0001:00034464       FreeThemeLibrary
 0001:000C133C       FreeTimer
 0001:000A9A60       free_rows
 0002:0000AF68       FReserved
 0002:0000AF6C       FReserved1
 0002:0000AB20       FRichEditModule
 0002:0000B02C       FrmDateTime
 0002:0000B00C       FrmDosen
 0002:0000B090       FrmMain
 0002:0000B014       FrmMataKuliah
 0002:0000B048       FrmPengampu
 0002:0000B088       FrmProcess
 0002:0000B020       FrmRuang
 0002:0000B040       FrmWaktuTidakBersedia
 0002:0000AF24       FSQLBuffer
 0002:0000AF58       FSQLBufSize
 0002:0000AEFC       FSQLSharedBuf
 0002:0000AF64       FTimeStamp
 0002:0000AF34       FTraceDataType
 0002:0000AF48       FTransactReaderCount
 0002:0000AF08       FWriteEvent
 0002:0000AF0C       FWriteFinishedEvent
 0002:0000AF04       FWriteLock
 0002:0000AD28       fwsaData
 0001:0000E170       GDAL
 0001:0002BC68       GDICheck
 0001:0002BBC0       GDIError
 0001:00002028       Get8087CW
 0001:00006738       GetACP
 0001:0001AE14       GetActiveObject
 0001:00006D18       GetActiveWindow
 0001:00078554       GetAnimation
 0001:00035428       GetAveCharSize
 0001:000AFD80       GetBDEErrorMessage
 0001:000069F8       GetBitmapBits
 0001:000004F4       GetBlockDesc
 0001:00006A00       GetBrushOrgEx
 0001:00006D20       GetCapture
 0001:00056BF4       GetCaptureControl
 0001:00006D28       GetCaretPos
 0001:0009C544       GetCharTable
 0001:0001D4DC       GetClass
 0001:00006D30       GetClassInfo
 0001:00006D38       GetClassName
 0001:0009C4EC       GetClientCP
 0001:00006D40       GetClientRect
 0001:00006D48       GetClipboardData
 0001:0002D66C       GetClipboardFormats
 0001:00006A08       GetClipBox
 0001:00000490       GetCmdShow
 0001:00066A68       GetColor
 0001:00041E88       GetComCtlVersion
 0001:000003B8       GetCommandLine
 0001:00000A7C       GetCommitted
 0001:00000B24       GetCommittedAt
 0001:0002582C       GetComponentValue
 0001:00006748       GetComputerName
 0001:0005DAB0       GetControlAtPos
 0001:0000AC30       GetCount
 0001:000C21D8       GetCP
 0001:0009C888       GetCPfromName
 0001:00006740       GetCPInfo
 0001:00006A10       GetCurrentPositionEx
 0001:00006750       GetCurrentProcessId
 0002:0000AA34       GetCurrentThemeName
 0001:00000470       GetCurrentThreadId
 0001:00006758       GetCurrentThreadId
 0001:00007158       GetCurrentTime
 0001:00006D50       GetCursor
 0001:0007AA18       GetCursorHeightMargin
 0001:00006D58       GetCursorPos
 0001:0000AC60       GetDate
 0001:00006760       GetDateFormat
 0001:0000B954       GetDateOrder
 0001:00006D60       GetDC
 0001:00006D68       GetDCEx
 0001:00006A18       GetDCOrgEx
 0001:000315B0       GetDefFontCharSet
 0001:0001E884       GetDesigner
 0001:00006D70       GetDesktopWindow
 0001:00006A30       GetDeviceCaps
 0001:0002CBF8       GetDIB
 0001:00006A20       GetDIBColorTable
 0001:00006A28       GetDIBits
 0001:0002CB40       GetDIBSizes
 0001:0002BDD8       GetDInColors
 0001:00006768       GetDiskFreeSpaceA
 0002:00000160       GetDiskFreeSpaceEx
 0001:00064414       GetDockAlign
 0001:0005759C       GetDockSiteAtPos
 0001:00006D78       GetDoubleClickTime
 0001:000578C8       GetDropCtl
 0001:000031F0       GetDynaMethod
 0001:00006A38       GetEnhMetaFileBits
 0001:00006A40       GetEnhMetaFileHeader
 0001:00006A48       GetEnhMetaFilePaletteEntries
 0001:00019CFC       GetEnumName
 0001:00019DD4       GetEnumNameValue
 0001:0001A080       GetEnumProp
 0001:00019E20       GetEnumValue
 0001:0000C434       GetEraNamesAndYearOffsets
 0001:0000B9E8       GetEraYearOffset
 0001:0001AE1C       GetErrorInfo
 0001:000C13FC       GetErrorString
 0001:0000CDE0       GetExceptionClass
 0001:0000CFCC       GetExceptionObject
 0001:00006770       GetExitCodeThread
 0001:0001D464       GetFieldClassTable
 0001:00098E9C       GetFieldInfo
 0001:00088A98       GetFieldProperty
 0001:0002D64C       GetFileFormats
 0001:00000330       GetFileSize
 0001:00000328       GetFileType
 0001:0000D23C       GetFileVersion
 0001:00006948       GetFileVersionInfo
 0001:00006950       GetFileVersionInfoSize
 0001:000B3020       GetFldName
 0001:0001A7A8       GetFloatProp
 0001:00006D80       GetFocus
 0001:0002A504       GetFontData
 0001:00006D88       GetForegroundWindow
 0001:00081838       GetFormat
 0001:0000DAE4       GetFormatSettings
 0001:00006778       GetFullPathName
 0001:000C1934       GetHashCode
 0001:00029A4C       GetHashCode
 0001:00075AA0       GetHelpInfo
 0001:00033374       GetHelpSystem
 0001:00078338       GetHint
 0001:00078370       GetHintControl
 0001:0009DADC       gethostbyname
 0001:0006E860       GetHotkey
 0001:00006D90       GetIconInfo
 0001:000826A0       GetIDsOfNames
 0001:000C90FC       GetIdx
 0001:00098AB8       GetIndexForOrderBy
 0001:0001ABC4       GetInt64Prop
 0001:0001AC28       GetInterfaceProp
 0001:000C1390       GetIntProp
 0001:00006DA8       GetKeyboardLayout
 0001:00006DB0       GetKeyboardLayoutList
 0001:00006DB8       GetKeyboardState
 0001:00002E44       GetKeyboardType
 0001:00006D98       GetKeyNameText
 0001:00006DA0       GetKeyState
 0001:00006DC0       GetLastActivePopup
 0001:000626DC       GetLastChildZone
 0001:0009DB14       GetLastError
 0001:00006780       GetLastError
 0001:000003C0       GetLastError
 0001:00043CC0       GetLength
 0001:0000C1F8       GetLocaleChar
 0001:00006790       GetLocaleInfo
 0001:000003C8       GetLocaleInfo
 0001:0000C1AC       GetLocaleStr
 0001:00006788       GetLocalTime
 0001:00056B5C       GetLongHint
 0001:0001A450       GetLongStrProp
 0001:00006DC8       GetMenu
 0001:00075A28       GetMenuHelpContext
 0001:00006DD0       GetMenuItemCount
 0001:00006DD8       GetMenuItemID
 0001:00006DE0       GetMenuItemInfo
 0001:0006B97C       GetMenuSize
 0001:00006DE8       GetMenuState
 0001:00006DF0       GetMenuString
 0001:00006DF8       GetMessagePos
 0001:00006E00       GetMessageTime
 0001:0001AB4C       GetMethodProp
 0001:000003D0       GetModuleFileName
 0001:00006798       GetModuleFileName
 0001:000003D8       GetModuleHandle
 0001:00006378       GetModuleHandle
 0001:000067A0       GetModuleHandle
 0002:0000A918       GetMonitorInfo
 0002:0000A91C       GetMonitorInfoA
 0002:0000A920       GetMonitorInfoW
 0001:0000C25C       GetMonthDayNames
 0001:00006A50       GetNearestColor
 0001:00006E08       GetNextWindow
 0001:000B0210       GetNumFromSet
 0001:00006A58       GetObject
 0001:000BD178       GetOrderByStr
 0001:00019FB0       GetOrdProp
 0001:00006A60       GetPaletteEntries
 0001:00001E18       GetParamStr
 0001:00006E10       GetParent
 0001:00070ED4       GetParentForm
 0001:00098CE4       GetPChar
 0001:00006A68       GetPixel
 0001:000067A8       GetPrivateProfileString
 0001:000067B0       GetProcAddress
 0001:000003E0       GetProcAddress
 0001:00006E18       GetProp
 0001:0001967C       GetPropInfo
 0001:00019E84       GetPropInfo
 0001:00019EF4       GetPropInfo
 0001:0001969C       GetPropInfo
 0001:00019F2C       GetPropInfos
 0001:000196BC       GetPropValue
 0001:00071394       GetRealScrollPosition
 0001:00066A48       GetRGBColor
 0001:00006E20       GetScrollInfo
 0001:00006E28       GetScrollPos
 0001:00006E30       GetScrollRange
 0001:0001A0F4       GetSetProp
 0001:00056B18       GetShortHint
 0001:0001A348       GetShortStrProp
 0001:0001A3E0       GetShortStrPropAsLongStr
 0001:0000075C       GetSpace
 0001:000007C0       GetSpaceAt
 0001:000693C8       GetSpecialName
 0001:00098118       GetSQLToken
 0001:000ADB28       GetSQLToken
 0001:0009D1F4       GetSSLProc
 0001:000003E8       GetStartupInfo
 0001:000C1A84       GetStatementHandle
 0001:000067B8       GetStdHandle
 0001:00000338       GetStdHandle
 0001:000C19A0       GetStmtInfo
 0001:00006A70       GetStockObject
 0001:000067C0       GetStringTypeEx
 0001:0001A580       GetStrProp
 0001:00006E38       GetSubMenu
 0001:00006E40       GetSysColor
 0001:00006E48       GetSysColorBrush
 0001:000067C8       GetSystemInfo
 0001:00006E50       GetSystemMenu
 0001:00006E58       GetSystemMetrics
 0002:0000A908       GetSystemMetrics
 0001:00006A78       GetSystemPaletteEntries
 0001:000AE4BC       GetTable
 0001:000988EC       GetTableNameFromSQL
 0001:00006A88       GetTextExtentPoint
 0001:00006A80       GetTextExtentPoint32
 0001:00006A90       GetTextMetrics
 0002:0000AA2C       GetThemeAppProperties
 0002:0000A998       GetThemeBackgroundContentRect
 0002:0000A99C       GetThemeBackgroundExtent
 0002:0000A9AC       GetThemeBackgroundRegion
 0002:0000A9D0       GetThemeBool
 0002:0000A9C4       GetThemeColor
 0002:0000AA38       GetThemeDocumentationProperty
 0002:0000A9D8       GetThemeEnumValue
 0002:0000A9F8       GetThemeFilename
 0002:0000A9E0       GetThemeFont
 0002:0000A9D4       GetThemeInt
 0002:0000A9EC       GetThemeIntList
 0002:0000A9E8       GetThemeMargins
 0002:0000A9C8       GetThemeMetric
 0002:0000A9A0       GetThemePartSize
 0002:0000A9DC       GetThemePosition
 0002:0000A9F0       GetThemePropertyOrigin
 0002:0000A9E4       GetThemeRect
 0002:0000A9CC       GetThemeString
 0002:0000AA04       GetThemeSysBool
 0002:0000A9FC       GetThemeSysColor
 0002:0000AA00       GetThemeSysColorBrush
 0002:0000AA0C       GetThemeSysFont
 0002:0000AA14       GetThemeSysInt
 0002:0000AA08       GetThemeSysSize
 0002:0000AA10       GetThemeSysString
 0002:0000A9A4       GetThemeTextExtent
 0002:0000A9A8       GetThemeTextMetrics
[...]
   123 0001:000E94EF   124 0001:000E9525   133 0001:000E952C   134 0001:000E9566
   135 0001:000E956B   136 0001:000E958B   138 0001:000E95AD   141 0001:000E95E9
   143 0001:000E960B   145 0001:000E962E   147 0001:000E9647   148 0001:000E9665
   150 0001:000E9682   153 0001:000E96B3   155 0001:000E96D4   141 0001:000E96D5
   156 0001:000E96DC   157 0001:000E9723   160 0001:000E97E8   161 0001:000E97EB
   162 0001:000E97F0   164 0001:000E9824   164 0001:000E982B

Line numbers for uFrmPengampu(uFrmPengampu.pas) segment .text

    72 0001:000E9C5C    73 0001:000E9C7C    75 0001:000E9C83    76 0001:000E9C8E
    93 0001:000E9CD8    94 0001:000E9CEB    96 0001:000E9CF6    97 0001:000E9D10
    98 0001:000E9D2D   101 0001:000E9D4A   102 0001:000E9D55   108 0001:000E9D7E
   109 0001:000E9D91   110 0001:000E9D9C   111 0001:000E9DAC   114 0001:000E9DBC
   115 0001:000E9DC7   116 0001:000E9DD4   117 0001:000E9DE7   119 0001:000E9DF2
   120 0001:000E9E02   122 0001:000E9E44   125 0001:000EA0AC   126 0001:000EA0BD
   127 0001:000EA0CB   128 0001:000EA0D9   129 0001:000EA0E6   130 0001:000EA0F3
   134 0001:000EA100   135 0001:000EA10D   138 0001:000EA114   139 0001:000EA11A
   140 0001:000EA121   141 0001:000EA12E   142 0001:000EA138   148 0001:000EA13C
   149 0001:000EA145   151 0001:000EA14E   152 0001:000EA155   153 0001:000EA15A
   154 0001:000EA162   155 0001:000EA167   157 0001:000EA170   159 0001:000EA177
   161 0001:000EA17A   169 0001:000EA180   170 0001:000EA1A3   172 0001:000EA1C2
   173 0001:000EA1D7   175 0001:000EA1DC   176 0001:000EA1EE   178 0001:000EA200
   182 0001:000EA20D   192 0001:000EA26D   193 0001:000EA28E   195 0001:000EA2AB
   196 0001:000EA2C0   199 0001:000EA2C5   207 0001:000EA325   212 0001:000EA34B
   220 0001:000EA39F   221 0001:000EA3C0   223 0001:000EA3DD   224 0001:000EA3F2
   227 0001:000EA3F7   232 0001:000EA44B   235 0001:000EA46C   237 0001:000EA476
   238 0001:000EA47D   240 0001:000EA48A   241 0001:000EA4A7   243 0001:000EA4B5
   245 0001:000EA502   248 0001:000EA784   249 0001:000EA79A   250 0001:000EA7B7
   252 0001:000EA7C5   253 0001:000EA7CE   254 0001:000EA7F8   257 0001:000EA80C
   258 0001:000EA812   259 0001:000EA819   260 0001:000EA826   266 0001:000EA82C
   267 0001:000EA851   269 0001:000EA85B   272 0001:000EA876   275 0001:000EA890
   277 0001:000EA8D8   280 0001:000EA8F9   282 0001:000EA908   283 0001:000EA925
   285 0001:000EA933   287 0001:000EA971   290 0001:000EA9F8   291 0001:000EAA19
   293 0001:000EAA26   294 0001:000EAA59   295 0001:000EAA82   296 0001:000EAAAB
   297 0001:000EAADF   298 0001:000EAB63   301 0001:000EABC4   302 0001:000EABC7
   303 0001:000EABCC   306 0001:000EABD0   307 0001:000EABE6   308 0001:000EAC03
   310 0001:000EAC11   311 0001:000EAC37   314 0001:000EAC4C   315 0001:000EAC62
   316 0001:000EAC7F   318 0001:000EAC8D   319 0001:000EACB3   321 0001:000EACF8
   321 0001:000EACFF

Line numbers for uType(uType.pas) segment .text

    15 0001:000ECABC    15 0001:000ECAC3

Line numbers for BackgroundWorker(BackgroundWorker.pas) segment .text

   126 0001:000ECE68   127 0001:000ECE7D   128 0001:000ECE80   129 0001:000ECE8B
   130 0001:000ECEAF   133 0001:000ECEB4   134 0001:000ECEBE   135 0001:000ECECC
   136 0001:000ECEDA   138 0001:000ECEF4   139 0001:000ECEFF   142 0001:000ECF22
   144 0001:000ECF46   149 0001:000ECF4C   150 0001:000ECF61   151 0001:000ECF6A
   152 0001:000ECF85   155 0001:000ECF8C   156 0001:000ECF9D   158 0001:000ECFA8
   159 0001:000ECFB6   160 0001:000ECFBF   162 0001:000ECFE5   163 0001:000ECFFC
   167 0001:000ED044   168 0001:000ED04B   172 0001:000ED04C   173 0001:000ED053
   175 0001:000ED057   176 0001:000ED059   181 0001:000ED05C   182 0001:000ED069
   184 0001:000ED09A   186 0001:000ED0AD   187 0001:000ED0BB   189 0001:000ED0D6
   192 0001:000ED0EA   194 0001:000ED0FA   195 0001:000ED108   197 0001:000ED120
   200 0001:000ED134   201 0001:000ED142   202 0001:000ED148   203 0001:000ED158
   205 0001:000ED16D   209 0001:000ED181   210 0001:000ED18B   215 0001:000ED19C
   216 0001:000ED1B4   217 0001:000ED1B9   220 0001:000ED1C1   223 0001:000ED1C8
   224 0001:000ED1D4   226 0001:000ED1E0   227 0001:000ED1E7   228 0001:000ED1EE
   229 0001:000ED1FC   230 0001:000ED210   231 0001:000ED227   233 0001:000ED23D
   234 0001:000ED247   238 0001:000ED253   239 0001:000ED27C   242 0001:000ED2C0
   243 0001:000ED2C9   245 0001:000ED2D0   246 0001:000ED2D6   248 0001:000ED2DB
   250 0001:000ED2E2   251 0001:000ED2E8   253 0001:000ED2ED   255 0001:000ED2F4
   256 0001:000ED2FA   258 0001:000ED2FF   260 0001:000ED306   261 0001:000ED30B
   263 0001:000ED310   265 0001:000ED317   266 0001:000ED31C   267 0001:000ED320
   269 0001:000ED325   272 0001:000ED32C   273 0001:000ED330   274 0001:000ED337
   275 0001:000ED341   278 0001:000ED344   279 0001:000ED348   280 0001:000ED34F
   281 0001:000ED35B   284 0001:000ED360   285 0001:000ED364   286 0001:000ED36B
   287 0001:000ED377   290 0001:000ED37C   291 0001:000ED380   292 0001:000ED387
   293 0001:000ED394   296 0001:000ED398   297 0001:000ED3A5   298 0001:000ED3B7
   300 0001:000ED3CA   301 0001:000ED3FC   319 0001:000ED460   320 0001:000ED46F
   321 0001:000ED482   323 0001:000ED494   324 0001:000ED4C6   360 0001:000ED52C
   361 0001:000ED536   363 0001:000ED548   364 0001:000ED54C   367 0001:000ED552
   368 0001:000ED584   371 0001:000ED5EC   372 0001:000ED5F2   373 0001:000ED5FD
   374 0001:000ED601   379 0001:000ED604   381 0001:000ED60F   383 0001:000ED626
   384 0001:000ED62F   380 0001:000ED638   386 0001:000ED643   388 0001:000ED678
   388 0001:000ED67F

Line numbers for uRandom(uRandom.pas) segment .text

   103 0001:000ED6B0   103 0001:000ED6B7

Line numbers for uGenetik(uGenetik.pas) segment .text

    77 0001:000ED7A4    78 0001:000ED7DA    79 0001:000ED7DD    80 0001:000ED7E8
    81 0001:000ED7EE    82 0001:000ED7F4    83 0001:000ED7FA    84 0001:000ED800
    85 0001:000ED811    86 0001:000ED859    92 0001:000ED860    94 0001:000ED89C
    95 0001:000ED8AB   102 0001:000ED8E7   103 0001:000ED8F1   109 0001:000ED938
   111 0001:000ED942   112 0001:000ED952   113 0001:000ED96C   114 0001:000ED986
   115 0001:000ED9A0   117 0001:000ED9BA   120 0001:000ED9C1   121 0001:000ED9DB
   122 0001:000ED9F8   123 0001:000EDA15   125 0001:000EDA3D   126 0001:000EDA47
   118 0001:000EDA48   130 0001:000EDA5A   131 0001:000EDA73   132 0001:000EDA83
   133 0001:000EDA9D   136 0001:000EDAA1   138 0001:000EDABB   139 0001:000EDAC5
   134 0001:000EDAC6   143 0001:000EDAD4   145 0001:000EDAF9   146 0001:000EDB09
   147 0001:000EDB23   150 0001:000EDB27   152 0001:000EDB41   153 0001:000EDB4B
   148 0001:000EDB4C   157 0001:000EDB5A   159 0001:000EDB7F   160 0001:000EDB8F
   161 0001:000EDBA9   164 0001:000EDBAD   166 0001:000EDBC7   167 0001:000EDBD1
   162 0001:000EDBD2   171 0001:000EDBE0   173 0001:000EDC05   174 0001:000EDC15
   175 0001:000EDC2F   178 0001:000EDC33   180 0001:000EDC4D   181 0001:000EDC57
   176 0001:000EDC58   185 0001:000EDC66   186 0001:000EDC70   188 0001:000EDC84
   190 0001:000EDC8E   192 0001:000EDC9D   193 0001:000EDCB6   195 0001:000EDCCD
   199 0001:000EDCD1   200 0001:000EDCEB   201 0001:000EDD10   203 0001:000EDD3B
   204 0001:000EDD45   196 0001:000EDD46   208 0001:000EDD58   214 0001:000EDDCE
   219 0001:000EE034   220 0001:000EE040   221 0001:000EE050   222 0001:000EE060
   223 0001:000EE078   224 0001:000EE090   225 0001:000EE0A8   226 0001:000EE0B8
   231 0001:000EE0D0   232 0001:000EE100   233 0001:000EE10E   234 0001:000EE113
   236 0001:000EE138   237 0001:000EE147   241 0001:000EE183   245 0001:000EE1D0
   248 0001:000EE1E2   249 0001:000EE1F1   254 0001:000EE23A   257 0001:000EE250
   259 0001:000EE25B   260 0001:000EE264   262 0001:000EE27D   263 0001:000EE286
   265 0001:000EE2A0   266 0001:000EE2A9   268 0001:000EE2C5   269 0001:000EE2CE
   271 0001:000EE2EA   274 0001:000EE303   275 0001:000EE315   277 0001:000EE336
   281 0001:000EE355   287 0001:000EE3EC   254 0001:000EE3ED   289 0001:000EE3F6
   245 0001:000EE3F7   293 0001:000EE41B   296 0001:000EE474   303 0001:000EE590
   304 0001:000EE5B4   305 0001:000EE5B9   306 0001:000EE5BE   307 0001:000EE5C3
   308 0001:000EE5C8   312 0001:000EE5CD   314 0001:000EE5E3   318 0001:000EE5FE
   322 0001:000EE607   327 0001:000EE66A   330 0001:000EE692   339 0001:000EE797
   346 0001:000EE7A4   348 0001:000EE7B1   353 0001:000EE815   356 0001:000EE843
   365 0001:000EE9AD   372 0001:000EE9BA   374 0001:000EE9C7   379 0001:000EEA2D
   382 0001:000EEA5B   391 0001:000EEBC5   398 0001:000EEBD2   400 0001:000EEBDF
   405 0001:000EEC45   408 0001:000EEC73   417 0001:000EEDDD   422 0001:000EEDEA
   431 0001:000EEE41   434 0001:000EEE6F   444 0001:000EF002   447 0001:000EF00F
   450 0001:000EF01C   459 0001:000EF074   462 0001:000EF0A2   472 0001:000EF235
   476 0001:000EF242   479 0001:000EF24F   488 0001:000EF2A9   491 0001:000EF2D7
   501 0001:000EF46A   505 0001:000EF477   508 0001:000EF484   517 0001:000EF4DE
   520 0001:000EF50C   529 0001:000EF69F   532 0001:000EF6AC   314 0001:000EF6AF
   535 0001:000EF6B8   537 0001:000EF6CE   539 0001:000EF6DB   544 0001:000EF70B
   548 0001:000EF739   555 0001:000EF7E8   559 0001:000EF7F5   561 0001:000EF802
   569 0001:000EF83E   573 0001:000EF86C   580 0001:000EF91B   584 0001:000EF928
   586 0001:000EF935   595 0001:000EF97D   599 0001:000EF9AB   606 0001:000EFA5A
   610 0001:000EFA67   612 0001:000EFA74   622 0001:000EFAC8   626 0001:000EFAF6
   633 0001:000EFBA5   640 0001:000EFBB2   642 0001:000EFBCD   646 0001:000EFBE2
   647 0001:000EFBFE   653 0001:000EFC65   662 0001:000EFD3A   665 0001:000EFD47
   640 0001:000EFD4A   669 0001:000EFD53   672 0001:000EFD6B   682 0001:000EFE3D
   684 0001:000EFE4A   312 0001:000EFE4B   687 0001:000EFE54   690 0001:000EFEB5
   692 0001:000EFF5A   704 0001:000F0328   705 0001:000F0362   716 0001:000F0370
   717 0001:000F0383   719 0001:000F03A0   720 0001:000F03B0   741 0001:000F0420
   744 0001:000F042E   746 0001:000F043F   749 0001:000F0481   741 0001:000F0482
   752 0001:000F0485   756 0001:000F04A2   760 0001:000F04B2   762 0001:000F04C0
   764 0001:000F0502   760 0001:000F0503   766 0001:000F0506   767 0001:000F0514
   770 0001:000F051B   771 0001:000F051D   773 0001:000F0531   774 0001:000F0547
   776 0001:000F0573   777 0001:000F058A   779 0001:000F05B6   781 0001:000F05C1
   782 0001:000F05CF   783 0001:000F05E1   784 0001:000F05F0   786 0001:000F05F2
   771 0001:000F05F3   768 0001:000F05FA   789 0001:000F0611   793 0001:000F062B
   795 0001:000F0639   796 0001:000F064A   793 0001:000F064B   798 0001:000F064E
   802 0001:000F067A   806 0001:000F06FA   815 0001:000F0BE0   816 0001:000F0C13
   817 0001:000F0C21   818 0001:000F0C26   819 0001:000F0C43   821 0001:000F0C63
   824 0001:000F0C73   827 0001:000F0C88   828 0001:000F0C92   834 0001:000F0CA0
   836 0001:000F0CB1   839 0001:000F0CB7   828 0001:000F0CB8   841 0001:000F0CBB
   843 0001:000F0CF6   844 0001:000F0CFF   824 0001:000F0D00   847 0001:000F0D05
   850 0001:000F0D30   852 0001:000F0D35   855 0001:000F0D55   860 0001:000F0D6A
   861 0001:000F0D75   862 0001:000F0D77   864 0001:000F0D88   865 0001:000F0D8E
   867 0001:000F0D93   869 0001:000F0D9C   871 0001:000F0DC7   873 0001:000F0DC9
   862 0001:000F0DCA   874 0001:000F0DCD   855 0001:000F0DCE   878 0001:000F0DEE
   882 0001:000F0E51   891 0001:000F0F34   892 0001:000F0F56   894 0001:000F0F64
   897 0001:000F0F93   898 0001:000F0FB8   900 0001:000F0FBD   903 0001:000F0FC7
   905 0001:000F0FCC   907 0001:000F0FD5   911 0001:000F0FE4   912 0001:000F0FF5
   914 0001:000F0FFD   912 0001:000F100D   918 0001:000F1015   920 0001:000F1023
   922 0001:000F1025   923 0001:000F1049   924 0001:000F106F   920 0001:000F1070
   925 0001:000F1075   918 0001:000F1076   928 0001:000F107B   930 0001:000F108A
   932 0001:000F108C   933 0001:000F10B1   934 0001:000F10D6   930 0001:000F10D7
   935 0001:000F10DC   928 0001:000F10DD   938 0001:000F10E2   940 0001:000F10F5
   942 0001:000F10F7   943 0001:000F111C   944 0001:000F1141   940 0001:000F1142
   945 0001:000F1147   938 0001:000F1148   947 0001:000F114D   959 0001:000F11B2
   961 0001:000F11C4   963 0001:000F11C6   964 0001:000F11EA   965 0001:000F1210
   961 0001:000F1211   966 0001:000F1216   959 0001:000F1217   968 0001:000F121C
   973 0001:000F1266   901 0001:000F126A   978 0001:000F1277   980 0001:000F128E
   984 0001:000F12ED   986 0001:000F1302   991 0001:000F13D0   984 0001:000F13D1
   992 0001:000F13D8   978 0001:000F13DB   994 0001:000F13E4   996 0001:000F1409
  1000 0001:000F1441  1004 0001:000F14AE  1014 0001:000F1684  1015 0001:000F16AB
  1016 0001:000F16B9  1019 0001:000F16D3  1023 0001:000F16E0  1026 0001:000F16E5
  1029 0001:000F16F7  1031 0001:000F1700  1035 0001:000F170D  1038 0001:000F171C
  1040 0001:000F172B  1041 0001:000F173F  1042 0001:000F175A  1043 0001:000F1776
  1044 0001:000F1794  1048 0001:000F17B0  1050 0001:000F17C9  1051 0001:000F17DB
  1053 0001:000F17FC  1056 0001:000F181B  1059 0001:000F1836  1061 0001:000F1846
  1065 0001:000F18A0  1026 0001:000F18A1  1066 0001:000F18AA  1070 0001:000F18D6
  1074 0001:000F1923  1080 0001:000F1A70  1081 0001:000F1A93  1082 0001:000F1AB4
  1084 0001:000F1AC5  1085 0001:000F1ADE  1086 0001:000F1AF9  1087 0001:000F1B14
  1088 0001:000F1B29  1082 0001:000F1B2A  1089 0001:000F1B2D  1090 0001:000F1B61
  1092 0001:000F1B98  1092 0001:000F1B9F

Line numbers for uSaveToXL(uSaveToXL.pas) segment .text

    17 0001:000F6020    19 0001:000F604F    20 0001:000F6054    22 0001:000F6058
    23 0001:000F606F    24 0001:000F6086    26 0001:000F609C    27 0001:000F60AA
    28 0001:000F60B6    30 0001:000F60CD    31 0001:000F60D1    32 0001:000F60E6
    35 0001:000F60F5    36 0001:000F6101    37 0001:000F610E    39 0001:000F6151
    40 0001:000F6199    43 0001:000F61F0    45 0001:000F6208    46 0001:000F62A7
    43 0001:000F62A8    49 0001:000F62B1    52 0001:000F62BD    53 0001:000F6325
    54 0001:000F638A    57 0001:000F63F2    58 0001:000F64A4    59 0001:000F6556
    60 0001:000F6605    62 0001:000F66B5    65 0001:000F66C2    67 0001:000F66C3
    69 0001:000F66DB    72 0001:000F678E    73 0001:000F6888    74 0001:000F6982
    75 0001:000F6A79    76 0001:000F6B71    77 0001:000F6C35    67 0001:000F6C36
    79 0001:000F6C3F    63 0001:000F6C47    83 0001:000F6C57    85 0001:000F6C7F
    87 0001:000F6C87    89 0001:000F6C91    90 0001:000F6CAC    91 0001:000F6CB3
    93 0001:000F6CBA    94 0001:000F6CC2    96 0001:000F6CCA    97 0001:000F6CD2
    98 0001:000F6CDA    99 0001:000F70E9   100 0001:000F7220   100 0001:000F7227

Line numbers for uEnc(uEnc.pas) segment .text

    37 0001:000F7228    38 0001:000F7234    39 0001:000F7246    40 0001:000F725A
    41 0001:000F7286    42 0001:000F72B0    38 0001:000F72B1    43 0001:000F72B4
    45 0001:000F72EC    45 0001:000F72F3

Line numbers for uFrmProcess(uFrmProcess.pas) segment .text

    93 0001:000F7734    94 0001:000F7757    95 0001:000F777A    96 0001:000F779D
    97 0001:000F77C0    99 0001:000F77E3   100 0001:000F7806   101 0001:000F7829
   104 0001:000F7851   106 0001:000F785D   107 0001:000F787F   108 0001:000F7891
   107 0001:000F78A6   111 0001:000F78A9   112 0001:000F78B6   113 0001:000F78C3
   115 0001:000F7900   125 0001:000F79EC   126 0001:000F7A0C   127 0001:000F7A29
   129 0001:000F7A30   131 0001:000F7A32   132 0001:000F7A40   134 0001:000F7A5E
   136 0001:000F7A6F   137 0001:000F7A84   140 0001:000F7A89   141 0001:000F7AA3
   142 0001:000F7ABD   144 0001:000F7AD9   147 0001:000F7B15   148 0001:000F7B1C
   150 0001:000F7B27   152 0001:000F7B36   153 0001:000F7B41   154 0001:000F7B4E
   155 0001:000F7B57   158 0001:000F7B8E   161 0001:000F7BD0   162 0001:000F7BD9
   163 0001:000F7BE9   164 0001:000F7BF9   165 0001:000F7C09   166 0001:000F7C19
   167 0001:000F7C29   168 0001:000F7C39   172 0001:000F7C40   173 0001:000F7C63
   174 0001:000F7C77   176 0001:000F7C80   177 0001:000F7C8F   178 0001:000F7CCE
   185 0001:000F7CD8   186 0001:000F7CFF   188 0001:000F7D19   190 0001:000F7D22
   191 0001:000F7D2A   194 0001:000F7D2F   195 0001:000F7D3D   196 0001:000F7D4B
   198 0001:000F7D56   200 0001:000F7D78   202 0001:000F7D8C   204 0001:000F7DB0
   205 0001:000F7DD4   206 0001:000F7DE6   208 0001:000F7DF1   210 0001:000F7DF9
   212 0001:000F7DFB   200 0001:000F7DFC   213 0001:000F7DFF   214 0001:000F7E11
   186 0001:000F7E14   217 0001:000F7E1D   218 0001:000F7E67   226 0001:000F7E70
   227 0001:000F7E9D   228 0001:000F7EC8   229 0001:000F7ECD   231 0001:000F7EDA
   232 0001:000F7EE5   233 0001:000F7EF6   235 0001:000F7F04   236 0001:000F7F18
   237 0001:000F7F2E   238 0001:000F7F54   239 0001:000F7F64   233 0001:000F7F65
   240 0001:000F7F68   242 0001:000F7F79   245 0001:000F7FB1   247 0001:000F7FBE
   248 0001:000F7FCE   250 0001:000F7FF1   252 0001:000F8005   257 0001:000F8073
   250 0001:000F8074   259 0001:000F8077   260 0001:000F8082   294 0001:000F8097
   296 0001:000F80A2   297 0001:000F80E1   299 0001:000F80F6   300 0001:000F8103
   301 0001:000F810C   302 0001:000F8119   305 0001:000F8129   307 0001:000F8135
   308 0001:000F8142   309 0001:000F814B   312 0001:000F818F   316 0001:000F8790
   317 0001:000F8793   318 0001:000F87A0   321 0001:000F87A4   322 0001:000F87AA
   324 0001:000F87B9   325 0001:000F87C9   326 0001:000F87D4   328 0001:000F87DF
   329 0001:000F87EC   330 0001:000F87F5   331 0001:000F8802   337 0001:000F8820
   338 0001:000F8829   340 0001:000F8832   341 0001:000F8839   342 0001:000F883E
   343 0001:000F8846   344 0001:000F884B   346 0001:000F8854   348 0001:000F885B
   350 0001:000F885E   353 0001:000F8864   355 0001:000F886A   358 0001:000F8879
   360 0001:000F8884   362 0001:000F888F   366 0001:000F8894   367 0001:000F8897
   368 0001:000F88A7   371 0001:000F88BC   372 0001:000F88BF   373 0001:000F88C4
   375 0001:000F88F8   375 0001:000F88FF

Line numbers for uFrmMain(uFrmMain.pas) segment .text

    49 0001:000F8BFC    50 0001:000F8C1F    51 0001:000F8C32    52 0001:000F8C5F
    55 0001:000F8C64    56 0001:000F8C67    57 0001:000F8C73    60 0001:000F8C78
    61 0001:000F8C7B    62 0001:000F8C91    63 0001:000F8CA0    66 0001:000F8CB8
    67 0001:000F8CBB    68 0001:000F8CD1    69 0001:000F8CE0    72 0001:000F8CFC
    73 0001:000F8CFF    74 0001:000F8D15    75 0001:000F8D24    78 0001:000F8D3C
    79 0001:000F8D3F    80 0001:000F8D55    81 0001:000F8D64    84 0001:000F8D7C
    85 0001:000F8D7F    86 0001:000F8D95    87 0001:000F8DA4    90 0001:000F8DC8
    91 0001:000F8DCB    92 0001:000F8DE1    93 0001:000F8DF0    96 0001:000F8E08
    97 0001:000F8E0B    98 0001:000F8E21    99 0001:000F8E30   104 0001:000F8E48
   105 0001:000F8E5B   106 0001:000F8E68   107 0001:000F8E75   108 0001:000F8E9F
   110 0001:000F8F14   110 0001:000F8F1B

Line numbers for penjadwalan(E:\Skripsi\ghielloew - kaskus\_APP_penjadwalan\penjadwalan.dpr) segment .text

    23 0001:000F92F4    24 0001:000F930B    25 0001:000F9312    26 0001:000F9325
    28 0001:000F9335    29 0001:000F9341    31 0001:000F9346    32 0001:000F9359
    33 0001:000F936C    34 0001:000F937F    35 0001:000F9392    36 0001:000F93A5
    37 0001:000F93B8    38 0001:000F93CB    39 0001:000F93DE    40 0001:000F93E5

Bound resource files

c:\program files (x86)\borland\delphi7\Lib\Buttons.res
c:\program files (x86)\borland\delphi7\Lib\ExtDlgs.res
c:\program files (x86)\borland\delphi7\Lib\Controls.res
c:\program files (x86)\borland\delphi7\Lib\DBLogDlg.dfm
E:\_delphi_component\MySQLDAC Full\DELPHI7\mysqlAboutFrm.DFM
E:\_delphi_component\MySQLDAC Full\DELPHI7\DB.DCR
c:\program files (x86)\borland\delphi7\Lib\DBPWDlg.dfm
c:\program files (x86)\borland\delphi7\Lib\DBCtrls.res
c:\program files (x86)\borland\delphi7\Lib\DBGrids.res
uDM.dfm
uFrmDosen.dfm
uFrmMataKuliah.dfm
uFrmRuang.dfm
uFrmDateTime.dfm
uFrmWaktuTidakBersedia.dfm
uFrmPengampu.dfm
c:\program files (x86)\borland\delphi7\Lib\SPIN.RES
uFrmProcess.dfm
uFrmMain.dfm
penjadwalan.res
penjadwalan.drf


Program entry point at 0001:000F92F4
