
 Start         Length     Name                   Class
 0001:00000000 000B1E98H .text                   CODE
 0002:00000000 00007CECH .data                   DATA
 0002:00007CEC 0000481DH .bss                    BSS


Detailed map of segments

 0001:00000000 00005E9F C=CODE     S=.text    G=(none)   M=System   ACBP=A9
 0001:00005EA0 00000140 C=CODE     S=.text    G=(none)   M=SysInit  ACBP=A9
 0001:00005FE0 00000078 C=CODE     S=.text    G=(none)   M=Types    ACBP=A9
 0001:00006058 00001048 C=CODE     S=.text    G=(none)   M=Windows  ACBP=A9
 0001:000070A0 0000216C C=CODE     S=.text    G=(none)   M=ELeaks   ACBP=A9
 0001:0000920C 00000338 C=CODE     S=.text    G=(none)   M=SysConst ACBP=A9
 0001:00009544 00007338 C=CODE     S=.text    G=(none)   M=SysUtils ACBP=A9
 0001:0001087C 00000038 C=CODE     S=.text    G=(none)   M=Messages ACBP=A9
 0001:000108B4 000007FB C=CODE     S=.text    G=(none)   M=VarUtils ACBP=A9
 0001:000110B0 00002A42 C=CODE     S=.text    G=(none)   M=Variants ACBP=A9
 0001:00013AF4 00000130 C=CODE     S=.text    G=(none)   M=RTLConsts ACBP=A9
 0001:00013C24 00000B2C C=CODE     S=.text    G=(none)   M=TypInfo  ACBP=A9
 0001:00014750 00000038 C=CODE     S=.text    G=(none)   M=ActiveX  ACBP=A9
 0001:00014788 0000A14A C=CODE     S=.text    G=(none)   M=Classes  ACBP=A9
 0001:0001E8D4 00000038 C=CODE     S=.text    G=(none)   M=ETypes   ACBP=A9
 0001:0001E90C 00002944 C=CODE     S=.text    G=(none)   M=EConsts  ACBP=A9
 0001:00021250 00004C44 C=CODE     S=.text    G=(none)   M=ECore    ACBP=A9
 0001:00025E94 00004870 C=CODE     S=.text    G=(none)   M=EDebug   ACBP=A9
 0001:0002A704 00000040 C=CODE     S=.text    G=(none)   M=ShellAPI ACBP=A9
 0001:0002A744 00000544 C=CODE     S=.text    G=(none)   M=EWinSock ACBP=A9
 0001:0002AC88 00001688 C=CODE     S=.text    G=(none)   M=EHook    ACBP=A9
 0001:0002C310 000000E8 C=CODE     S=.text    G=(none)   M=ELang    ACBP=A9
 0001:0002C3F8 00001758 C=CODE     S=.text    G=(none)   M=ESockets ACBP=A9
 0001:0002DB50 00007BFC C=CODE     S=.text    G=(none)   M=EZlib2   ACBP=A9
 0001:0003574C 00000B04 C=CODE     S=.text    G=(none)   M=EHash    ACBP=A9
 0001:00036250 00000360 C=CODE     S=.text    G=(none)   M=EEncrypt ACBP=A9
 0001:000365B0 000003DC C=CODE     S=.text    G=(none)   M=EBase64  ACBP=A9
 0001:0003698C 00000154 C=CODE     S=.text    G=(none)   M=EZip     ACBP=A9
 0001:00036AE0 00007D04 C=CODE     S=.text    G=(none)   M=EWebTools ACBP=A9
 0001:0003E7E4 000005A8 C=CODE     S=.text    G=(none)   M=EXMLBuilder ACBP=A9
 0001:0003ED8C 000044D0 C=CODE     S=.text    G=(none)   M=ELogManager ACBP=A9
 0001:0004325C 000012F4 C=CODE     S=.text    G=(none)   M=EListView ACBP=A9
 0001:00044550 00007400 C=CODE     S=.text    G=(none)   M=EDisAsm  ACBP=A9
 0001:0004B950 0002A4F4 C=CODE     S=.text    G=(none)   M=ExceptionLog ACBP=A9
 0001:00075E44 000002C8 C=CODE     S=.text    G=(none)   M=Consts   ACBP=A9
 0001:0007610C 00008D7F C=CODE     S=.text    G=(none)   M=Graphics ACBP=A9
 0001:0007EE8C 00000048 C=CODE     S=.text    G=(none)   M=Math     ACBP=A9
 0001:0007EED4 000002B8 C=CODE     S=.text    G=(none)   M=Contnrs  ACBP=A9
 0001:0007F18C 00000198 C=CODE     S=.text    G=(none)   M=CommCtrl ACBP=A9
 0001:0007F324 00000787 C=CODE     S=.text    G=(none)   M=MultiMon ACBP=A9
 0001:0007FAAC 00000038 C=CODE     S=.text    G=(none)   M=Imm      ACBP=A9
 0001:0007FAE4 00000FF8 C=CODE     S=.text    G=(none)   M=HelpIntfs ACBP=A9
 0001:00080ADC 00000038 C=CODE     S=.text    G=(none)   M=WinSpool ACBP=A9
 0001:00080B14 00000044 C=CODE     S=.text    G=(none)   M=Printers ACBP=A9
 0001:00080B58 0000031F C=CODE     S=.text    G=(none)   M=FlatSB   ACBP=A9
 0001:00080E78 000001A4 C=CODE     S=.text    G=(none)   M=SyncObjs ACBP=A9
 0001:0008101C 000009BB C=CODE     S=.text    G=(none)   M=UxTheme  ACBP=A9
 0001:000819D8 00000038 C=CODE     S=.text    G=(none)   M=RichEdit ACBP=A9
 0001:00081A10 00000038 C=CODE     S=.text    G=(none)   M=ToolWin  ACBP=A9
 0001:00081A48 00000038 C=CODE     S=.text    G=(none)   M=RegStr   ACBP=A9
 0001:00081A80 00000038 C=CODE     S=.text    G=(none)   M=WinInet  ACBP=A9
 0001:00081AB8 00000038 C=CODE     S=.text    G=(none)   M=UrlMon   ACBP=A9
 0001:00081AF0 00000038 C=CODE     S=.text    G=(none)   M=ShlObj   ACBP=A9
 0001:00081B28 00000038 C=CODE     S=.text    G=(none)   M=CommDlg  ACBP=A9
 0001:00081B60 00000038 C=CODE     S=.text    G=(none)   M=Dlgs     ACBP=A9
 0001:00081B98 0000066D C=CODE     S=.text    G=(none)   M=Dialogs  ACBP=A9
 0001:00082208 0000241E C=CODE     S=.text    G=(none)   M=ExtCtrls ACBP=A9
 0001:00084628 00000038 C=CODE     S=.text    G=(none)   M=ComStrs  ACBP=A9
 0001:00084660 00000094 C=CODE     S=.text    G=(none)   M=Clipbrd  ACBP=A9
 0001:000846F4 00000038 C=CODE     S=.text    G=(none)   M=StrUtils ACBP=A9
 0001:0008472C 000000F5 C=CODE     S=.text    G=(none)   M=Buttons  ACBP=A9
 0001:00084824 00000038 C=CODE     S=.text    G=(none)   M=ExtDlgs  ACBP=A9
 0001:0008485C 00000068 C=CODE     S=.text    G=(none)   M=IniFiles ACBP=A9
 0001:000848C4 00000068 C=CODE     S=.text    G=(none)   M=Registry ACBP=A9
 0001:0008492C 0000006C C=CODE     S=.text    G=(none)   M=Mapi     ACBP=A9
 0001:00084998 00000058 C=CODE     S=.text    G=(none)   M=ExtActns ACBP=A9
 0001:000849F0 00000038 C=CODE     S=.text    G=(none)   M=ListActns ACBP=A9
 0001:00084A28 00000C68 C=CODE     S=.text    G=(none)   M=ComCtrls ACBP=A9
 0001:00085690 00000A0C C=CODE     S=.text    G=(none)   M=Themes   ACBP=A9
 0001:0008609C 000031E8 C=CODE     S=.text    G=(none)   M=StdCtrls ACBP=A9
 0001:00089284 00000168 C=CODE     S=.text    G=(none)   M=StdActns ACBP=A9
 0001:000893EC 00000D1F C=CODE     S=.text    G=(none)   M=WinHelpViewer ACBP=A9
 0001:0008A10C 00010E83 C=CODE     S=.text    G=(none)   M=Controls ACBP=A9
 0001:0009AF90 00001292 C=CODE     S=.text    G=(none)   M=ActnList ACBP=A9
 0001:0009C224 00001858 C=CODE     S=.text    G=(none)   M=ImgList  ACBP=A9
 0001:0009DA7C 000066AD C=CODE     S=.text    G=(none)   M=Menus    ACBP=A9
 0001:000A412C 0000C5F8 C=CODE     S=.text    G=(none)   M=Forms    ACBP=A9
 0001:000B0724 00000BBC C=CODE     S=.text    G=(none)   M=BackgroundWorker ACBP=A9
 0001:000B12E0 00000890 C=CODE     S=.text    G=(none)   M=Main     ACBP=A9
 0001:000B1B70 00000328 C=CODE     S=.text    G=(none)   M=BWDemo1  ACBP=A9
 0002:00000000 000000A4 C=DATA     S=.data    G=DGROUP   M=System   ACBP=A9
 0002:000000A4 00000020 C=DATA     S=.data    G=DGROUP   M=SysInit  ACBP=A9
 0002:000000C4 00000014 C=DATA     S=.data    G=DGROUP   M=ELeaks   ACBP=A9
 0002:000000D8 00000254 C=DATA     S=.data    G=DGROUP   M=SysUtils ACBP=A9
 0002:0000032C 00000008 C=DATA     S=.data    G=DGROUP   M=VarUtils ACBP=A9
 0002:00000334 0000008E C=DATA     S=.data    G=DGROUP   M=Variants ACBP=A9
 0002:000003C4 0000000C C=DATA     S=.data    G=DGROUP   M=TypInfo  ACBP=A9
 0002:000003D0 00000080 C=DATA     S=.data    G=DGROUP   M=Classes  ACBP=A9
 0002:00000450 00000908 C=DATA     S=.data    G=DGROUP   M=EConsts  ACBP=A9
 0002:00000D58 00000050 C=DATA     S=.data    G=DGROUP   M=ECore    ACBP=A9
 0002:00000DA8 0000004C C=DATA     S=.data    G=DGROUP   M=EDebug   ACBP=A9
 0002:00000DF4 00000001 C=DATA     S=.data    G=DGROUP   M=EWinSock ACBP=A9
 0002:00000DF8 000001A0 C=DATA     S=.data    G=DGROUP   M=EHook    ACBP=A9
 0002:00000F98 00000001 C=DATA     S=.data    G=DGROUP   M=ESockets ACBP=A9
 0002:00000F9C 00000E5C C=DATA     S=.data    G=DGROUP   M=EZlib2   ACBP=A9
 0002:00001DF8 00000212 C=DATA     S=.data    G=DGROUP   M=EHash    ACBP=A9
 0002:0000200C 00000144 C=DATA     S=.data    G=DGROUP   M=EBase64  ACBP=A9
 0002:00002150 000034B0 C=DATA     S=.data    G=DGROUP   M=EWebTools ACBP=A9
 0002:00005600 00000020 C=DATA     S=.data    G=DGROUP   M=EXMLBuilder ACBP=A9
 0002:00005620 00000024 C=DATA     S=.data    G=DGROUP   M=ELogManager ACBP=A9
 0002:00005644 000012D5 C=DATA     S=.data    G=DGROUP   M=EDisAsm  ACBP=A9
 0002:0000691C 000005E4 C=DATA     S=.data    G=DGROUP   M=ExceptionLog ACBP=A9
 0002:00006F00 00000304 C=DATA     S=.data    G=DGROUP   M=Graphics ACBP=A9
 0002:00007204 00000004 C=DATA     S=.data    G=DGROUP   M=Printers ACBP=A9
 0002:00007208 00000074 C=DATA     S=.data    G=DGROUP   M=Dialogs  ACBP=A9
 0002:0000727C 0000018C C=DATA     S=.data    G=DGROUP   M=ExtCtrls ACBP=A9
 0002:00007408 0000002C C=DATA     S=.data    G=DGROUP   M=Buttons  ACBP=A9
 0002:00007434 00000008 C=DATA     S=.data    G=DGROUP   M=IniFiles ACBP=A9
 0002:0000743C 00000008 C=DATA     S=.data    G=DGROUP   M=Registry ACBP=A9
 0002:00007444 00000008 C=DATA     S=.data    G=DGROUP   M=Mapi     ACBP=A9
 0002:0000744C 00000018 C=DATA     S=.data    G=DGROUP   M=ComCtrls ACBP=A9
 0002:00007464 00000068 C=DATA     S=.data    G=DGROUP   M=Themes   ACBP=A9
 0002:000074CC 0000004C C=DATA     S=.data    G=DGROUP   M=StdCtrls ACBP=A9
 0002:00007518 0000013C C=DATA     S=.data    G=DGROUP   M=Controls ACBP=A9
 0002:00007654 00000020 C=DATA     S=.data    G=DGROUP   M=ImgList  ACBP=A9
 0002:00007674 000000EC C=DATA     S=.data    G=DGROUP   M=Menus    ACBP=A9
 0002:00007760 0000011C C=DATA     S=.data    G=DGROUP   M=Forms    ACBP=A9
 0002:00008000 00000664 C=BSS      S=.bss     G=DGROUP   M=System   ACBP=A9
 0002:00008664 00000010 C=BSS      S=.bss     G=DGROUP   M=SysInit  ACBP=A9
 0002:00008674 00000004 C=BSS      S=.bss     G=DGROUP   M=Types    ACBP=A9
 0002:00008678 00000004 C=BSS      S=.bss     G=DGROUP   M=Windows  ACBP=A9
 0002:0000867C 00000058 C=BSS      S=.bss     G=DGROUP   M=ELeaks   ACBP=A9
 0002:000086D4 00000004 C=BSS      S=.bss     G=DGROUP   M=SysConst ACBP=A9
 0002:000086D8 00000120 C=BSS      S=.bss     G=DGROUP   M=SysUtils ACBP=A9
 0002:000087F8 00000004 C=BSS      S=.bss     G=DGROUP   M=Messages ACBP=A9
 0002:000087FC 0000005C C=BSS      S=.bss     G=DGROUP   M=VarUtils ACBP=A9
 0002:00008858 00000040 C=BSS      S=.bss     G=DGROUP   M=Variants ACBP=A9
 0002:00008898 00000004 C=BSS      S=.bss     G=DGROUP   M=RTLConsts ACBP=A9
 0002:0000889C 00000004 C=BSS      S=.bss     G=DGROUP   M=TypInfo  ACBP=A9
 0002:000088A0 00000004 C=BSS      S=.bss     G=DGROUP   M=ActiveX  ACBP=A9
 0002:000088A4 00000044 C=BSS      S=.bss     G=DGROUP   M=Classes  ACBP=A9
 0002:000088E8 00000004 C=BSS      S=.bss     G=DGROUP   M=ETypes   ACBP=A9
 0002:000088EC 00000004 C=BSS      S=.bss     G=DGROUP   M=EConsts  ACBP=A9
 0002:000088F0 00000009 C=BSS      S=.bss     G=DGROUP   M=ECore    ACBP=A9
 0002:000088FC 00000004 C=BSS      S=.bss     G=DGROUP   M=EDebug   ACBP=A9
 0002:00008900 00000004 C=BSS      S=.bss     G=DGROUP   M=ShellAPI ACBP=A9
 0002:00008904 00000010 C=BSS      S=.bss     G=DGROUP   M=EWinSock ACBP=A9
 0002:00008914 00000010 C=BSS      S=.bss     G=DGROUP   M=EHook    ACBP=A9
 0002:00008924 00000004 C=BSS      S=.bss     G=DGROUP   M=ELang    ACBP=A9
 0002:00008928 00000004 C=BSS      S=.bss     G=DGROUP   M=ESockets ACBP=A9
 0002:0000892C 00002894 C=BSS      S=.bss     G=DGROUP   M=EZlib2   ACBP=A9
 0002:0000B1C0 00000404 C=BSS      S=.bss     G=DGROUP   M=EHash    ACBP=A9
 0002:0000B5C4 0000001C C=BSS      S=.bss     G=DGROUP   M=EEncrypt ACBP=A9
 0002:0000B5E0 00000004 C=BSS      S=.bss     G=DGROUP   M=EBase64  ACBP=A9
 0002:0000B5E4 00000004 C=BSS      S=.bss     G=DGROUP   M=EZip     ACBP=A9
 0002:0000B5E8 00000048 C=BSS      S=.bss     G=DGROUP   M=EWebTools ACBP=A9
 0002:0000B630 00000004 C=BSS      S=.bss     G=DGROUP   M=EXMLBuilder ACBP=A9
 0002:0000B634 00000004 C=BSS      S=.bss     G=DGROUP   M=ELogManager ACBP=A9
 0002:0000B638 00000004 C=BSS      S=.bss     G=DGROUP   M=EListView ACBP=A9
 0002:0000B63C 00000004 C=BSS      S=.bss     G=DGROUP   M=EDisAsm  ACBP=A9
 0002:0000B640 00000E84 C=BSS      S=.bss     G=DGROUP   M=ExceptionLog ACBP=A9
 0002:0000C4C4 00000004 C=BSS      S=.bss     G=DGROUP   M=Consts   ACBP=A9
 0002:0000C4C8 00000060 C=BSS      S=.bss     G=DGROUP   M=Graphics ACBP=A9
 0002:0000C528 00000004 C=BSS      S=.bss     G=DGROUP   M=Math     ACBP=A9
 0002:0000C52C 00000004 C=BSS      S=.bss     G=DGROUP   M=Contnrs  ACBP=A9
 0002:0000C530 0000000C C=BSS      S=.bss     G=DGROUP   M=CommCtrl ACBP=A9
 0002:0000C53C 00000031 C=BSS      S=.bss     G=DGROUP   M=MultiMon ACBP=A9
 0002:0000C570 00000004 C=BSS      S=.bss     G=DGROUP   M=Imm      ACBP=A9
 0002:0000C574 00000008 C=BSS      S=.bss     G=DGROUP   M=HelpIntfs ACBP=A9
 0002:0000C57C 00000004 C=BSS      S=.bss     G=DGROUP   M=WinSpool ACBP=A9
 0002:0000C580 00000004 C=BSS      S=.bss     G=DGROUP   M=Printers ACBP=A9
 0002:0000C584 00000034 C=BSS      S=.bss     G=DGROUP   M=FlatSB   ACBP=A9
 0002:0000C5B8 00000004 C=BSS      S=.bss     G=DGROUP   M=SyncObjs ACBP=A9
 0002:0000C5BC 000000CC C=BSS      S=.bss     G=DGROUP   M=UxTheme  ACBP=A9
 0002:0000C688 00000004 C=BSS      S=.bss     G=DGROUP   M=RichEdit ACBP=A9
 0002:0000C68C 00000004 C=BSS      S=.bss     G=DGROUP   M=ToolWin  ACBP=A9
 0002:0000C690 00000004 C=BSS      S=.bss     G=DGROUP   M=RegStr   ACBP=A9
 0002:0000C694 00000004 C=BSS      S=.bss     G=DGROUP   M=WinInet  ACBP=A9
 0002:0000C698 00000004 C=BSS      S=.bss     G=DGROUP   M=UrlMon   ACBP=A9
 0002:0000C69C 00000004 C=BSS      S=.bss     G=DGROUP   M=ShlObj   ACBP=A9
 0002:0000C6A0 00000004 C=BSS      S=.bss     G=DGROUP   M=CommDlg  ACBP=A9
 0002:0000C6A4 00000004 C=BSS      S=.bss     G=DGROUP   M=Dlgs     ACBP=A9
 0002:0000C6A8 0000000C C=BSS      S=.bss     G=DGROUP   M=Dialogs  ACBP=A9
 0002:0000C6B4 00000004 C=BSS      S=.bss     G=DGROUP   M=ExtCtrls ACBP=A9
 0002:0000C6B8 00000004 C=BSS      S=.bss     G=DGROUP   M=ComStrs  ACBP=A9
 0002:0000C6BC 0000000C C=BSS      S=.bss     G=DGROUP   M=Clipbrd  ACBP=A9
 0002:0000C6C8 00000004 C=BSS      S=.bss     G=DGROUP   M=StrUtils ACBP=A9
 0002:0000C6CC 00000030 C=BSS      S=.bss     G=DGROUP   M=Buttons  ACBP=A9
 0002:0000C6FC 00000004 C=BSS      S=.bss     G=DGROUP   M=ExtDlgs  ACBP=A9
 0002:0000C700 00000004 C=BSS      S=.bss     G=DGROUP   M=IniFiles ACBP=A9
 0002:0000C704 00000004 C=BSS      S=.bss     G=DGROUP   M=Registry ACBP=A9
 0002:0000C708 00000004 C=BSS      S=.bss     G=DGROUP   M=Mapi     ACBP=A9
 0002:0000C70C 00000009 C=BSS      S=.bss     G=DGROUP   M=ExtActns ACBP=A9
 0002:0000C718 00000004 C=BSS      S=.bss     G=DGROUP   M=ListActns ACBP=A9
 0002:0000C71C 00000010 C=BSS      S=.bss     G=DGROUP   M=ComCtrls ACBP=A9
 0002:0000C72C 00000008 C=BSS      S=.bss     G=DGROUP   M=Themes   ACBP=A9
 0002:0000C734 00000004 C=BSS      S=.bss     G=DGROUP   M=StdCtrls ACBP=A9
 0002:0000C738 00000004 C=BSS      S=.bss     G=DGROUP   M=StdActns ACBP=A9
 0002:0000C73C 00000014 C=BSS      S=.bss     G=DGROUP   M=WinHelpViewer ACBP=A9
 0002:0000C750 00000080 C=BSS      S=.bss     G=DGROUP   M=Controls ACBP=A9
 0002:0000C7D0 00000004 C=BSS      S=.bss     G=DGROUP   M=ActnList ACBP=A9
 0002:0000C7D4 0000000C C=BSS      S=.bss     G=DGROUP   M=ImgList  ACBP=A9
 0002:0000C7E0 00000010 C=BSS      S=.bss     G=DGROUP   M=Menus    ACBP=A9
 0002:0000C7F0 00000020 C=BSS      S=.bss     G=DGROUP   M=Forms    ACBP=A9
 0002:0000C810 00000004 C=BSS      S=.bss     G=DGROUP   M=BackgroundWorker ACBP=A9
 0002:0000C814 00000008 C=BSS      S=.bss     G=DGROUP   M=Main     ACBP=A9


  Address         Publics by Name

 0002:00001260       ..
 0002:0000A934       ..
 0001:000338D0       ..
 0002:0000138C       ..
 0002:000010F0       ..
 0002:00001020       ..
 0002:000010A0       ..
 0001:0002F994       ..
 0002:0000104C       ..
 0002:00000FC4       ..
 0002:00008934       ..
 0002:00001034       ..
 0001:0002E480       ..
 0001:0002FE68       ..
 0002:0000102C       ..
 0001:0002FDA0       ..
 0002:000088FC       .03
 0002:0000C530       .1
 0002:00008900       .1
 0002:0000C708       .1
 0002:0000C744       .1
 0002:00008914       .1
 0002:00008924       .1
 0002:000086D4       .1
 0002:0000866C       .1
 0002:00008674       .1
 0002:000087F8       .1
 0002:0000B5E0       .1
 0002:0000B5C4       .1
 0002:0000B1C0       .1
 0002:0000C6C8       .1
 0002:0000C55C       .1
 0002:0000C570       .1
 0002:0000C4C4       .1
 0002:0000C6B8       .1
 0002:0000C5A4       .1
 0002:000088E8       .1
 0002:0000C678       .1
 0002:00008694       .1
 0002:0000C688       .1
 0002:0000C690       .1
 0002:00008898       .1
 0002:0000C694       .1
 0002:0000C698       .1
 0002:0000C69C       .1
 0002:0000C6A0       .1
 0002:0000C6A4       .1
 0002:0000C6A8       .11
 0002:0000C4CC       .12
 0002:0000C6B4       .12
 0002:0000C6C0       .2
 0002:0000C528       .2
 0002:0000892C       .2
 0002:0000B63C       .2
 0002:0000B638       .2
 0002:0000C574       .2
 0002:0000C818       .2
 0002:0000C72C       .2
 0002:0000B664       .21
 0002:0000C52C       .21
 0002:0000C7D4       .3
 0002:0000C810       .3
 0002:00008678       .3
 0002:000088A0       .3
 0002:0000B634       .3
 0002:0000C580       .3
 0002:0000B5E4       .3
 0002:0000C57C       .3
 0002:0000C6FC       .3
 0002:0000B630       .3
 0002:00008928       .3
 0002:000087E8       .35
 0002:0000C71C       .36
 0002:0000C68C       .4
 0002:00008904       .4
 0002:000088F4       .4
 0002:0000C6CC       .4
 0002:0000C7F8       .41
 0002:0000C734       .42
 0002:000088B0       .45
 0002:00008854       .5
 0002:000088EC       .5
 0002:0000C704       .5
 0002:000085BC       .5
 0002:0000889C       .6
 0002:0000C5B8       .6
 0002:0000B5E8       .7
 0002:0000C70C       .72
 0002:0000C758       .72
 0002:0000C738       .73
 0002:0000C7D0       .8
 0002:0000C700       .8
 0002:0000C718       .8
 0002:00008878       .81
 0002:0000C7E8       .9
 0001:000020B0       @AbstractError
 0001:00004830       @AddRefArray
 0001:000047E8       @AddRefRecord
 0001:00003088       @AfterConstruction
 0001:00002EB4       @AsClass
 0001:00003B48       @Assert
 0001:0000251C       @AStrCmp
 0001:00003098       @BeforeDestruction
 0001:00002F00       @CallDynaInst
 0001:000058DC       @CheckAutoResult
 0001:00003030       @ClassCreate
 0001:00003080       @ClassDestroy
 0001:000023E8       @Close
 0001:00001CA4       @Copy
 0001:00004A24       @CopyArray
 0001:00004908       @CopyRecord
 0001:00030814       @deflateInit2_
 0001:00004B3C       @DispCallByIDError
 0001:00011B50       @DispInvokeError
 0001:00004B2C       @Dispose
 0001:000035D8       @DoneExcept
 0001:000050D0       @DynArrayAddRef
 0001:000050A8       @DynArrayAsg
 0001:0000506C       @DynArrayClear
 0001:00004E8C       @DynArrayHigh
 0001:00004E84       @DynArrayLength
 0001:00005060       @DynArraySetLength
 0001:000036C0       @ExceptionHandler
 0001:0000258C       @FillChar
 0001:0002FA60       @fill_fopen_filefunc
 0001:000047DC       @Finalize
 0001:000046F0       @FinalizeArray
 0001:000046A4       @FinalizeRecord
 0001:00002F18       @FindDynaInst
 0001:000023DC       @Flush
 0001:00002C30       @FpuInit
 0001:00002B6C       @FpuMaskInit
 0001:00001AC8       @FreeMem
 0001:00001A98       @GetMem
 0001:00005F18       @GetTls
 0001:0002FF98       @get_crc_table
 0001:00003B30       @Halt
 0001:00003A50       @Halt0
 0001:000031AC       @HandleAnyException
 0001:00003498       @HandleAutoException
 0001:00003460       @HandleFinally
 0001:000032D8       @HandleOnException
 0001:00031F08       @inflateInit2_
 0001:00031950       @inflate_fast
 0001:00033460       @inflate_table
 0001:00005F64       @InitExe
 0001:00004698       @Initialize
 0001:00004604       @InitializeArray
 0001:000045D4       @InitializeRecord
 0001:00003914       @InitImports
 0001:000038EC       @InitResStringImports
 0001:000038C8       @InitResStrings
 0001:00001D60       @Insert
 0001:00005840       @IntfAddRef
 0001:00005810       @IntfCast
 0001:000057CC       @IntfClear
 0001:000057E4       @IntfCopy
 0001:00002E90       @IsClass
 0001:00002B3C       @isNECWindows
 0001:00001CE8       @LGetDir
 0001:000040B8       @LStrAddRef
 0001:00003C10       @LStrArrayClr
 0001:00003C40       @LStrAsg
 0001:00003ED0       @LStrCat
 0001:00003F14       @LStrCat3
 0001:00003F88       @LStrCatN
 0001:00003BEC       @LStrClr
 0001:00004014       @LStrCmp
 0001:00004128       @LStrCopy
 0001:00004168       @LStrDelete
 0001:00003E5C       @LStrFromArray
 0001:00003DD4       @LStrFromChar
 0001:00003DE4       @LStrFromPChar
 0001:00003CDC       @LStrFromPCharLen
 0001:00003E14       @LStrFromPWChar
 0001:00003D48       @LStrFromPWCharLen
 0001:00003E50       @LStrFromString
 0001:00003E74       @LStrFromWArray
 0001:00003E90       @LStrFromWStr
 0001:000041B0       @LStrInsert
 0001:00003C84       @LStrLAsg
 0001:00003EC8       @LStrLen
 0001:0000420C       @LStrPos
 0001:00004254       @LStrSetLength
 0001:000040C8       @LStrToPChar
 0001:00003EA4       @LStrToString
 0001:00004B18       @New
 0001:00003CB0       @NewAnsiString
 0001:000042FC       @NewWideString
 0001:00001FF0       @Pos
 0001:00002850       @Pow10
 0001:00002498       @PStrCmp
 0001:00002470       @PStrCpy
 0001:00002440       @PStrNCat
 0001:0000247C       @PStrNCpy
 0001:00003584       @RaiseAgain
 0001:0000355C       @RaiseExcept
 0001:000025AC       @RandInt
 0001:00001AE8       @ReallocMem
 0001:00002124       @RewritText
 0001:00002080       @ROUND
 0001:00003B3C       @RunError
 0001:00002834       @SetEq
 0001:00002030       @SetLength
 0001:00003888       @StartExe
 0001:000002F4       @strlen
 0001:0000208C       @TRUNC
 0001:00003608       @TryFinallyExit
 0001:00004120       @UniqueStringA
 0001:00004C60       @ValInt64
 0001:000025C8       @ValLong
 0001:00013248       @VarAddRef
 0001:00004818       @VarAddRef
 0001:00011E3C       @VarClear
 0001:00011E50       @VarClr
 0001:000046D8       @VarClr
 0001:00012178       @VarCopy
 0001:000048F0       @VarCopy
 0001:00013180       @VarFromBool
 0001:000131D0       @VarFromCurr
 0001:00013118       @VarFromInt
 0001:00013154       @VarFromInt64
 0001:000131E4       @VarFromLStr
 0001:000131A8       @VarFromReal
 0001:000131BC       @VarFromTDateTime
 0001:00013210       @VarFromWStr
 0001:00011BA4       @VarNull
 0001:000124A4       @VarToLStr
 0001:00012BC4       @VarToWStr
 0001:000042B8       @Write0LString
 0001:000026E0       @WriteBytes
 0001:000027B0       @WriteLn
 0001:000042D4       @WriteLString
 0001:00002734       @WriteSpaces
 0001:000045B4       @WStrAddRef
 0001:0000433C       @WStrArrayClr
 0001:00004360       @WStrAsg
 0001:00004324       @WStrClr
 0001:0000449C       @WStrCmp
 0001:00004520       @WStrCopy
 0001:00004470       @WStrFromLStr
 0001:00004384       @WStrFromPCharLen
 0001:00004434       @WStrFromPWChar
 0001:00004410       @WStrFromPWCharLen
 0001:00004490       @WStrLen
 0001:0000456C       @WStrSetLength
 0001:00004480       @WStrToPWChar
 0001:00002810       @_CLenToPasStr
 0001:00002804       @_CToPasStr
 0001:00001C74       @_IOTest
 0001:00004B68       @_lldiv
 0001:00004BE4       @_llmod
 0001:00004B44       @_llmul
 0001:00034AD0       @_tr_align
 0001:00034D9C       @_tr_flush_block
 0001:000338D4       @_tr_init
 0001:00034A14       @_tr_stored_block
 0001:0000E764       Abort
 0002:0000B795       AbortOperation
 0001:0008CF60       AbsMin
 0001:0000EAE8       AbstractErrorHandler
 0002:0000802C       AbstractErrorProc
 0002:0000015C       AccessMode
 0001:00067474       AccessViolationModuleInLongFormat
 0001:00001BBC       AcquireExceptionObject
 0001:0005DFF4       ActicatePage
 0001:00016BB0       ActivateClassGroup
 0002:0000B7DC       ActivateEurekaLog
 0001:00006814       ActivateKeyboardLayout
 0002:0000C78C       ActiveDrag
 0001:00014780       ActiveX
 0001:0009C1F8       ActnList
 0001:0003846C       AddAuthenticationToURL
 0001:0000046C       AddBlockAfter
 0001:0006DD58       AddCallerCallStack
 0001:00061F44       AddColor
 0001:00059978       AddCustomHeadersToLog
 0001:0005981C       AddCustomHeaderToLog
 0002:000003D0       AddDataModule
 0001:0002D228       AddDNS
 0001:0000A218       AddExitProc
 0001:00019FEC       AddFinished
 0001:0009F6B0       AddIn
 0002:00008690       AddLeak
 0001:000584A4       AddModule
 0001:00058334       AddModuleFromFileName
 0001:00005624       AddModuleUnloadProc
 0001:00005634       AddModuleUnloadProc
 0001:00051C54       AddNewProcess
 0001:00052040       AddNewProcessEx
 0001:0001A024       AddNotFinished
 0001:0002B28C       AddrSize
 0001:0006673C       AddStr
 0001:0001AA48       AddSubComponentsToLoaded
 0001:0001CE5C       AddThread
 0001:00058544       AddToStack
 0001:00040684       AddValueField
 0001:0002E294       AddZipFile
 0001:00079B28       AdjustColor
 0001:00083E74       AdjustColors
 0001:0005DF44       AdjustDialog
 0001:0005B350       AdjustFlatStyle
 0001:000A6754       Adjustment
 0001:0000681C       AdjustWindowRectEx
 0001:0002FA98       adler32
 0001:00053C90       Advance
 0001:00062B04       AfterScreenshot
 0001:00062838       AfterScreenshotToStream
 0002:00007738       Alignments
 0002:00007284       Alignments
 0002:00007748       Alignments
 0002:000074D4       Alignments
 0001:000AD698       AlignWork
 0001:000925C0       AlignWork
 0002:000086B0       AllocatedList_End
 0002:000086A4       AllocatedList_Lock
 0002:000086AC       AllocatedList_Start
 0002:000086A8       AllocatedList_ThreadID
 0001:0001E6B4       AllocateHWnd
 0001:0000A1BC       AllocMem
 0001:0004BE18       AllocMemAlign
 0002:000085B4       AllocMemCount
 0002:000085B8       AllocMemSize
 0001:0007EC84       AllocPatternBitmap
 0001:00005EC0       AllocTlsBuffer
 0002:000055E0       AlphaNumerics
 0002:00007524       AnchorAlign
 0002:00007518       AnimateWindowProc
 0002:00007620       AnimationStyle
 0001:0000F444       AnsiCompareFileName
 0001:0000A3EC       AnsiCompareStr
 0001:0000A424       AnsiCompareText
 0001:0000ABD0       AnsiLastChar
 0001:00006824       AnsiLower
 0001:0000A3B8       AnsiLowerCase
 0001:0000F4C4       AnsiLowerCaseFileName
 0001:0000F408       AnsiPos
 0001:000A3F38       AnsiSameCaption
 0001:0000A45C       AnsiSameText
 0001:0000A474       AnsiStrLIComp
 0001:0000F550       AnsiStrPos
 0001:0000F610       AnsiStrRScan
 0001:0000F658       AnsiStrScan
 0001:00005C5C       AnsiToUtf8
 0001:0000CA38       AppendChars
 0001:0000CE04       AppendFormat
 0001:0000CA9C       AppendNumber
 0001:0000CA7C       AppendString
 0002:0000C7F0       Application
 0002:000003E0       ApplicationHandleException
 0001:00058D58       ApplicationRestore
 0002:000003E8       ApplicationShowException
 0002:00007874       AppVisible
 0001:00007C98       AreTheSameLeak
 0001:000571C4       ASMAssigned
 0002:00000E98       AsmConst
 0001:00067244       ASPDotNetWebSiteFile
 0001:0005C95C       AssemblerDialogProc
 0001:0004D4DC       AssemblerToRTF
 0001:0000EACC       AssertErrorHandler
 0002:00008024       AssertErrorProc
 0001:00014018       AssignLongStr
 0001:000603C8       AssignOnCloseData
 0001:0005A254       AssignPriority
 0001:0002A59C       AssignValidDebugInfo
 0001:0001457C       AssignVariant
 0001:000639A0       AttachedFile
 0001:00063C38       AttachedFiles
 0002:0000B658       AttachedFilesRequest
 0001:00069908       AttrToString
 0002:0000B7E0       AutoCloseTimer
 0001:000596F0       AutoCloseTimerProc
 0002:0000860C       avail
 0001:0000B0D4       BackfillGetDiskFreeSpaceEx
 0001:0008FAF4       BackgroundClipped
 0001:000B12D8       BackgroundWorker
 0001:00010B44       BackupVarBoolFromStr
 0001:00010CA4       BackupVarBStrFromBool
 0001:00010BC4       BackupVarBStrFromCy
 0001:00010C34       BackupVarBStrFromDate
 0001:00010AD8       BackupVarCyFromStr
 0001:00010A6C       BackupVarDateFromStr
 0001:00010928       BackupVarI4FromStr
 0001:000108D4       BackupVariantChangeTypeEx
 0001:00010994       BackupVarR4FromStr
 0001:00010A00       BackupVarR8FromStr
 0001:0003676C       Base64Decode
 0001:000368A8       Base64DecodeStr
 0001:00036914       Base64DecodeString
 0001:0003661C       Base64Encode
 0001:00063544       Base64EncodeFromFile
 0001:00036854       Base64EncodeStr
 0001:0003690C       Base64EncodeString
 0001:0003691C       Base64EncodeToString
 0002:0000204C       Base64Filler
 0001:0000F0C8       Beep
 0001:00016F08       BeginGlobalLoading
 0001:0000682C       BeginPaint
 0001:00003BA0       BeginThread
 0001:00079B34       BetterSize
 0001:000A0544       BiDiDraw
 0001:00023FF0       BinToStr
 0001:000065BC       BitBlt
 0002:00007408       BitBtnCaptions
 0002:0000C6D0       BitBtnGlyphs
 0002:000071B8       BitmapCanvasList
 0002:0000C4E4       BitmapImageLock
 0001:00010910       BiUnimplemented
 0002:00000424       BlockCode
 0002:000085E4       blockDescBlockList
 0002:000085E8       blockDescFreeList
 0001:000662CC       BlockingSendInternetMessage
 0002:000000C8       BlockOverFoot
 0002:000000C4       BlockOverHead
 0002:00000D80       BOMBigEndian
 0002:00000D7C       BOMUnicode
 0002:00000D84       BOMUTF8
 0002:000003C4       BooleanIdents
 0002:00000340       BooleanToStringRule
 0001:0000A8DC       BoolToStr
 0001:0001222C       BoolToWStrViaOS
 0002:0000727C       BorderStyles
 0002:000074CC       BorderStyles
 0001:00006004       Bounds
 0001:00015EC8       Bounds
 0002:000076E0       Breaks
 0002:0000C51C       BrushManager
 0001:000A2D18       BuildImage
 0001:000522EC       BuildListPS
 0001:000521B0       BuildListTH
 0002:00007250       ButtonCaptions
 0002:00007224       ButtonNames
 0002:0000775C       Buttons
 0001:000847FC       Buttons
 0002:00007510       ButtonStyles
 0001:000B1E20       BWDemo1
 0002:00006904       ByteRegs1
 0002:00006908       ByteRegs2
 0001:00079300       BytesPerScanline
 0001:000620C0       BytesPerScanline
 0001:00061AD8       BytesSwap
 0001:00079664       ByteSwapColors
 0001:0000F1AC       ByteToCharIndex
 0001:0000F184       ByteToCharLen
 0001:0000F148       ByteType
 0001:0000F0D0       ByteTypeTest
 0002:0000C7D8       CachedComCtrlVer
 0002:0000B9D8       Cached_LogFile
 0001:00072284       CalcAddr
 0001:00061B08       CalcCRC
 0001:000365DC       CalcDecodedSize
 0001:00055384       CalcDuplicatedException
 0001:000365B0       CalcEncodedSize
 0001:0001E5F0       CalcJmpOffset
 0001:0009A280       CalcSplitterPos
 0001:0002B614       CalculateRelocatedAsmSize
 0001:0005639C       CallAttachedFilesRequest
 0001:0005640C       CallAttachedFilesRequestEvents
 0001:00056540       CallCustomButtonClickEvent
 0001:000565AC       CallCustomButtonClickEvents
 0001:000562CC       CallCustomDataRequest
 0001:0005633C       CallCustomDataRequestEvents
 0001:00056470       CallCustomWebFieldsRequest
 0001:000564E0       CallCustomWebFieldsRequestEvents
 0001:00007168       CallerOfReallocMem
 0001:00055FD0       CallExceptionActionNotify
 0001:0006A228       CallExceptionActionNotify_atSavedLogFile
 0001:0006A204       CallExceptionActionNotify_atSavingLogFile
 0001:000650C0       CallExceptionActionNotify_atSendingEmail
 0001:00065108       CallExceptionActionNotify_atSendingWebMessage
 0001:000650E4       CallExceptionActionNotify_atSentEmail
 0001:0006512C       CallExceptionActionNotify_atSentWebMessage
 0001:0006A5A4       CallExceptionActionNotify_atShowedExceptionInfo
 0001:0006A580       CallExceptionActionNotify_atShowingExceptionInfo
 0001:000613D0       CallExceptionActionNotify_atTerminating
 0001:00056144       CallExceptionErrorNotify
 0001:0006A24C       CallExceptionErrorNotify_atSavedLogFile
 0001:00065150       CallExceptionErrorNotify_atSentEmail
 0001:00065174       CallExceptionErrorNotify_atSentWebMessage
 0001:00055DD8       CallExceptionNotify
 0001:00055E44       CallExceptionNotifyEvents
 0002:00006924       CallForGetLogText
 0002:00006920       CallFromCOMObject
 0001:00055EA8       CallHandledExceptionNotify
 0001:00055F14       CallHandledExceptionNotifyEvents
 0001:00056348       CallModuleEvent_AttachedFilesRequest
 0001:000564EC       CallModuleEvent_CustomButtonClickNotify
 0001:00056278       CallModuleEvent_CustomDataRequest
 0001:00056418       CallModuleEvent_CustomWebFieldsRequest
 0001:00055F20       CallModuleEvent_ExceptionActionNotify
 0001:00056098       CallModuleEvent_ExceptionErrorNotify
 0001:00055D88       CallModuleEvent_ExceptionNotify
 0001:00055E50       CallModuleEvent_HandledExceptionNotify
 0001:000565B8       CallModuleEvent_PasswordRequest
 0001:00006834       CallNextHookEx
 0001:0005620C       CallPasswordRequest
 0001:00058984       CallStackByAddresses
 0001:0005CE74       CallStackDialogProc
 0001:0000FD30       CallTerminateProcs
 0001:0000683C       CallWindowProc
 0001:0006A5C8       CallWriteIntraWebText
 0001:0007074C       Call_HookedExceptionObject
 0001:000704A8       Call_HookedRaise
 0001:00070778       Call_HookedRtlUnwind
 0001:0006164C       CalsCoordinates
 0002:0000B796       CanAttachScreenshot
 0002:0000B791       CanAttachScreenshot_Show
 0001:0008DF98       CancelDrag
 0002:0000B797       CanCopy
 0002:0000B792       CanCopy_Show
 0001:00075004       CanEnableEurekaLogInPackages
 0001:00056F90       CanExit
 0002:0000B759       CanHookLibraries
 0002:00006E4C       CannotProcessMessagesExceptions
 0002:00006E98       CannotShowDialog
 0002:0000B95C       CannotUseThread
 0001:0006DDCC       CanPauseThisThread
 0002:0000B790       CanSendError_Show
 0002:0000B794       CanSendMessage
 0001:0007200C       CanShowHandledExceptionEx
 0002:0000B793       CanSupport_Show
 0002:0000C520       CanvasList
 0002:0000C7A0       CanvasList
 0002:0000BA08       CaptionFontName
 0002:00007210       Captions
 0002:0000BC44       CAPTION_HEIGHT
 0002:000075DC       CaptureControl
 0002:00002050       cBase64Codec
 0002:0000200C       cBase64Codec
 0002:00007680       cBooleanToItemAutoFlag
 0001:0005AD90       CenterOnActiveWndMonitor
 0001:00059674       CenterWindow
 0002:0000C6BE       CF_COMPONENT
 0002:0000C6BC       CF_PICTURE
 0002:0000B714       CGIHandleException
 0002:0000B6C0       CGIOutputFile
 0002:00008870       ChangeAnyProc
 0001:0008C518       ChangeBiDiModeAlignment
 0001:0000AC58       ChangeFileExt
 0001:00074528       ChangeFinalizationOrder
 0001:0006033C       ChangeLogUserEmail
 0002:000074F4       CharCases
 0001:00003D0C       CharFromWChar
 0001:0000F390       CharLength
 0001:00006844       CharLowerBuff
 0001:00000254       CharNext
 0001:0000684C       CharNext
 0002:00005624       chars
 0001:00077BF8       CharsetToIdent
 0001:0000F298       CharToByteIndex
 0001:0000F2FC       CharToByteLen
 0001:00006854       CharToOemA
 0001:0007A118       CheckBool
 0001:00074EF8       CheckCrc32
 0001:0002309C       CheckDirectoryExists
 0001:000383D8       CheckError
 0001:0002BCD8       CheckFail
 0001:000741E8       CheckForMemoryLeaks
 0001:00053B38       CheckForResult
 0001:00022E74       CheckIntoIDE
 0001:00003128       CheckJmp
 0001:0002DC2C       CheckLibrary
 0001:0004C524       CheckMagicCode
 0001:0000685C       CheckMenuItem
 0001:00007918       CheckOurPointer
 0002:000076D0       Checks
 0001:0001AA84       CheckSubComponents
 0001:0001CE74       CheckSynchronize
 0001:000A6190       CheckTaskWindow
 0001:0008DC4C       CheckUndock
 0001:0000EFBC       CheckWin32Version
 0002:00000344       CInvalidCustomVariantType
 0002:00007684       cItemAutoFlagToBoolean
 0002:0000767C       cItemAutoFlagToMenu
 0001:0001E840       Classes
 0001:00016974       ClassNotFound
 0002:0000886C       ClearAnyProc
 0001:00077478       ClearColor
 0001:00050440       ClearInternalError
 0001:00013584       ClearVariantTypeList
 0002:0000BBAD       ClickLinkActive
 0001:00043B68       ClickOnSign
 0001:00006864       ClientToScreen
 0001:00097824       ClientToWindow
 0002:000071B0       ClipboardFormats
 0001:0008469C       Clipbrd
 0001:0004E914       CloneObject
 0001:0000686C       CloseClipboard
 0001:0000617C       CloseHandle
 0001:000001F4       CloseHandle
 0001:00055368       CloseLogFile
 0001:000638C4       CloseSendDialog
 0001:0002A9DC       closesocket
 0002:0000C5C0       CloseThemeData
 0001:0002E458       CloseZipFile
 0002:0000B71C       CLXHandleException
 0002:0000B720       CLXShowException
 0002:00008040       CmdLine
 0002:0000803C       CmdShow
 0002:00007678       cMenuAutoFlagToItem
 0001:0001091C       CmpUnimplemented
 0002:00006EC0       ColIdx
 0002:00006F30       Colors
 0001:000779F0       ColorToIdent
 0002:00007290       ColorToPretyName
 0001:000779E0       ColorToRGB
 0002:0000BBE0       ColWidths
 0001:000065C4       CombineRgn
 0002:0000C534       ComCtl32DLL
 0002:0000C728       ComCtlVersion
 0001:00085688       ComCtrls
 0002:0000C7EC       CommandPool
 0001:0007F31C       CommCtrl
 0001:00081B58       CommDlg
 0001:000007EC       Commit
 0002:00008628       committedRoot
 0001:0006277C       CommonSaveToStream
 0001:000574A4       CompareEurekaFunctions
 0001:0009EC94       CompareFront
 0001:0000A320       CompareMem
 0001:000516E0       CompareModulesFunctions
 0001:00051AA8       CompareProcessesFunctions
 0001:0000A2F0       CompareStr
 0001:00006184       CompareString
 0001:0000A340       CompareText
 0001:0000A804       CompareWith
 0001:000686A8       CompleteIP
 0001:0003A258       CompleteNumber
 0001:0003F810       CompleteStr
 0001:0004CAC4       CompleteStr
 0001:00069964       CompleteString
 0001:000214EC       CompleteVersion
 0001:0001AB64       ComponentCreated
 0001:00035854       Compress
 0001:0002FE54       compressBound
 0001:00079ED8       ComputeAldusChecksum
 0001:00025AA8       ComputerName
 0001:0004E3C0       ComputerName
 0001:00084658       ComStrs
 0001:0002AA08       connect
 0001:00076104       Consts
 0001:0007F184       Contnrs
 0002:0000C75E       ControlAtom
 0002:0000C764       ControlAtomString
 0001:000AAF3C       ControlHasHelp
 0001:0009AF00       Controls
 0001:0000E4F4       ConvertAddr
 0001:00007450       ConvertAddress
 0001:00022724       ConvertAddress
 0001:0000CB90       ConvertEraString
 0001:0000A180       ConvertError
 0001:0000A198       ConvertErrorFmt
 0001:0003EED0       ConvertNotDosText
 0001:00036E1C       ConvertSpecialHTMLChars
 0001:0000CCFC       ConvertYearString
 0001:00004E94       CopyArray
 0001:0007C2B4       CopyBitmap
 0001:0007C97C       CopyBitmapAsMask
 0001:000065CC       CopyEnhMetaFile
 0001:00006DE4       CopyMemory
 0001:0007C918       CopyPalette
 0001:00006874       CopyRect
 0002:00007468       Copyright
 0001:000568D8       CopyStrings
 0001:000A1DC4       CopyToBest
 0001:000083FC       CountAllLeaks
 0001:0000F208       CountChars
 0002:0000C4FC       CounterLock
 0001:0005DD18       CPUDialogProc
 0001:0004D878       CPUToRTF
 0002:00000348       CRangeToType
 0002:00001DF8       Crc16Tab
 0001:0002FFAC       crc32
 0002:0000B1C4       crc_table
 0002:00001FF8       crc_table_computed
 0001:000622D8       Create8bitBitmap
 0001:0000EA10       CreateAssertException
 0001:0000EB98       CreateAVObject
 0001:000065D4       CreateBitmap
 0001:000065DC       CreateBrushIndirect
 0001:000065E4       CreateCompatibleBitmap
 0001:000065EC       CreateCompatibleDC
 0001:0001ABE4       CreateComponent
 0001:00006F58       CreateDialogA
 0001:00059318       CreateDialogFonts
 0001:0000687C       CreateDialogParamA
 0001:000065FC       CreateDIBitmap
 0001:000065F4       CreateDIBSection
 0001:0000B1E4       CreateDir
 0001:0000618C       CreateDirectory
 0001:00006194       CreateEvent
 0001:0005A524       CreateExceptionReport
 0001:0000619C       CreateFile
 0001:000061A4       CreateFileA
 0001:000001FC       CreateFileA
 0001:000061AC       CreateFileMapping
 0001:00006604       CreateFontA
 0001:0000660C       CreateFontIndirect
 0001:00006614       CreateFontIndirectA
 0001:0006A5D4       CreateGeneralText
 0001:0000661C       CreateHalftonePalette
 0001:00052EC4       CreateHTMLByLayout
 0001:00055970       CreateHTMLFile
 0001:00006884       CreateIcon
 0001:0000E93C       CreateInOutError
 0001:0005A8F4       CreateLeakReport
 0001:0006B694       CreateLogText
 0001:0000688C       CreateMenu
 0001:0002D65C       CreateMXQuery
 0001:00061EC4       CreateOctreeNode
 0001:00006624       CreatePalette
 0001:0000662C       CreatePenIndirect
 0001:00006894       CreatePopupMenu
 0001:000061B4       CreateProcessA
 0001:00006634       CreateRectRgn
 0001:0000663C       CreateRectRgnIndirect
 0001:00006644       CreateSolidBrush
 0001:000796BC       CreateSystemPalette
 0001:0005329C       CreateTemplateFile
 0001:000061BC       CreateThread
 0001:0000025C       CreateThread
 0001:0005AA9C       CreateThreadStr
 0001:00064BAC       CreateTmpLogFile
 0001:0004EF54       CreateVirtualFile
 0001:00006F00       CreateWindow
 0001:00006EA8       CreateWindowEx
 0001:00055A3C       CreateXMLLogCopy
 0001:00065198       CreateZIPFile
 0001:0002E200       CreateZipFile
 0001:000736B0       Create_EurekaLogUnitsList
 0002:00007208       CreationControl
 0002:0000751C       CreationControl
 0002:000003B0       CRelationshipToBoolean
 0002:0000032C       CResult
 0002:00000D58       CriticalError
 0002:00006E70       CriticalExceptObject
 0002:00000154       cSimpleBoolStrs
 0002:0000035C       CText
 0002:00007618       Ctl3DStyles
 0002:00008620       curAlloc
 0002:000086E0       CurrencyDecimals
 0002:000086DC       CurrencyFormat
 0002:000086D8       CurrencyString
 0002:0000B748       CurrentAsmErrorLine
 0002:0000B750       CurrentAsmErrorText
 0002:0000B754       CurrentCPUErrorText
 0002:0000B7E4       CurrentDialog
 0001:000722F8       CurrentEurekaLogOptions
 0002:0000B74C       CurrentGeneralErrorText
 0002:0000B6BC       CurrentOptions
 0002:0000B7FC       CurrentProcessWindowsList
 0002:00006E5C       CurrentStackList
 0001:0000CA24       CurrentYear
 0001:0000C38C       CurrToStr
 0001:000121BC       CurrToWStrViaOS
 0002:000077F8       CursorMap
 0002:0000752C       Cursors
 0001:0008C838       CursorToIdent
 0002:000077E8       cUseAlpha
 0002:000077F0       cUseColorKey
 0002:0000B660       CustomButtonClickNotify
 0002:0000B654       CustomDataRequest
 0002:0000B780       CustomExceptMessage
 0001:0007427C       CustomHandler
 0002:00006930       CustomSmtpHeloCommand
 0002:0000B65C       CustomWebFieldsRequest
 0002:0000B5C8       CV
 0001:0000A548       CvtInt
 0001:0000A5B4       CvtInt64
 0002:00000194       CWNear
 0001:0000C974       Date
 0002:000086E1       DateSeparator
 0001:0000D668       DateTimeToStr
 0001:00021A64       DateTimeToStrFixed
 0001:0000D5DC       DateTimeToString
 0001:0000C4E0       DateTimeToTimeStamp
 0001:0000D638       DateToStr
 0001:000121F4       DateToWStrViaOS
 0001:0000C94C       DayOfWeek
 0002:0000B7F8       DbgSection
 0002:00000190       DCon10
 0002:00006F2C       DDBsOnly
 0001:0001E768       DeallocateHWnd
 0002:0000002C       DebugHook
 0002:0000B938       DebugHook_Assigned
 0001:0006678C       DebugToStr
 0002:000086DF       DecimalSeparator
 0001:0000C8BC       DecodeDate
 0001:0000C76C       DecodeDateFully
 0001:00027980       DecodeNameString
 0001:0000C5D4       DecodeTime
 0001:000008AC       Decommit
 0001:00000FD8       DecommitFree
 0002:000085FC       decommittedRoot
 0001:000364A8       Decrypt
 0001:000A8BBC       Default
 0001:000AE2D4       Default
 0002:00000024       Default8087CW
 0002:00007520       DefaultDockTreeClass
 0002:00000038       DefaultTextLineBreakStyle
 0002:000085C0       DefaultUserCodePage
 0002:00007180       DefBrushData
 0002:00006F00       DefFontData
 0001:0000689C       DefFrameProc
 0001:00030DE4       deflate
 0001:000310A8       deflateEnd
 0001:000307F8       deflateInit_
 0002:00000220       DefLongDayNames
 0002:000001D4       DefLongMonthNames
 0001:000068A4       DefMDIChildProc
 0002:00007160       DefPenData
 0002:00000204       DefShortDayNames
 0002:000001A4       DefShortMonthNames
 0001:000068AC       DefWindowProc
 0001:000068B4       DefWindowProcA
 0001:0000510C       DelayLoadResourceModule
 0001:000004C8       DeleteBlock
 0001:000003D8       DeleteCriticalSection
 0001:000061C4       DeleteCriticalSection
 0001:0000664C       DeleteDC
 0001:00006654       DeleteEnhMetaFile
 0001:00065304       DeleteExtraFiles
 0001:000061CC       DeleteFile
 0001:0000ABB8       DeleteFile
 0001:000061D4       DeleteFileA
 0001:0005166C       DeleteFileEx
 0001:00000DC0       DeleteFree
 0001:000068BC       DeleteMenu
 0001:0000665C       DeleteObject
 0001:00061DD0       DeleteTree
 0001:0004F0C0       DeleteVirtualFile
 0002:00006EE0       DeniedChars
 0001:0007BE70       DeselectBitmap
 0001:000068C4       DestroyCursor
 0001:00059560       DestroyDialogFonts
 0001:000068CC       DestroyIcon
 0001:0008472C       DestroyLocals
 0001:000068D4       DestroyMenu
 0001:000068DC       DestroyWindow
 0002:0000BC20       DetailsActive
 0001:0005B390       DetailsState
 0001:000068E4       DialogBoxParamA
 0001:00089DC0       DialogEnumerationTester
 0002:0000BC2C       DialogHeight
 0001:000821C8       Dialogs
 0002:0000B948       DialogType
 0002:000071BC       DIBPalSizes
 0002:00000094       dig
 0002:00000D5C       Digits
 0001:00053278       DirectoryExists
 0001:00008F48       DisableMemoryLeaksCheck
 0001:000A5FCC       DisableTaskWindows
 0001:000068EC       DispatchMessage
 0001:000AC21C       DispatchShortCut
 0002:00008000       DispCallByIDProc
 0001:0000A164       DivMod
 0001:00081B90       Dlgs
 0001:00058FD0       DlgTemplate
 0002:0000891C       DllList
 0001:00092450       DoAlign
 0001:000AD54C       DoAlign
 0001:00096504       DoCalcConstraints
 0002:0000C794       DockSiteList
 0001:000A29E4       DoClick
 0001:00093B94       DoControlMsg
 0001:000A5F7C       DoDisableWindow
 0001:0008D578       DoDragOver
 0001:0000A1DC       DoExitProc
 0001:00098554       DoFindControlZone
 0001:000A60D0       DoFindWindow
 0001:00098AE0       DoFindZone
 0001:000985D8       DoForEach
 0001:00099EE4       DoGetNextLimit
 0001:0002DABC       Done
 0001:0002C1CC       Done
 0001:00075864       Done
 0001:00009134       Done
 0001:00025DEC       Done
 0001:000A5F44       DoneApplication
 0001:00073380       DoneCheckFreeze
 0001:0009AC44       DoneControls
 0002:0000B710       DoneExcept
 0001:000744DC       DoneExceptAddr
 0001:0000EECC       DoneExceptions
 0001:00037E5C       DoneLib
 0001:00008CD4       DoneShareMem
 0001:000AA598       DoNestedActivation
 0001:0001CE10       DoneThreadSynchronization
 0001:000AF680       DoOnHelp
 0001:000AD39C       DoPosition
 0001:00092010       DoPosition
 0001:0009950C       DoPrune
 0001:00083334       DoRect
 0001:000999E4       DoSaveZone
 0001:00099BE8       DoSetNewBounds
 0001:00021DA8       DotNetHostedFile
 0001:0006729C       DotNetHostedFileHandle
 0001:00067250       DotNetMainFile
 0002:00006E80       DotNetMetadataFile
 0002:00006EA0       Dots
 0002:000003CC       DotSep
 0001:0009D2F4       DoWrite
 0001:00017DE0       DoWrite
 0001:0007AF8C       DoWrite
 0001:0007A370       DoWrite
 0001:0009317C       DoWriteDesignSize
 0001:00090BE8       DoWriteIsControl
 0002:0000C778       DragCapture
 0002:0000C76C       DragControl
 0001:0008DCC0       DragDone
 0001:0008D528       DragFindTarget
 0001:0008D4FC       DragFindWindow
 0002:0000C790       DragImageList
 0001:0008D918       DragInit
 0001:0008DA88       DragInitControl
 0002:0000C774       DragInternalObject
 0001:0008D444       DragMessage
 0002:0000C770       DragObject
 0002:0000C79C       DragSave
 0002:0000C784       DragSaveCursor
 0002:0000C77C       DragStartPos
 0002:0000C788       DragThreshold
 0001:0008D648       DragTo
 0001:000AE310       DrawAppIcon
 0001:0004332C       DrawBmp
 0001:00043ED8       DrawBottom
 0001:00060290       DrawButton
 0001:00060124       DrawClickHere
 0001:00099078       DrawCloseButton
 0001:0006009C       DrawControl
 0001:000068F4       DrawEdge
 0001:00043E64       DrawFrame
 0001:000068FC       DrawFrameControl
 0001:000990D0       DrawGrabberLine
 0001:00006904       DrawIcon
 0001:0000690C       DrawIconEx
 0002:00007654       DrawingStyles
 0001:00043F80       DrawItem
 0001:00043F2C       DrawLine
 0001:00006914       DrawMenuBar
 0001:000A3D54       DrawMenuItem
 0001:0005E2D4       DrawSupportLink
 0001:0000691C       DrawText
 0001:00006924       DrawTextA
 0002:0000C5C4       DrawThemeBackground
 0002:0000C5E8       DrawThemeEdge
 0002:0000C5EC       DrawThemeIcon
 0002:0000C670       DrawThemeParentBackground
 0002:0000C5C8       DrawThemeText
 0001:00079180       DupBits
 0002:0000B798       DuplicatedException
 0001:000061DC       DuplicateHandle
 0001:00004EAC       DynArrayClear
 0001:00004EB4       DynArraySetLength
 0001:00036984       EBase64
 0001:00021248       EConsts
 0001:00025E64       ECore
 0001:0002A6FC       EDebug
 0002:00007740       EdgeStyle
 0002:00007608       EdgeStyles
 0001:0004B948       EDisAsm
 0001:000365A8       EEncrypt
 0001:00036248       EHash
 0001:0000E910       EHeapException.FreeInstance
 0001:0002C2E0       EHook
 0001:0003F4A0       ElaborateString
 0001:00038698       ElaborateURL
 0001:00038800       ElaborateWebPage
 0001:0002C3F0       ELang
 0001:000091F4       ELeaks
 0001:00044548       EListView
 0001:00043254       ELogManager
 0001:0000692C       EmptyClipboard
 0002:00008858       EmptyParam
 0002:000000D8       EmptyStr
 0002:000000DC       EmptyWideStr
 0002:00000458       EMsgs
 0001:00008DBC       EnableMemoryLeaksCheck
 0001:00006934       EnableMenuItem
 0002:000076D8       Enables
 0001:0000693C       EnableScrollBar
 0001:000A6080       EnableTaskWindows
 0002:0000C658       EnableThemeDialogTexture
 0002:0000C674       EnableTheming
 0001:00006944       EnableWindow
 0001:00061CC0       Encode
 0001:0000C73C       EncodeDate
 0002:00005600       EncodedChars
 0001:0000C594       EncodeTime
 0001:00064D10       EncodeURL
 0001:0000694C       EndDialog
 0001:00016F90       EndGlobalLoading
 0001:00006954       EndPaint
 0001:00003BE4       EndThread
 0001:000061E4       EnterCriticalSection
 0001:000003C8       EnterCriticalSection
 0001:000061EC       EnumCalendarInfoA
 0002:0000C558       EnumDisplayMonitors
 0001:0000E168       EnumEraNames
 0001:0000E1A4       EnumEraYearOffsets
 0001:000A9180       EnumMonitorsProc
 0001:000061F4       EnumSystemLocalesA
 0001:0000695C       EnumThreadWindows
 0001:0001A394       EnumValue
 0001:00006964       EnumWindows
 0001:000506E8       EnumWindowsProc
 0001:00050958       EnumWindowsProc
 0001:00050844       EnumWindowsProc
 0001:0005078C       EnumWindowsProc
 0001:00026EA4       Eof
 0002:00005620       EOFLine
 0001:0000696C       EqualRect
 0002:000087A8       EraNames
 0001:0000D8F4       EraToYear
 0002:000087C4       EraYearOffsets
 0002:0000006C       errCaption
 0001:00019B78       Error
 0001:0009E9E4       Error
 0001:00008B9C       Error
 0001:00062BD0       Error
 0001:00016518       Error
 0001:00001C68       Error
 0002:00000004       ErrorAddr
 0001:00001C1C       ErrorAt
 0001:0000E9BC       ErrorHandler
 0002:0000023C       ErrorMap
 0002:00008008       ErrorProc
 0002:000083E8       ErrOutput
 0002:00000C30       EShowOptions
 0001:0002DB1C       ESockets
 0001:0001E904       ETypes
 0002:00000450       EurekaLogCurrentVersion
 0002:0000B7B4       EurekaLogList
 0001:0006349C       EurekaLogSendEmail
 0002:00006934       EurekaLogUnits
 0002:0000B7D8       EurekaLogUnitsList
 0001:00056DA4       EurekaLog_AttachedFilesRequestEvent
 0001:00070E38       EurekaLog_CallCreateThread
 0001:000705B8       EurekaLog_CallExceptObject
 0001:00070F7C       EurekaLog_CallExitThread
 0001:00070434       EurekaLog_CallGeneralRaise
 0001:00070ED8       EurekaLog_CallResumeThread
 0001:00056EEC       EurekaLog_CustomButtonClickEvent
 0001:00056D00       EurekaLog_CustomDataRequestEventEx
 0001:00056E48       EurekaLog_CustomWebFieldsRequestEvent
 0001:00056BB8       EurekaLog_ExceptionActionNotifyEvent
 0001:00056C5C       EurekaLog_ExceptionErrorNotifyEvent
 0001:00056A70       EurekaLog_ExceptionNotifyEvent
 0001:00056B14       EurekaLog_HandledExceptionNotifyEvent
 0001:00070E30       EurekaLog_LastDelphiException
 0001:0005695C       EurekaLog_PasswordRequestEvent
 0001:000569A0       EurekaLog_PasswordRequestEventEx
 0002:000009B8       EVals
 0002:00000CF0       EVariablesOptions
 0001:0003E7DC       EWebTools
 0001:0002AC80       EWinSock
 0001:00001B90       ExceptAddr
 0002:0000800C       ExceptClsProc
 0001:0000EE38       ExceptHandler
 0001:0000E784       Exception.Create
 0001:0000E7C0       Exception.CreateFmt
 0001:0000E840       Exception.CreateRes
 0001:0000E87C       Exception.CreateResFmt
 0002:0000B648       ExceptionActionNotify
 0002:0000801C       ExceptionClass
 0002:0000B690       ExceptionCriticalSection
 0001:0000E500       ExceptionErrorMessage
 0002:0000B64C       ExceptionErrorNotify
 0001:0004F9D4       ExceptionLine
 0001:00075DC4       ExceptionLog
 0001:00072634       ExceptionManager
 0002:0000B640       ExceptionNotify
 0002:0000B6C8       ExceptionNumber
 0002:0000B7EC       ExceptionsTime
 0002:0000B7F0       ExceptionTime
 0001:00053804       ExceptionTypeByAddr
 0002:00000274       ExceptMap
 0001:0006FA84       ExceptNotify
 0001:000665B4       ExceptNotifyAfter1
 0001:000666B0       ExceptNotifyAfter2
 0001:000666C4       ExceptNotifyAfter3
 0001:00001B70       ExceptObject
 0002:00008010       ExceptObjProc
 0002:00008004       ExceptProc
 0001:00006664       ExcludeClipRect
 0001:00023010       ExcludeLastBackslash
 0002:00000000       ExitCode
 0001:00003994       ExitDll
 0002:00008048       ExitProc
 0001:0000026C       ExitProcess
 0002:00008028       ExitProcessProc
 0002:00000150       ExitProcList
 0001:00000264       ExitThread
 0001:000061FC       ExitThread
 0001:0003ED84       EXMLBuilder
 0001:00021CBC       ExpandEnvVars
 0001:0000AE34       ExpandFileName
 0001:00057570       ExportedFunctions
 0001:000849E8       ExtActns
 0001:000845F8       ExtCtrls
 0001:00084854       ExtDlgs
 0001:00054E78       ExtractDebugData
 0001:0000AD20       ExtractFileDrive
 0001:0000ADEC       ExtractFileExt
 0001:000070F4       ExtractFileName
 0001:0000ADB4       ExtractFileName
 0001:0000ACEC       ExtractFilePath
 0001:0000AE70       ExtractFilePathNoDrive
 0001:00072B20       ExtractGZipStream
 0001:00021760       ExtractList
 0001:0000AF04       ExtractRelativePath
 0001:00054958       ExtractStr
 0001:00022BF8       ExtractStringsEx
 0001:0005A33C       ExtractThreadByList
 0001:00040BA0       ExtractValue
 0001:00036AD8       EZip
 0001:00035744       EZlib2
 0002:0000B9E4       fActive
 0002:00006E94       fActivePage
 0002:000087E4       FalseBoolStrs
 0002:0000BA00       fBigFont
 0002:0000B9E8       fCaptionFont
 0002:0000C6C4       FClipboard
 0002:00000184       FCon1E18
 0002:0000B9DC       fDlgBack
 0001:00069CD4       FetchStr
 0002:0000B9F0       fFixedFont1
 0002:0000B9F4       fFixedFont2
 0001:0000AA44       FileAge
 0001:0000AA3C       FileClose
 0001:0000A9A4       FileCreate
 0001:0000A980       FileCreate
 0001:0000B154       FileDateToDateTime
 0001:0000AAAC       FileExists
 0002:000071B4       FileFormats
 0002:0000000C       FileMode
 0001:0000216C       FileNOPProc
 0001:0000A928       FileOpen
 0001:0000A9AC       FileRead
 0002:000003F8       FilerSignature
 0001:0000AA04       FileSeek
 0001:00006204       FileTimeToDosDateTime
 0001:0000620C       FileTimeToLocalFileTime
 0001:0000A9D8       FileWrite
 0001:00000EF8       FillAfterGap
 0001:00055BC8       FillAttachedList
 0001:00000E98       FillBeforeGap
 0001:00000F98       FillerSizeAfterGap
 0001:00000F20       FillerSizeBeforeGap
 0001:00006974       FillRect
 0001:00051B64       FillThreadsCount
 0001:000B12A8       Finalization
 0001:0001E8D4       Finalization
 0001:00025DF0       Finalization
 0001:0001087C       Finalization
 0001:00084628       Finalization
 0001:0007EE9C       Finalization
 0001:000A4034       Finalization
 0001:0007F154       Finalization
 0001:000139D0       Finalization
 0001:00013BEC       Finalization
 0001:00043218       Finalization
 0001:0004B8AC       Finalization
 0001:0007F2EC       Finalization
 0001:0008A038       Finalization
 0001:0007FA6C       Finalization
 0001:0007FAAC       Finalization
 0001:00080A94       Finalization
 0001:00080ADC       Finalization
 0001:00080B14       Finalization
 0001:000893B4       Finalization
 0001:0008924C       Finalization
 0001:0002A70C       Finalization
 0001:000146F8       Finalization
 0001:000211C4       Finalization
 0001:00014750       Finalization
 0001:00086050       Finalization
 0001:00085610       Finalization
 0001:000849F0       Finalization
 0001:00080E38       Finalization
 0001:0002C28C       Finalization
 0001:00080FE4       Finalization
 0001:0001067C       Finalization
 0001:0000950C       Finalization
 0001:00084998       Finalization
 0001:0009C1C8       Finalization
 0001:000091BC       Finalization
 0001:00035714       Finalization
 0001:0003ED54       Finalization
 0001:00081968       Finalization
 0001:000819D8       Finalization
 0001:0009AE98       Finalization
 0001:00081A10       Finalization
 0001:00081A48       Finalization
 0001:00081A80       Finalization
 0001:00081AB8       Finalization
 0001:00081AF0       Finalization
 0001:00084874       Finalization
 0001:00081B28       Finalization
 0001:00081B60       Finalization
 0001:000845B0       Finalization
 0001:00007068       Finalization
 0001:0002AC50       Finalization
 0001:00006020       Finalization
 0001:00005FA8       Finalization
 0001:00084940       Finalization
 0001:000848DC       Finalization
 0001:0002A660       Finalization
 0001:0008216C       Finalization
 0001:00084660       Finalization
 0001:0007ECBC       Finalization
 0001:000846F4       Finalization
 0001:00036218       Finalization
 0001:00011070       Finalization
 0001:0002DAC4       Finalization
 0001:0001E790       Finalization
 0001:0002C3C0       Finalization
 0001:00036954       Finalization
 0001:000B0684       Finalization
 0001:000847C4       Finalization
 0001:00044518       Finalization
 0001:000B1B70       Finalization
 0001:000760D4       Finalization
 0001:000B1B38       Finalization
 0001:00036AA8       Finalization
 0001:00075C08       Finalization
 0001:00036578       Finalization
 0001:0009DA44       Finalization
 0001:00005D78       Finalization
 0001:00084824       Finalization
 0001:0003E78C       Finalization
 0002:00008684       FinalizationProc
 0001:00004EA4       FinalizeArray
 0001:000037A8       FinalizeUnits
 0001:000A27A4       Find
 0001:00053EC4       FindBetterMatch
 0001:0000519C       FindBS
 0001:00016A34       FindClass
 0001:00005104       FindClassHInstance
 0001:0000027C       FindClose
 0001:0000AB9C       FindClose
 0001:00006214       FindClose
 0001:00000E54       FindCommitted
 0001:0008C618       FindControl
 0001:00098D0C       FindControlAtPos
 0001:000138E0       FindCustomVariantType
 0001:00013828       FindCustomVariantType
 0001:0008DFE4       FindDragTarget
 0001:00064B2C       FindEOFLine
 0001:00038270       FindErrorMessage
 0001:0006A524       FindException
 0001:0001AD94       FindExistingComponent
 0001:0000AB28       FindFirst
 0001:0000621C       FindFirstFile
 0001:00000284       FindFirstFile
 0001:00006224       FindFirstFileA
 0001:00051E28       FindFullPath
 0001:00054D68       FindFunction
 0001:000A61DC       FindGlobalComponent
 0001:00016E20       FindGlobalComponent
 0002:000088BC       FindGlobalComponentProcs
 0001:0004C538       FindHandled
 0001:000050DC       FindHInstance
 0001:00016CC8       FindIdentToInt
 0001:00007D8C       FindLeakAddress
 0001:000080F4       FindLeakClassName
 0001:00007CBC       FindLeakSons
 0001:00074DE4       FindMainInstance
 0001:0000AABC       FindMatchingFile
 0001:00050E20       FindModuleType
 0002:0000C6B0       FindMsg
 0001:00019F24       FindNestedComponent
 0001:0000AB78       FindNext
 0001:0000622C       FindNextFile
 0001:00007C08       FindNextValidLeak
 0001:0002701C       FindParam
 0001:0009E9AC       FindPopupControl
 0001:0002A86C       FindProc
 0001:00010D38       FindProc
 0001:00051AB0       FindProcess
 0001:00006234       FindResource
 0001:0000623C       FindResourceA
 0001:00005154       FindResourceHInstance
 0001:000AFEB4       FindScanline
 0001:000379CC       FindSelected
 0001:000A6134       FindTopMostWindow
 0001:0001BC78       FindUniqueName
 0001:0008DFB0       FindVCLWindow
 0001:0000697C       FindWindow
 0001:00089E18       FindWinHelp
 0001:0004C4F0       FirstProc
 0002:0000BA0C       FixedFontName1
 0002:0000BA10       FixedFontName2
 0002:0000BA04       FixedFontSize
 0002:0000BC48       FixedTmpOptionsFile
 0001:0007C268       FixupBitFields
 0002:00007750       Flags
 0002:000087F4       FLanguages
 0001:00080E68       FlatSB
 0002:0000C584       FlatSB_EnableScrollBar
 0002:0000C590       FlatSB_GetScrollInfo
 0002:0000C594       FlatSB_GetScrollPos
 0002:0000C58C       FlatSB_GetScrollRange
 0002:0000C59C       FlatSB_SetScrollInfo
 0002:0000C598       FlatSB_SetScrollPos
 0001:00080B58       FlatSB_SetScrollProp
 0002:0000C5A0       FlatSB_SetScrollRange
 0002:0000C588       FlatSB_ShowScrollBar
 0002:0000B9F8       fLinkFont
 0002:0000B9FC       fLinkFont2
 0002:0000BB88       fListViewItems
 0002:00006004       FloatingPointOpcodes
 0001:0000C01C       FloatToDecimal
 0001:0000C35C       FloatToStr
 0001:0000BA54       FloatToText
 0001:0000BD28       FloatToTextFmt
 0001:000023D0       Flush
 0001:00006244       FlushInstructionCache
 0002:0000B9E0       fMemoBack
 0002:0000BB68       fMonitor
 0002:0000BB70       fMonitorInfo
 0002:00000198       FMSecsPerDay
 0001:0000B948       FmtStr
 0002:0000776C       FocusCount
 0002:00007768       FocusMessages
 0002:000070D0       FontCharsets
 0002:0000C514       FontManager
 0001:00072580       ForceApplicationTermination
 0001:000230C0       ForceDirectoriesEx
 0001:00075B4C       ForceUseConstant
 0001:000A61B0       ForegroundTask
 0002:000001A0       Format
 0001:0000B934       Format
 0001:0000B524       FormatBuf
 0001:0000B518       FormatClearStr
 0001:0006A144       FormatComplete
 0001:0000D67C       FormatDateTime
 0001:0000B49C       FormatError
 0002:0000017C       FormatErrorStrs
 0001:0000C3BC       FormatFloat
 0001:0000624C       FormatMessage
 0001:0002A01C       FormatProcName
 0001:0000B4F4       FormatVarToStr
 0001:000B06E0       Forms
 0001:00002848       FPower10
 0002:00007204       FPrinter
 0001:000833F8       Frame3D
 0001:00006984       FrameRect
 0001:000083BC       FreeAllLeaks
 0001:0001025C       FreeAndNil
 0001:0004E948       FreeClonedObject
 0001:00000B54       FreeCommitted
 0001:0000118C       FreeCurAlloc
 0001:0008E0A4       FreeDeviceContext
 0001:0008E160       FreeDeviceContexts
 0001:0001E55C       FreeIntConstList
 0001:0000028C       FreeLibrary
 0001:00006254       FreeLibrary
 0001:0007BDC4       FreeMemoryContexts
 0001:0001E690       FreeObjectInstance
 0001:0004F680       FreeOutOfMemoryCache
 0001:00006274       FreeResource
 0001:00062B94       FreeScreenshot
 0001:00000724       FreeSpace
 0001:0000FD5C       FreeTerminateProcs
 0001:0008101C       FreeThemeLibrary
 0002:0000B75C       FreezeThread
 0002:0000C724       FRichEditModule
 0002:0000BB6C       fSendBmp
 0002:0000B61C       FtpOpenFile
 0001:0003E1B4       FTPUploadFiles
 0002:0000B9EC       fVariableFont
 0001:00079170       GDICheck
 0001:000790C8       GDIError
 0001:0005DB10       GeneralDialogProc
 0001:00070214       GeneralRaise
 0001:0004D078       GeneralToRTF
 0001:00065CC0       GenerateCustomWebFieldsString
 0001:00053154       GenerateHTML
 0001:0003D5F8       GenerateMultipartBoundary
 0001:00039028       GenerateMultipartBoundary
 0001:000390F8       GenerateRequestBody
 0001:0003D734       GenerateRequestBody
 0001:00002078       Get8087CW
 0001:0000627C       GetACP
 0001:00067AE0       GetActiveControlClass
 0001:00067AF8       GetActiveControlText
 0001:00067A00       GetActiveFormClass
 0001:00067A4C       GetActiveFormText
 0001:0005AB0C       GetActiveMonitorData
 0001:0000698C       GetActiveWindow
 0001:000687EC       GetAdapterInfo
 0001:00051B30       GetAllocatedMemory
 0001:00054D48       GetAndSetFunctionSize
 0001:000ADA28       GetAnimation
 0001:00068354       GetApplicationName
 0001:000508BC       GetApplicationRect
 0001:000679E0       GetApplicationUpTime
 0001:0002B3F4       GetAsmSize
 0001:00058DCC       GetBaseOfStack
 0001:0000666C       GetBitmapBits
 0001:000003E0       GetBlockDesc
 0001:00060208       GetBottonWidth
 0001:00006674       GetBrushOrgEx
 0001:00006E68       GetBValue
 0001:00058CA8       GetCallStackByAddresses
 0001:0004F6C0       GetCallStackDump
 0001:00006994       GetCapture
 0001:0008C8E0       GetCaptureControl
 0001:000169E0       GetClass
 0001:0000699C       GetClassInfo
 0001:000069A4       GetClassName
 0001:000069AC       GetClassNameA
 0001:000069B4       GetClientRect
 0001:000069BC       GetClipboardData
 0001:0007AB38       GetClipboardFormats
 0001:0000667C       GetClipBox
 0001:0000037C       GetCmdShow
 0001:0009C420       GetColor
 0001:00044398       GetColumnAlign
 0001:0004436C       GetColumnCount
 0001:0008511C       GetComCtlVersion
 0001:0000628C       GetCommandLine
 0001:00000294       GetCommandLine
 0001:00000968       GetCommitted
 0001:00000A10       GetCommittedAt
 0001:00069B7C       GetCompanyName
 0001:00067978       GetCompilationDate
 0001:0004CB4C       GetCompleteTimeStr
 0001:00006294       GetComputerNameA
 0001:00093748       GetControlAtPos
 0001:0006F500       GetControlClass
 0001:0006F55C       GetControlText
 0001:0000CAE8       GetCount
 0001:00006284       GetCPInfo
 0001:000357F0       GetCRC16
 0001:000357A8       GetCRC32
 0001:0000B1C0       GetCurrentDir
 0001:0000029C       GetCurrentDirectory
 0001:00006684       GetCurrentObject
 0001:0000668C       GetCurrentPositionEx
 0001:00069E70       GetCurrentPrinterHandle
 0001:0000629C       GetCurrentProcess
 0001:000062A4       GetCurrentProcessId
 0001:0007262C       GetCurrentStackPointer
 0001:00058DD4       GetCurrentStackPointer
 0002:0000C668       GetCurrentThemeName
 0001:000062AC       GetCurrentThread
 0001:000062B4       GetCurrentThreadId
 0001:0000035C       GetCurrentThreadId
 0001:00006DDC       GetCurrentTime
 0001:0004E968       GetCurrentTopOfStack
 0001:000699A4       GetCurrentUserPrivileges
 0001:000069C4       GetCursor
 0001:000AFEC4       GetCursorHeightMargin
 0001:000069CC       GetCursorPos
 0001:00007ABC       GetDataCaller
 0001:0000CB18       GetDate
 0001:000062BC       GetDateFormat
 0001:0000D80C       GetDateOrder
 0001:000069D4       GetDC
 0001:000069DC       GetDCEx
 0001:00006694       GetDCOrgEx
 0001:00058504       GetDebugDetail
 0001:0006682C       GetDebugInfoEx
 0001:00055170       GetDebugInfosByAddr
 0001:00054B34       GetDebugPartialInfo
 0001:00069D88       GetDefaultPrinter
 0001:0007E8C4       GetDefFontCharSet
 0001:000069E4       GetDesktopWindow
 0001:000066AC       GetDeviceCaps
 0001:0005DF20       GetDialogState
 0001:0007A100       GetDIB
 0001:0000669C       GetDIBColorTable
 0001:000066A4       GetDIBits
 0001:0007A048       GetDIBSizes
 0001:000792E0       GetDInColors
 0001:000062C4       GetDiskFreeSpaceA
 0002:0000014C       GetDiskFreeSpaceEx
 0001:00068104       GetDiskInfo
 0001:000698B0       GetDisplayDPI
 0001:00068608       GetDisplayMode
 0001:000069EC       GetDlgItem
 0001:0002D24C       GetDNSList
 0001:00099FC4       GetDockAlign
 0001:0008D288       GetDockSiteAtPos
 0001:0002D418       GetDomain
 0001:0002D584       GetDomainName
 0001:0008D5B4       GetDropCtl
 0001:0006B350       GetDump
 0001:00002ED0       GetDynaMethod
 0001:0006B1D0       GetEAX
 0001:0006B200       GetEBX
 0001:0006B230       GetECX
 0001:0006B2C0       GetEDI
 0001:00059D94       GetEditText
 0001:0006B260       GetEDX
 0001:000571BC       GetEF
 0001:0004A2A0       GetEffectiveAddress
 0001:0006B320       GetEIP
 0001:0006B5A0       GetEmptySection
 0001:000066B4       GetEnhMetaFileBits
 0001:000066BC       GetEnhMetaFileHeader
 0001:000066C4       GetEnhMetaFilePaletteEntries
 0001:00013C5C       GetEnumName
 0001:00013D34       GetEnumNameValue
 0001:00013D80       GetEnumValue
 0001:000062CC       GetEnvironmentVariableA
 0001:00021B80       GetEnvVariable
 0001:0000E21C       GetEraNamesAndYearOffsets
 0001:0000D8A0       GetEraYearOffset
 0001:0006B290       GetESI
 0001:0004F6B0       GetESP
 0001:0006B2F0       GetESP
 0001:00021F18       GetEurekaLogDir
 0001:00057AC0       GetEurekaLogModuleVersion
 0001:00067CF4       GetExceptionAddress
 0001:0000EB80       GetExceptionClass
 0001:00067CDC       GetExceptionDate
 0001:00067740       GetExceptionMessage
 0001:00067D28       GetExceptionModuleName
 0001:00067E0C       GetExceptionModuleVersion
 0001:0000ED6C       GetExceptionObject
 0001:00067E90       GetExceptionType
 0001:00058EE0       GetExceptMessage
 0001:000062D4       GetExitCodeProcess
 0001:000062DC       GetExitCodeThread
 0001:00016968       GetFieldClassTable
 0001:0003726C       GetFieldValue
 0001:000062E4       GetFileAttributes
 0001:000062EC       GetFileAttributesA
 0001:00038204       GetFileContents
 0001:0003D6C8       GetFileContents
 0001:0007AB18       GetFileFormats
 0001:0003E178       GetFileSize
 0001:0002E258       GetFileSize
 0001:00051638       GetFileSize
 0001:0000020C       GetFileSize
 0001:00000204       GetFileType
 0001:0000EFDC       GetFileVersion
 0001:00068D54       GetFileVersionEx
 0001:0000658C       GetFileVersionInfo
 0001:00006594       GetFileVersionInfoA
 0001:0000659C       GetFileVersionInfoSize
 0001:000065A4       GetFileVersionInfoSizeA
 0001:000069F4       GetFocus
 0001:00021DD0       GetFolder
 0001:00077C18       GetFontData
 0001:000069FC       GetForegroundWindow
 0001:0000F904       GetFormatSettings
 0001:000074DC       GetFramesCallStackDump
 0001:000681FC       GetFreeDisk
 0001:00068084       GetFreeMemory
 0001:000062F4       GetFullPathName
 0001:00066B1C       GetFunctionAsm
 0001:0002B548       GetFunctionSize
 0001:00022E2C       GetGMT
 0001:00006E64       GetGValue
 0001:000062FC       GetHandleInformation
 0001:00077160       GetHashCode
 0001:000AAF74       GetHelpInfo
 0001:0007FF2C       GetHelpSystem
 0001:000AD80C       GetHint
 0001:000AD844       GetHintControl
 0001:0002AB2C       gethostbyname
 0001:0002AB68       gethostname
 0001:000A3ED4       GetHotkey
 0001:0003DA04       GetHTTPResponse
 0001:00038910       GetHTTPResponse
 0001:00006A04       GetIconInfo
 0001:0002A354       GetImageNtHeaders
 0001:00068F48       GetIndexKeyName
 0001:00069D28       GetIniDefPrinter
 0001:0006FEE8       GetIntraWebExceptionType
 0001:00043304       GetItemRect
 0001:0005CE28       GetItemText
 0001:00006A1C       GetKeyboardLayout
 0001:00006A24       GetKeyboardLayoutList
 0001:00006A2C       GetKeyboardState
 0001:00002B34       GetKeyboardType
 0001:00006A0C       GetKeyNameText
 0001:00006A14       GetKeyState
 0001:00067C90       GetLanguageString
 0001:00006A34       GetLastActivePopup
 0001:0009828C       GetLastChildZone
 0001:000002A4       GetLastError
 0001:00006304       GetLastError
 0001:00007D2C       GetLeakCount
 0001:00037BE0       GetListDefault
 0001:00037858       GetListValue
 0001:0000DFE0       GetLocaleChar
 0001:00067B64       GetLocaleDataA
 0001:00067B24       GetLocaleDataW
 0001:000002AC       GetLocaleInfo
 0001:00006314       GetLocaleInfo
 0001:0000631C       GetLocaleInfoA
 0001:00006324       GetLocaleInfoW
 0001:0000DF94       GetLocaleStr
 0001:0000630C       GetLocalTime
 0001:0008C89C       GetLongHint
 0001:00022810       GetLongNameFromShort
 0001:0001402C       GetLongStrProp
 0001:00050720       GetMainWindow
 0001:000066CC       GetMapMode
 0001:00036110       GetMD5
 0001:00067F38       GetMemInfo
 0001:00001B38       GetMemoryManager
 0001:00006A3C       GetMenu
 0001:000AAEFC       GetMenuHelpContext
 0001:00006A44       GetMenuItemCount
 0001:00006A4C       GetMenuItemID
 0001:00006A54       GetMenuItemInfo
 0001:000A0FF0       GetMenuSize
 0001:00006A5C       GetMenuState
 0001:00006A64       GetMenuString
 0001:000145D0       GetMethodProp
 0001:0002E0FC       GetModifiedDate
 0001:0002276C       GetModifiedDate
 0001:000511F0       GetModuleDescriptionAndVersion
 0001:000002B4       GetModuleFileName
 0001:0000632C       GetModuleFileName
 0001:00006334       GetModuleFileNameA
 0001:00005EA0       GetModuleHandle
 0001:000002BC       GetModuleHandle
 0001:0000633C       GetModuleHandle
 0001:00006344       GetModuleHandleA
 0001:00050FE4       GetModulePath
 0001:000510C0       GetModuleSize
 0001:000519DC       GetModulesList
 0001:0005184C       GetModulesWin9X
 0001:000516E8       GetModulesWinNT
 0001:00051150       GetModuleVer
 0001:00055D30       GetModule_ProcedureEvent
 0002:0000C54C       GetMonitorInfo
 0002:0000C550       GetMonitorInfoA
 0002:0000C554       GetMonitorInfoW
 0001:0005AD6C       GetMonitorWorkAreaFromActiveWnd
 0001:0005AD48       GetMonitorWorkAreaFromWnd
 0001:0005AC60       GetMonitorWorkAreaFromWndEx
 0001:0000E044       GetMonthDayNames
 0001:0002D7B0       GetMXBestRecord
 0001:0002D6E8       GetMXRecord
 0001:0002D8A0       GetMXServerFromEmail
 0001:00068BB8       GetNetworkData
 0001:00006A6C       GetNextWindow
 0001:000066D4       GetObject
 0001:00007AD0       GetObjectCaller
 0001:00062268       GetOptimizedPalette
 0001:00037ABC       GetOptionsDefault
 0001:00008B4C       GetOptionsFromExeFile
 0001:00037658       GetOptionsValue
 0001:00013E54       GetOrdProp
 0001:0004E38C       GetOSBuild
 0001:00067CC4       GetOSCharset
 0001:00067CB8       GetOSLanguage
 0001:0004DF64       GetOSType
 0001:00067B10       GetOSUpdate
 0001:0004F664       GetOutOfMemoryCache
 0001:00061E0C       GetPaletteColors
 0001:000066DC       GetPaletteEntries
 0001:000678E8       GetParameters
 0001:00001E28       GetParamStr
 0001:00006A74       GetParent
 0001:000A63A8       GetParentForm
 0001:00052550       GetParentProcessID
 0001:00059DF0       GetParentWnd
 0001:00057E14       GetPassword
 0001:000066E4       GetPixel
 0001:00069EE8       GetPrinterStr
 0001:0000634C       GetPriorityClass
 0001:00006354       GetPrivateProfileStringA
 0001:000002C4       GetProcAddress
 0001:0000635C       GetProcAddress
 0001:0005234C       GetProcessesList
 0001:00068424       GetProcessor
 0001:000515A8       GetProcessThreads
 0001:00006364       GetProfileStringA
 0001:00006A7C       GetProp
 0001:00013DE4       GetPropInfo
 0001:00007554       GetRawCallStackDump
 0001:00008A98       GetRawOptions
 0001:00022684       GetReadableSize
 0001:0000717C       GetReadableSize
 0001:000554D8       GetRealFileName
 0001:000A6868       GetRealScrollPosition
 0001:00049C64       GetRefAddress
 0001:00049DA8       GetRegName
 0001:00008A50       GetResourceData
 0001:00053914       GetResourceData
 0001:0009C400       GetRGBColor
 0001:00006E60       GetRValue
 0001:00006A84       GetScrollInfo
 0001:00006A8C       GetScrollPos
 0001:00006A94       GetScrollRange
 0001:0008C858       GetShortHint
 0001:00013F24       GetShortStrProp
 0001:00013FBC       GetShortStrPropAsLongStr
 0001:000540C0       GetSourceInfoByAddr
 0001:00000648       GetSpace
 0001:000006AC       GetSpaceAt
 0001:0009EA3C       GetSpecialName
 0001:0006B510       GetStack
 0001:0006833C       GetStartDate
 0001:000002CC       GetStartupInfo
 0001:0000636C       GetStartupInfoA
 0001:00000214       GetStdHandle
 0001:00006374       GetStdHandle
 0001:000066EC       GetStockObject
 0001:0000637C       GetStringTypeEx
 0001:0001415C       GetStrProp
 0001:00006A9C       GetSubMenu
 0001:000547DC       GetSymbolAddr
 0001:00006AA4       GetSysColor
 0001:00006AAC       GetSysColorBrush
 0001:00006384       GetSystemDefaultLangID
 0001:0000638C       GetSystemInfo
 0001:00006AB4       GetSystemMenu
 0002:0000C53C       GetSystemMetrics
 0001:00006ABC       GetSystemMetrics
 0001:000066F4       GetSystemPaletteEntries
 0001:00006394       GetSystemTime
 0001:000685CC       GetSystemUpTime
 0001:0003700C       GetTagValue
 0001:0000639C       GetTempPathA
 0001:0003744C       GetTextAreaValue
 0001:000066FC       GetTextExtentPoint32
 0001:00006704       GetTextExtentPoint32A
 0001:00059B2C       GetTextHeight
 0001:0000670C       GetTextMetrics
 0001:00059D10       GetTextWidth
 0002:0000C660       GetThemeAppProperties
 0002:0000C5CC       GetThemeBackgroundContentRect
 0002:0000C5D0       GetThemeBackgroundExtent
 0002:0000C5E0       GetThemeBackgroundRegion
 0002:0000C604       GetThemeBool
 0002:0000C5F8       GetThemeColor
 0002:0000C66C       GetThemeDocumentationProperty
 0002:0000C60C       GetThemeEnumValue
 0002:0000C62C       GetThemeFilename
 0002:0000C614       GetThemeFont
 0002:0000C608       GetThemeInt
 0002:0000C620       GetThemeIntList
 0002:0000C61C       GetThemeMargins
 0002:0000C5FC       GetThemeMetric
 0002:0000C5D4       GetThemePartSize
 0002:0000C610       GetThemePosition
 0002:0000C624       GetThemePropertyOrigin
 0002:0000C618       GetThemeRect
 0002:0000C600       GetThemeString
 0002:0000C638       GetThemeSysBool
 0002:0000C630       GetThemeSysColor
 0002:0000C634       GetThemeSysColorBrush
 0002:0000C640       GetThemeSysFont
 0002:0000C648       GetThemeSysInt
 0002:0000C63C       GetThemeSysSize
 0002:0000C644       GetThemeSysString
 0002:0000C5D8       GetThemeTextExtent
 0002:0000C5DC       GetThemeTextMetrics
 0001:000063A4       GetThreadContext
 0001:0005A3D4       GetThreadData
 0001:000063AC       GetThreadLocale
 0001:000002D4       GetThreadLocale
 0001:0006FE70       GetThreadParams
 0001:000063B4       GetThreadPriority
 0001:00000374       GetTickCount
 0001:000063BC       GetTickCount
 0001:0000CB50       GetTime
 0001:00005ECC       GetTlsSize
 0001:00006124       GetTokenInformation
 0001:000ADFEC       GetTopMostWindows
 0001:0004F6B8       GetTopOfStack
 0001:0008C9E8       GetTopParent
 0001:00006AC4       GetTopWindow
 0001:0006829C       GetTotalDisk
 0001:00068004       GetTotalMemory
 0001:00013C50       GetTypeData
 0001:00021E90       GetUserApplicationsPath
 0001:00069B68       GetUserEmail
 0001:0000612C       GetUserNameA
 0001:0007307C       GetValidMainWindow
 0001:00038B2C       GetValueFromIndex
 0001:00000364       GetVersion
 0001:000063C4       GetVersion
 0001:000063CC       GetVersionEx
 0001:000515E4       GetVersionNumber
 0001:00069118       GetVideoCardStr
 0001:0002AFD4       GetVirtualMethod
 0001:000141C8       GetWideStrProp
 0001:000140AC       GetWideStrPropAsLongStr
 0001:00006ACC       GetWindow
 0001:0005058C       GetWindowClassName
 0001:00006AD4       GetWindowDC
 0001:00006ADC       GetWindowLong
 0001:00050740       GetWindowName
 0001:0000671C       GetWindowOrgEx
 0001:00006AE4       GetWindowPlacement
 0001:00006AEC       GetWindowRect
 0001:000063D4       GetWindowsDirectoryA
 0001:00006AF4       GetWindowText
 0001:00006AFC       GetWindowTextA
 0002:0000C654       GetWindowTheme
 0001:00006B0C       GetWindowThreadProcessId
 0001:00006B04       GetWindowThreadProcessId
 0001:00006714       GetWinMetaFileBits
 0001:00023274       GetWorkingFile
 0001:000063DC       GlobalAddAtom
 0001:000063E4       GlobalAlloc
 0001:00006DF8       GlobalAllocPtr
 0001:000063EC       GlobalDeleteAtom
 0001:000063F4       GlobalFindAtom
 0002:000088C0       GlobalFixupList
 0001:0001A06C       GlobalFixupReferences
 0001:000063FC       GlobalFree
 0001:00006E24       GlobalFreePtr
 0001:0000640C       GlobalHandle
 0001:00006404       GlobalLock
 0001:00006414       GlobalMemoryStatus
 0002:000088A4       GlobalNameSpace
 0001:0000641C       GlobalReAlloc
 0001:00006E08       GlobalReAllocPtr
 0002:0000C048       GlobalSendValues
 0001:00006424       GlobalUnlock
 0002:0000B9C0       Global_AttachedFiles
 0002:0000B967       Global_CloseDialog
 0002:0000B9B4       Global_CurrentEvent
 0002:0000B9C8       Global_DataFields
 0002:0000B98C       Global_ExceptionRecord
 0002:0000B964       Global_Execute
 0002:0000B965       Global_Handled
 0002:00006E8C       Global_IntoHandleException
 0002:0000B9D0       Global_IntraWebText
 0002:0000B9BC       Global_LastInitPassword
[...]
 17628 0001:00072CDF 17629 0001:00072CF7 17630 0001:00072D0E 17633 0001:00072D2C
 17634 0001:00072D56 17636 0001:00072D63 17637 0001:00072D72 17638 0001:00072D80
 17639 0001:00072D9C 17640 0001:00072DA8 17641 0001:00072DB7 17642 0001:00072DC5
 17643 0001:00072DD0 17644 0001:00072DDC 17645 0001:00072DED 17647 0001:00072E15
 17650 0001:00072E32 17653 0001:00072E42 17656 0001:00072E5C 17659 0001:00072E82
 17662 0001:00072E92 17663 0001:00072EBD 17671 0001:00072ED0 17672 0001:00072EF3
 17675 0001:00072F14 17676 0001:00072F18 17679 0001:00072F2F 17680 0001:00072F48
 17682 0001:00072F7A 17687 0001:00072F84 17688 0001:00072F8A 17689 0001:00072FA4
 17690 0001:00072FAE 17696 0001:00072FB4 17697 0001:00072FBB 17699 0001:00072FBD
 17700 0001:00072FC2 17701 0001:00072FC4 17703 0001:00072FC6 17704 0001:00072FCA
 17705 0001:00072FCF 17706 0001:00072FD1 17708 0001:00072FD3 17709 0001:00072FD8
 17710 0001:00072FDE 17711 0001:00072FDF 17712 0001:00072FE5 17713 0001:00072FE7
 17714 0001:00072FE9 17715 0001:00072FEB 17716 0001:00072FF1 17717 0001:00072FF3
 17718 0001:00072FF5 17719 0001:00072FF7 17720 0001:00072FFC 17721 0001:00072FFE
 17722 0001:00073003 17723 0001:00073005 17724 0001:00073006 17725 0001:0007300B
 17726 0001:0007300C 17729 0001:00073011 17730 0001:00073017 17735 0001:00073018
 17736 0001:0007302A 17737 0001:0007304C 17753 0001:00073050 17754 0001:0007305A
 17757 0001:0007305E 17758 0001:00073064 17755 0001:00073065 17760 0001:00073075
 17763 0001:0007307C 17765 0001:00073083 17766 0001:0007308F 17767 0001:00073099
 17768 0001:000730AB 17770 0001:000730B0 17772 0001:000730CE 17775 0001:000730D0
 17778 0001:000730DE 17780 0001:000730F7 17783 0001:00073100 17784 0001:00073111
 17786 0001:00073113 17787 0001:0007312C 17788 0001:0007314B 17790 0001:00073153
 17791 0001:0007315E 17792 0001:0007316A 17793 0001:00073178 17794 0001:0007318D
 17795 0001:0007319B 17796 0001:000731A4 17799 0001:000731DB 17801 0001:000731FC
 17804 0001:0007320A 17806 0001:0007324E 17810 0001:0007326B 17813 0001:00073288
 17814 0001:00073293 17817 0001:000732A7 17818 0001:000732D1 17823 0001:000732D8
 17824 0001:000732DB 17828 0001:000732F6 17829 0001:000732FD 17830 0001:0007330B
 17833 0001:00073328 17835 0001:0007332F 17836 0001:00073340 17837 0001:00073349
 17838 0001:00073355 17840 0001:0007336C 17842 0001:0007337B 17846 0001:00073380
 17848 0001:00073392 17849 0001:0007339C 17850 0001:000733AA 17852 0001:000733BC
 17853 0001:000733CC 17854 0001:000733D6 17855 0001:000733DD 17862 0001:000733E0
 17863 0001:000733E6 17865 0001:000733EF 17867 0001:000733F7 17868 0001:00073400
 17869 0001:0007340A 17871 0001:00073411 17875 0001:00073419 17876 0001:00073422
 17879 0001:00073428 17880 0001:0007342E 17882 0001:00073437 17884 0001:0007343C
 17885 0001:00073445 17886 0001:00073452 17888 0001:00073459 17892 0001:00073461
 17893 0001:0007346A 17897 0001:00073470 17898 0001:00073475 17902 0001:00073478
 17903 0001:0007347D 17912 0001:00073480 17913 0001:000734A4 17916 0001:000734E0
 17917 0001:000734F7 17918 0001:000734FE 17922 0001:0007350D 17923 0001:00073524
 17927 0001:00073533 17928 0001:0007354A 17932 0001:00073559 17933 0001:00073570
 17937 0001:0007357F 17938 0001:00073596 17942 0001:000735A5 17943 0001:000735BC
 17947 0001:000735CB 17948 0001:000735E2 17949 0001:000735FF 17953 0001:00073606
 17954 0001:0007361D 17958 0001:00073629 17959 0001:00073640 17963 0001:0007364C
 17964 0001:00073663 17967 0001:0007369C 18070 0001:000736B0 18071 0001:000736CB
 18072 0001:000736D9 18073 0001:000736E2 18075 0001:000736EC 18076 0001:00073700
 18073 0001:00073703 18077 0001:00073723 18090 0001:0007372C 18091 0001:00073746
 18094 0001:00073753 18096 0001:00073761 18097 0001:00073768 18099 0001:0007377F
 18103 0001:0007379A 18104 0001:000737A8 18105 0001:000737AF 18107 0001:000737C6
 18112 0001:000737E1 18113 0001:000737EF 18114 0001:000737F6 18115 0001:000737FD
 18117 0001:00073809 18118 0001:00073810 18120 0001:00073821 18121 0001:0007383A
 18122 0001:00073843 18124 0001:0007384B 18127 0001:0007385C 18128 0001:00073869
 18130 0001:0007388C 18132 0001:000738A2 18133 0001:000738B3 18134 0001:000738C6
 18135 0001:000738D9 18136 0001:000738EA 18137 0001:000738F4 18138 0001:000738FE
 18139 0001:00073908 18140 0001:00073912 18141 0001:00073921 18142 0001:00073928
 18144 0001:0007394A 18146 0001:00073958 18147 0001:00073961 18148 0001:00073969
 18150 0001:00073971 18151 0001:00073982 18152 0001:00073993 18153 0001:000739A4
 18154 0001:000739A9 18155 0001:000739BA 18156 0001:000739CB 18157 0001:000739DC
 18159 0001:000739F0 18161 0001:00073A21 18169 0001:00073A94 18170 0001:00073ABB
 18173 0001:00073AC8 18174 0001:00073ACA 18175 0001:00073AD8 18177 0001:00073AE0
 18178 0001:00073AED 18179 0001:00073B01 18180 0001:00073B10 18183 0001:00073B1F
 18185 0001:00073B23 18186 0001:00073B25 18188 0001:00073B29 18189 0001:00073B36
 18192 0001:00073B43 18193 0001:00073B4A 18194 0001:00073B70 18195 0001:00073B79
 18196 0001:00073B82 18198 0001:00073B8F 18175 0001:00073B93 18200 0001:00073B9C
 18201 0001:00073BA5 18203 0001:00073BAE 18204 0001:00073BBD 18206 0001:00073BCA
 18207 0001:00073BD8 18209 0001:00073BEE 18211 0001:00073BFD 18219 0001:00073C24
 18220 0001:00073C46 18222 0001:00073C53 18224 0001:00073C6F 18228 0001:00073C7D
 18230 0001:00073C84 18233 0001:00073CA3 18237 0001:00073D20 18239 0001:00073D2E
 18241 0001:00073D65 18244 0001:00073D84 18249 0001:00073D95 18250 0001:00073D9F
 18253 0001:00073DA6 18254 0001:00073DB4 18255 0001:00073DBB 18256 0001:00073DC5
 18257 0001:00073DCC 18258 0001:00073DD6 18259 0001:00073DDD 18260 0001:00073DE7
 18261 0001:00073DEE 18262 0001:00073DF8 18263 0001:00073E02 18264 0001:00073E0C
 18265 0001:00073E16 18266 0001:00073E20 18267 0001:00073E27 18268 0001:00073E31
 18269 0001:00073E38 18270 0001:00073E42 18271 0001:00073E49 18272 0001:00073E53
 18273 0001:00073E5A 18274 0001:00073E64 18275 0001:00073E6B 18276 0001:00073E75
 18277 0001:00073E7C 18278 0001:00073E86 18279 0001:00073E8D 18280 0001:00073E97
 18281 0001:00073E9E 18282 0001:00073EA8 18283 0001:00073EAF 18284 0001:00073EBA
 18285 0001:00073EC9 18288 0001:00073ECE 18289 0001:00073ED7 18292 0001:00073EE0
 18293 0001:00073EEA 18294 0001:00073EF4 18295 0001:00073EFE 18296 0001:00073F08
 18297 0001:00073F12 18298 0001:00073F1C 18299 0001:00073F26 18300 0001:00073F30
 18301 0001:00073F3A 18302 0001:00073F44 18303 0001:00073F4E 18304 0001:00073F58
 18305 0001:00073F62 18306 0001:00073F6C 18307 0001:00073F76 18308 0001:00073F80
 18309 0001:00073F8A 18310 0001:00073F94 18311 0001:00073F9E 18312 0001:00073FA8
 18313 0001:00073FB2 18314 0001:00073FBC 18315 0001:00073FC6 18316 0001:00073FD0
 18317 0001:00073FDA 18318 0001:00073FE4 18319 0001:00073FEE 18320 0001:00073FF8
 18321 0001:00074002 18322 0001:0007400C 18324 0001:00074011 18327 0001:0007402A
 18332 0001:00074045 18334 0001:00074053 18335 0001:0007405A 18337 0001:00074071
 18341 0001:0007408C 18342 0001:0007409A 18343 0001:000740A1 18345 0001:000740B8
 18350 0001:000740F5 18354 0001:000741AC 18355 0001:000741C3 18359 0001:000741C4
 18360 0001:000741DB 18367 0001:000741DC 18368 0001:000741E6 18371 0001:000741E8
 18373 0001:000741FB 18374 0001:00074206 18375 0001:00074211 18378 0001:0007421C
 18379 0001:00074227 18382 0001:00074232 18383 0001:0007424E 18384 0001:00074276
 18403 0001:0007427C 18404 0001:00074299 18406 0001:000742B3 18407 0001:000742BA
 18408 0001:000742BC 18409 0001:000742D0 18410 0001:000742D7 18412 0001:000742DB
 18414 0001:000742F1 18416 0001:000742F8 18418 0001:00074306 18420 0001:0007430A
 18421 0001:00074339 18424 0001:0007433E 18425 0001:00074362 18426 0001:0007436E
 18427 0001:0007437E 18430 0001:00074382 18431 0001:000743AF 18444 0001:000743B8
 18445 0001:000743BC 18446 0001:000743C2 18450 0001:000743C8 18451 0001:000743CF
 18452 0001:000743D4 18457 0001:000743D8 18458 0001:000743DF 18460 0001:000743FC
 18462 0001:00074401 18464 0001:00074406 18465 0001:00074407 18466 0001:0007440A
 18468 0001:0007440D 18469 0001:0007441D 18474 0001:00074424 18475 0001:0007442B
 18480 0001:00074459 18482 0001:0007445E 18483 0001:0007445F 18484 0001:00074462
 18486 0001:00074465 18487 0001:00074475 18492 0001:0007447C 18493 0001:00074482
 18494 0001:00074491 18495 0001:0007449F 18497 0001:000744C4 18499 0001:000744D7
 18504 0001:000744DC 18505 0001:000744E3 18507 0001:00074500 18509 0001:00074505
 18511 0001:0007450A 18512 0001:0007450B 18513 0001:0007450E 18515 0001:00074511
 18516 0001:00074521 18528 0001:00074528 18529 0001:00074534 18532 0001:0007453C
 18533 0001:0007454B 18534 0001:00074559 18535 0001:00074563 18536 0001:00074569
 18538 0001:00074572 18540 0001:0007457D 18541 0001:00074587 18542 0001:0007458D
 18544 0001:00074596 18546 0001:000745A1 18547 0001:000745AB 18548 0001:000745B1
 18550 0001:000745BA 18552 0001:000745C5 18555 0001:000745D2 18559 0001:000745DE
 18561 0001:000745F3 18562 0001:000745FD 18552 0001:000745FE 18564 0001:00074601
 18567 0001:0007460E 18568 0001:0007462B 18569 0001:0007463F 18564 0001:00074640
 18571 0001:00074650 18573 0001:00074660 18584 0001:00074668 18586 0001:0007466B
 18587 0001:00074671 18590 0001:00074678 18592 0001:0007468B 18593 0001:000746A1
 18594 0001:000746AE 18595 0001:000746C9 18599 0001:000746DE 18600 0001:000746EB
 18604 0001:000746F0 18605 0001:000746F7 18606 0001:000746FD 18608 0001:00074700
 18609 0001:0007470F 18611 0001:00074716 18613 0001:0007471B 18623 0001:00074727
 18625 0001:00074728 18617 0001:00074732 18630 0001:00074742 18633 0001:0007474E
 18634 0001:0007475B 18636 0001:00074776 18637 0001:00074788 18640 0001:00074795
 18642 0001:0007479A 18652 0001:000747A7 18654 0001:000747A8 18646 0001:000747B3
 18659 0001:000747C3 18662 0001:000747CF 18663 0001:000747DD 18665 0001:000747F9
 18667 0001:00074807 18677 0001:00074810 18678 0001:0007482B 18679 0001:00074838
 18680 0001:00074854 18681 0001:0007487F 18682 0001:000748A8 18684 0001:000748F8
 18694 0001:00074916 18718 0001:00074931 18734 0001:0007494C 18745 0001:00074959
 18748 0001:0007496A 18755 0001:0007497B 18759 0001:00074996 18765 0001:000749B1
 18768 0001:000749B6 18772 0001:000749D6 18781 0001:000749F6 18782 0001:000749F7
 18784 0001:00074A04 18789 0001:00074A24 18802 0001:00074A3F 18807 0001:00074A5A
 18808 0001:00074A63 18813 0001:00074A7E 18815 0001:00074A8C 18818 0001:00074AC9
 18822 0001:00074D90 18823 0001:00074DAA 18826 0001:00074DAC 18827 0001:00074DAF
 18828 0001:00074DC0 18831 0001:00074DC4 18835 0001:00074DC7 18837 0001:00074DCE
 18866 0001:00074DD0 18867 0001:00074DD3 18869 0001:00074DDA 18870 0001:00074DE1
 18875 0001:00074DE4 18876 0001:00074DE9 18878 0001:00074E04 18879 0001:00074E0E
 18880 0001:00074E1C 18881 0001:00074E21 18883 0001:00074E31 18886 0001:00074E5F
 18887 0001:00074E75 18889 0001:00074E7C 18881 0001:00074E7D 18891 0001:00074E8D
 18893 0001:00074E9F 18908 0001:00074EA4 18909 0001:00074EAB 18910 0001:00074EBE
 18911 0001:00074ECC 18913 0001:00074EE3 18915 0001:00074EF3 18917 0001:00074EF8
 18918 0001:00074F15 18919 0001:00074F19 18921 0001:00074F36 18922 0001:00074F45
 18923 0001:00074F53 18924 0001:00074F6B 18926 0001:00074F7F 18927 0001:00074F92
 18928 0001:00074F98 18929 0001:00074FA0 18930 0001:00074FB4 18932 0001:00074FC7
 18934 0001:00074FFC 18938 0001:00075004 18939 0001:00075018 18941 0001:0007501C
 18942 0001:00075028 18944 0001:0007502C 18945 0001:0007504B 18946 0001:00075069
 18948 0001:00075073 18950 0001:0007507E 18953 0001:000750A8 18966 0001:000750D7
 18968 0001:000750DE 18970 0001:000750E5 18971 0001:000750EC 18972 0001:000750F8
 18973 0001:000750FF 18975 0001:00075114 18979 0001:0007511B 18980 0001:00075122
 18981 0001:00075129 18982 0001:00075130 18983 0001:00075137 18984 0001:0007513E
 18985 0001:00075145 18986 0001:0007514C 18987 0001:00075153 18988 0001:0007516A
 18989 0001:00075181 18990 0001:00075188 18991 0001:00075192 18992 0001:00075199
 18993 0001:000751A8 18994 0001:000751AF 18995 0001:000751C0 18996 0001:000751CA
 18998 0001:000751D1 18999 0001:000751DB 19000 0001:000751E5 19002 0001:000751EF
 19004 0001:000751F4 19007 0001:000751FD 19010 0001:00075202 19012 0001:00075210
 19013 0001:00075217 19017 0001:0007521C 19018 0001:0007522D 19020 0001:0007523E
 19021 0001:00075257 19022 0001:00075260 19024 0001:00075268 19062 0001:0007527B
 19064 0001:00075280 19065 0001:00075291 19066 0001:000752A2 19067 0001:000752B3
 19068 0001:000752C4 19074 0001:000752D5 19075 0001:000752DC 19076 0001:000752E8
 19077 0001:000752EF 19078 0001:000752F6 19079 0001:00075300 19080 0001:00075307
 19081 0001:0007530E 19084 0001:00075330 19085 0001:00075343 19087 0001:00075351
 19088 0001:0007535A 19089 0001:00075362 19092 0001:0007536A 19093 0001:0007536F
 19094 0001:00075379 19095 0001:00075383 19097 0001:00075394 19098 0001:000753A5
 19099 0001:000753AA 19100 0001:000753B1 19101 0001:000753BB 19102 0001:000753C2
 19103 0001:000753C9 19104 0001:000753D0 19105 0001:000753D7 19106 0001:000753DE
 19108 0001:000753E5 19109 0001:000753EC 19110 0001:000753F3 19112 0001:000753FA
 19114 0001:00075401 19117 0001:00075409 19119 0001:00075413 19121 0001:0007542D
 19122 0001:00075439 19123 0001:00075444 19124 0001:00075450 19126 0001:0007545B
 19129 0001:00075460 19135 0001:000754AD 19141 0001:000754FA 19147 0001:00075547
 19148 0001:0007555C 19150 0001:00075565 19164 0001:0007557E 19170 0001:000755CB
 19176 0001:00075618 19182 0001:00075665 19183 0001:0007566E 19185 0001:00075673
 19186 0001:0007567C 19188 0001:00075681 19190 0001:0007568F 19191 0001:00075694
 19195 0001:000756BE 19197 0001:000756CB 19200 0001:000756DF 19201 0001:000756E8
 19203 0001:00075710 19207 0001:0007574C 19211 0001:00075753 19213 0001:0007575C
 19214 0001:00075761 19218 0001:00075790 19225 0001:00075864 19226 0001:0007587D
 19227 0001:0007588B 19229 0001:0007589E 19230 0001:000758A8 19232 0001:000758B2
 19233 0001:000758C5 19235 0001:000758CC 19236 0001:000758D6 19237 0001:000758DD
 19238 0001:000758E7 19239 0001:000758EE 19240 0001:000758F8 19241 0001:000758FF
 19242 0001:00075909 19243 0001:00075910 19244 0001:0007591A 19246 0001:00075921
 19247 0001:00075926 19249 0001:00075931 19251 0001:00075943 19252 0001:00075950
 19254 0001:0007595D 19256 0001:00075966 19257 0001:00075979 19262 0001:00075980
 19263 0001:00075989 19265 0001:00075998 19266 0001:000759A2 19267 0001:000759A9
 19268 0001:000759B3 19269 0001:000759BA 19270 0001:000759C4 19272 0001:000759CB
 19273 0001:000759D5 19274 0001:000759DF 19275 0001:000759E9 19276 0001:000759F3
 19279 0001:000759FA 19281 0001:00075A03 19282 0001:00075A10 19283 0001:00075A1F
 19286 0001:00075A35 19287 0001:00075A3F 19288 0001:00075A46 19289 0001:00075A50
 19290 0001:00075A57 19291 0001:00075A61 19293 0001:00075A68 19294 0001:00075A78
 19295 0001:00075A89 19296 0001:00075A99 19298 0001:00075AAA 19299 0001:00075AB9
 19306 0001:00075AC0 19308 0001:00075AC9 19309 0001:00075AD4 19310 0001:00075ADE
 19311 0001:00075AE8 19319 0001:00075AEF 19320 0001:00075AF4 19322 0001:00075B08
 19323 0001:00075B12 19324 0001:00075B19 19326 0001:00075B48 19373 0001:00075B4C
 19375 0001:00075B5F 19376 0001:00075B64 19377 0001:00075B6B 19379 0001:00075B6F
 19380 0001:00075B7C 19382 0001:00075BA7 19391 0001:00075BF4 19402 0001:00075C08
 19403 0001:00075C34 19405 0001:00075DA4 19395 0001:00075DC4 19396 0001:00075DE8
 19397 0001:00075DF7 19398 0001:00075DFC 19399 0001:00075E0B 19401 0001:00075E25

Line numbers for BackgroundWorker(BackgroundWorker.pas) segment .text

   126 0001:000B0AC8   127 0001:000B0ADD   128 0001:000B0AE0   129 0001:000B0AEB
   130 0001:000B0B0F   133 0001:000B0B14   134 0001:000B0B1E   135 0001:000B0B2C
   136 0001:000B0B3A   138 0001:000B0B54   139 0001:000B0B5F   142 0001:000B0B82
   144 0001:000B0BA6   149 0001:000B0BAC   150 0001:000B0BC1   151 0001:000B0BCA
   152 0001:000B0BE5   155 0001:000B0BEC   156 0001:000B0BFD   158 0001:000B0C08
   159 0001:000B0C16   160 0001:000B0C1F   162 0001:000B0C45   163 0001:000B0C5C
   167 0001:000B0CA4   168 0001:000B0CAB   172 0001:000B0CAC   173 0001:000B0CB3
   175 0001:000B0CB7   176 0001:000B0CB9   181 0001:000B0CBC   182 0001:000B0CC9
   184 0001:000B0CFA   186 0001:000B0D0D   187 0001:000B0D1B   189 0001:000B0D36
   192 0001:000B0D4A   194 0001:000B0D5A   195 0001:000B0D68   197 0001:000B0D80
   200 0001:000B0D94   201 0001:000B0DA2   202 0001:000B0DA8   203 0001:000B0DB8
   205 0001:000B0DCD   209 0001:000B0DE1   210 0001:000B0DEB   215 0001:000B0DFC
   216 0001:000B0E14   217 0001:000B0E19   220 0001:000B0E21   223 0001:000B0E28
   224 0001:000B0E34   226 0001:000B0E40   227 0001:000B0E47   228 0001:000B0E4E
   229 0001:000B0E5C   230 0001:000B0E70   231 0001:000B0E87   233 0001:000B0E9D
   234 0001:000B0EA7   238 0001:000B0EB3   239 0001:000B0EDC   242 0001:000B0F20
   243 0001:000B0F29   245 0001:000B0F30   246 0001:000B0F36   248 0001:000B0F3B
   250 0001:000B0F42   251 0001:000B0F48   253 0001:000B0F4D   255 0001:000B0F54
   256 0001:000B0F5A   258 0001:000B0F5F   260 0001:000B0F66   261 0001:000B0F6B
   263 0001:000B0F70   265 0001:000B0F77   266 0001:000B0F7C   267 0001:000B0F80
   269 0001:000B0F85   272 0001:000B0F8C   273 0001:000B0F90   274 0001:000B0F97
   275 0001:000B0FA1   278 0001:000B0FA4   279 0001:000B0FA8   280 0001:000B0FAF
   281 0001:000B0FBB   284 0001:000B0FC0   285 0001:000B0FC4   286 0001:000B0FCB
   287 0001:000B0FD7   290 0001:000B0FDC   291 0001:000B0FE0   292 0001:000B0FE7
   293 0001:000B0FF4   296 0001:000B0FF8   297 0001:000B1005   298 0001:000B1017
   300 0001:000B102A   301 0001:000B105C   319 0001:000B10C0   320 0001:000B10CF
   321 0001:000B10E2   323 0001:000B10F4   324 0001:000B1126   360 0001:000B118C
   361 0001:000B1196   363 0001:000B11A8   364 0001:000B11AC   367 0001:000B11B2
   368 0001:000B11E4   371 0001:000B124C   372 0001:000B1252   373 0001:000B125D
   374 0001:000B1261   379 0001:000B1264   381 0001:000B126F   383 0001:000B1286
   384 0001:000B128F   380 0001:000B1298   386 0001:000B12A3   388 0001:000B12D8
   388 0001:000B12DF

Line numbers for Main(Main.pas) segment .text

    54 0001:000B1688    55 0001:000B168E    56 0001:000B16B2    57 0001:000B16BB
    60 0001:000B16C0    61 0001:000B16C9    62 0001:000B16D6    63 0001:000B16E6
    64 0001:000B16F3    65 0001:000B1700    66 0001:000B170A    69 0001:000B1710
    70 0001:000B1726    71 0001:000B1733    72 0001:000B1740    73 0001:000B175C
    74 0001:000B1767    75 0001:000B178D    78 0001:000B1794    79 0001:000B1797
    80 0001:000B17A2    83 0001:000B17A4    84 0001:000B17AB    85 0001:000B17CC
    86 0001:000B17EC    87 0001:000B17FA    91 0001:000B1800    92 0001:000B1803
    93 0001:000B1810    97 0001:000B1814    98 0001:000B182A    99 0001:000B1843
   100 0001:000B186E   108 0001:000B1874   109 0001:000B1897   110 0001:000B189F
   111 0001:000B18B0   112 0001:000B18E0   114 0001:000B1910   117 0001:000B194A
   118 0001:000B195A   119 0001:000B198D   125 0001:000B1A4C   126 0001:000B1A5B
   128 0001:000B1A66   131 0001:000B1A82   134 0001:000B1A8B   135 0001:000B1A93
   137 0001:000B1A95   138 0001:000B1A97   139 0001:000B1AA5   141 0001:000B1AAE
   142 0001:000B1AB0   143 0001:000B1AB2   138 0001:000B1AB3   144 0001:000B1AB6
   146 0001:000B1ABA   148 0001:000B1AC3   149 0001:000B1AD6   152 0001:000B1ADD
   153 0001:000B1AF9   128 0001:000B1AFA   154 0001:000B1AFF   157 0001:000B1B08
   159 0001:000B1B0E   162 0001:000B1B1D   164 0001:000B1B28   166 0001:000B1B33
   168 0001:000B1B68   168 0001:000B1B6F

Line numbers for BWDemo1(G:\_delphi_component\backgroundworker\Demo\Primes\BWDemo1.dpr) segment .text

    10 0001:000B1E20    11 0001:000B1E30    12 0001:000B1E3C    13 0001:000B1E4D
    14 0001:000B1E65    15 0001:000B1E71

Bound resource files

C:\Program Files (x86)\EurekaLab\EurekaLog 6\Delphi7\DIALOG.RES
c:\program files (x86)\borland\delphi7\Lib\Buttons.res
c:\program files (x86)\borland\delphi7\Lib\ExtDlgs.res
c:\program files (x86)\borland\delphi7\Lib\Controls.res
Main.dfm
BWDemo1.res
BWDemo1.drf


Program entry point at 0001:000B1E20
